E:\VIIT Projects\AEL\8th Presentation\AEL Code\AEL_Company_File\AEL_Company_File\LPC code\display key adc code code\final ADC vrms and dispaly\new\lpcxpresso804_lpc_adc_interrupt\drivers/fsl_clock.h:390:20:CLOCK_Select	16	static
E:\VIIT Projects\AEL\8th Presentation\AEL Code\AEL_Company_File\AEL_Company_File\LPC code\display key adc code code\final ADC vrms and dispaly\new\lpcxpresso804_lpc_adc_interrupt\drivers/fsl_clock.h:422:20:CLOCK_SetCoreSysClkDiv	16	static
E:\VIIT Projects\AEL\8th Presentation\AEL Code\AEL_Company_File\AEL_Company_File\LPC code\display key adc code code\final ADC vrms and dispaly\new\lpcxpresso804_lpc_adc_interrupt\drivers/fsl_power.h:152:20:POWER_DisablePD	16	static
../board/clock_config.c:46:6:BOARD_InitBootClocks	8	static
../board/clock_config.c:73:6:BOARD_BootClockFRO18M	8	static
../board/clock_config.c:113:6:BOARD_BootClockFRO24M	8	static
../board/clock_config.c:152:6:BOARD_BootClockFRO30M	8	static
