Archive member included to satisfy reference by file (symbol)

c:/nxp/mcuxpressoide_11.8.0_1165/ide/plugins/com.nxp.mcuxpresso.tools.win32_11.8.0.202306131047/tools/bin/../lib/gcc/arm-none-eabi/12.2.1/../../../../arm-none-eabi/lib/thumb/v6-m/nofp\libcr_nohost_nf.a(_cr__main.o)
                              ./startup/startup_lpc804.o (__main)
c:/nxp/mcuxpressoide_11.8.0_1165/ide/plugins/com.nxp.mcuxpresso.tools.win32_11.8.0.202306131047/tools/bin/../lib/gcc/arm-none-eabi/12.2.1/../../../../arm-none-eabi/lib/thumb/v6-m/nofp\libcr_c.a(memcpy.o)
                              ./utilities/fsl_debug_console.o (memcpy)
c:/nxp/mcuxpressoide_11.8.0_1165/ide/plugins/com.nxp.mcuxpresso.tools.win32_11.8.0.202306131047/tools/bin/../lib/gcc/arm-none-eabi/12.2.1/../../../../arm-none-eabi/lib/thumb/v6-m/nofp\libcr_c.a(memset.o)
                              ./drivers/fsl_ctimer.o (memset)
c:/nxp/mcuxpressoide_11.8.0_1165/ide/plugins/com.nxp.mcuxpresso.tools.win32_11.8.0.202306131047/tools/bin/../lib/gcc/arm-none-eabi/12.2.1/../../../../arm-none-eabi/lib/thumb/v6-m/nofp\libcr_c.a(alloc.o)
                              ./drivers/fsl_common.o (malloc)
c:/nxp/mcuxpressoide_11.8.0_1165/ide/plugins/com.nxp.mcuxpresso.tools.win32_11.8.0.202306131047/tools/bin/../lib/gcc/arm-none-eabi/12.2.1/../../../../arm-none-eabi/lib/thumb/v6-m/nofp\libcr_c.a(errno.o)
                              ./utilities/fsl_str.o (errno)
c:/nxp/mcuxpressoide_11.8.0_1165/ide/plugins/com.nxp.mcuxpresso.tools.win32_11.8.0.202306131047/tools/bin/../lib/gcc/arm-none-eabi/12.2.1/../../../../arm-none-eabi/lib/thumb/v6-m/nofp\libcr_c.a(initio.o)
                              c:/nxp/mcuxpressoide_11.8.0_1165/ide/plugins/com.nxp.mcuxpresso.tools.win32_11.8.0.202306131047/tools/bin/../lib/gcc/arm-none-eabi/12.2.1/../../../../arm-none-eabi/lib/thumb/v6-m/nofp\libcr_nohost_nf.a(_cr__main.o) (_initio)
c:/nxp/mcuxpressoide_11.8.0_1165/ide/plugins/com.nxp.mcuxpresso.tools.win32_11.8.0.202306131047/tools/bin/../lib/gcc/arm-none-eabi/12.2.1/../../../../arm-none-eabi/lib/thumb/v6-m/nofp\libcr_c.a(scanf.o)
                              ./utilities/fsl_str.o (strtoul)
c:/nxp/mcuxpressoide_11.8.0_1165/ide/plugins/com.nxp.mcuxpresso.tools.win32_11.8.0.202306131047/tools/bin/../lib/gcc/arm-none-eabi/12.2.1/../../../../arm-none-eabi/lib/thumb/v6-m/nofp\libcr_c.a(setvbuf.o)
                              c:/nxp/mcuxpressoide_11.8.0_1165/ide/plugins/com.nxp.mcuxpresso.tools.win32_11.8.0.202306131047/tools/bin/../lib/gcc/arm-none-eabi/12.2.1/../../../../arm-none-eabi/lib/thumb/v6-m/nofp\libcr_c.a(initio.o) (setvbuf)
c:/nxp/mcuxpressoide_11.8.0_1165/ide/plugins/com.nxp.mcuxpresso.tools.win32_11.8.0.202306131047/tools/bin/../lib/gcc/arm-none-eabi/12.2.1/../../../../arm-none-eabi/lib/thumb/v6-m/nofp\libcr_c.a(strlen.o)
                              ./utilities/fsl_debug_console.o (strlen)
c:/nxp/mcuxpressoide_11.8.0_1165/ide/plugins/com.nxp.mcuxpresso.tools.win32_11.8.0.202306131047/tools/bin/../lib/gcc/arm-none-eabi/12.2.1/../../../../arm-none-eabi/lib/thumb/v6-m/nofp\libcr_c.a(ungetc.o)
                              c:/nxp/mcuxpressoide_11.8.0_1165/ide/plugins/com.nxp.mcuxpresso.tools.win32_11.8.0.202306131047/tools/bin/../lib/gcc/arm-none-eabi/12.2.1/../../../../arm-none-eabi/lib/thumb/v6-m/nofp\libcr_c.a(scanf.o) (ungetc)
c:/nxp/mcuxpressoide_11.8.0_1165/ide/plugins/com.nxp.mcuxpresso.tools.win32_11.8.0.202306131047/tools/bin/../lib/gcc/arm-none-eabi/12.2.1/../../../../arm-none-eabi/lib/thumb/v6-m/nofp\libcr_c.a(__fillbuf.o)
                              c:/nxp/mcuxpressoide_11.8.0_1165/ide/plugins/com.nxp.mcuxpresso.tools.win32_11.8.0.202306131047/tools/bin/../lib/gcc/arm-none-eabi/12.2.1/../../../../arm-none-eabi/lib/thumb/v6-m/nofp\libcr_c.a(scanf.o) (__filbuf)
c:/nxp/mcuxpressoide_11.8.0_1165/ide/plugins/com.nxp.mcuxpresso.tools.win32_11.8.0.202306131047/tools/bin/../lib/gcc/arm-none-eabi/12.2.1/../../../../arm-none-eabi/lib/thumb/v6-m/nofp\libcr_c.a(__init_alloc.o)
                              c:/nxp/mcuxpressoide_11.8.0_1165/ide/plugins/com.nxp.mcuxpresso.tools.win32_11.8.0.202306131047/tools/bin/../lib/gcc/arm-none-eabi/12.2.1/../../../../arm-none-eabi/lib/thumb/v6-m/nofp\libcr_c.a(alloc.o) (__heaps)
c:/nxp/mcuxpressoide_11.8.0_1165/ide/plugins/com.nxp.mcuxpresso.tools.win32_11.8.0.202306131047/tools/bin/../lib/gcc/arm-none-eabi/12.2.1/../../../../arm-none-eabi/lib/thumb/v6-m/nofp\libcr_c.a(_cr_sbrk.o)
                              c:/nxp/mcuxpressoide_11.8.0_1165/ide/plugins/com.nxp.mcuxpresso.tools.win32_11.8.0.202306131047/tools/bin/../lib/gcc/arm-none-eabi/12.2.1/../../../../arm-none-eabi/lib/thumb/v6-m/nofp\libcr_c.a(alloc.o) (_sbrk)
c:/nxp/mcuxpressoide_11.8.0_1165/ide/plugins/com.nxp.mcuxpresso.tools.win32_11.8.0.202306131047/tools/bin/../lib/gcc/arm-none-eabi/12.2.1/../../../../arm-none-eabi/lib/thumb/v6-m/nofp\libcr_c.a(_deferredlazyseek.o)
[...]
Memory Configuration

Name             Origin             Length             Attributes
PROGRAM_FLASH    0x00000000         0x00007f80         xr
BOOT_FLASH       0x00007f80         0x00000080         xr
SRAM             0x10000000         0x00000fe0         xrw
IAP_SRAM         0x10000fe0         0x00000020         xrw
*default*        0x00000000         0xffffffff

Linker script and memory map

LOAD ./utilities/fsl_assert.o
LOAD ./utilities/fsl_debug_console.o
LOAD ./utilities/fsl_str.o
LOAD ./startup/startup_lpc804.o
LOAD ./source/semihost_hardfault.o
LOAD ./source/simple_match_interrupt.o
LOAD ./source/test.o
LOAD ./drivers/fsl_clock.o
LOAD ./drivers/fsl_common.o
LOAD ./drivers/fsl_common_arm.o
LOAD ./drivers/fsl_ctimer.o
LOAD ./drivers/fsl_gpio.o
LOAD ./drivers/fsl_power.o
LOAD ./drivers/fsl_reset.o
LOAD ./drivers/fsl_swm.o
LOAD ./drivers/fsl_syscon.o
LOAD ./drivers/fsl_usart.o
LOAD ./device/system_LPC804.o
LOAD ./component/uart/fsl_adapter_miniusart.o
LOAD ./board/board.o
LOAD ./board/clock_config.o
LOAD ./board/pin_mux.o
START GROUP
LOAD c:/nxp/mcuxpressoide_11.8.0_1165/ide/plugins/com.nxp.mcuxpresso.tools.win32_11.8.0.202306131047/tools/bin/../lib/gcc/arm-none-eabi/12.2.1/../../../../arm-none-eabi/lib/thumb/v6-m/nofp\libcr_nohost_nf.a
LOAD c:/nxp/mcuxpressoide_11.8.0_1165/ide/plugins/com.nxp.mcuxpresso.tools.win32_11.8.0.202306131047/tools/bin/../lib/gcc/arm-none-eabi/12.2.1/../../../../arm-none-eabi/lib/thumb/v6-m/nofp\libcr_c.a
LOAD c:/nxp/mcuxpressoide_11.8.0_1165/ide/plugins/com.nxp.mcuxpresso.tools.win32_11.8.0.202306131047/tools/bin/../lib/gcc/arm-none-eabi/12.2.1/thumb/v6-m/nofp\libcr_eabihelpers.a
LOAD c:/nxp/mcuxpressoide_11.8.0_1165/ide/plugins/com.nxp.mcuxpresso.tools.win32_11.8.0.202306131047/tools/bin/../lib/gcc/arm-none-eabi/12.2.1/thumb/v6-m/nofp\libgcc.a
END GROUP
                0x00000000                __base_PROGRAM_FLASH = 0x0
                0x00000000                __base_Flash = 0x0
                0x00007f80                __top_PROGRAM_FLASH = 0x7f80
                0x00007f80                __top_Flash = 0x7f80
                0x00007f80                __base_BOOT_FLASH = 0x7f80
                0x00007f80                __base_Flash2 = 0x7f80
                0x00008000                __top_BOOT_FLASH = 0x8000
                0x00008000                __top_Flash2 = 0x8000
                0x10000000                __base_SRAM = 0x10000000
                0x10000000                __base_RAM = 0x10000000
                0x10000fe0                __top_SRAM = 0x10000fe0
                0x10000fe0                __top_RAM = 0x10000fe0
                0x10000fe0                __base_IAP_SRAM = 0x10000fe0
                0x10000fe0                __base_RAM2 = 0x10000fe0
                0x10001000                __top_IAP_SRAM = 0x10001000
                0x10001000                __top_RAM2 = 0x10001000

.text_Flash2    0x00007f80        0x0
 FILL mask 0xff
 *(SORT_BY_ALIGNMENT(.text_Flash2))
 *(SORT_BY_ALIGNMENT(.text_BOOT_FLASH))
 *(SORT_BY_ALIGNMENT(.text.$Flash2))
 *(SORT_BY_ALIGNMENT(.text.$BOOT_FLASH))
 *(SORT_BY_ALIGNMENT(.text_Flash2.*))
 *(SORT_BY_ALIGNMENT(.text_BOOT_FLASH.*))
 *(SORT_BY_ALIGNMENT(.text.$Flash2.*))
 *(SORT_BY_ALIGNMENT(.text.$BOOT_FLASH.*))
 *(SORT_BY_ALIGNMENT(.rodata.$Flash2))
 *(SORT_BY_ALIGNMENT(.rodata.$BOOT_FLASH))
 *(SORT_BY_ALIGNMENT(.rodata.$Flash2.*))
 *(SORT_BY_ALIGNMENT(.rodata.$BOOT_FLASH.*))

.text           0x00000000     0x2c24
 FILL mask 0xff
                0x00000000                __vectors_start__ = ABSOLUTE (.)
 *(SORT_BY_ALIGNMENT(.isr_vector))
 .isr_vector    0x00000000       0xc0 ./startup/startup_lpc804.o
                0x00000000                g_pfnVectors
                0x00000000                __Vectors
                0x000000c0                . = ALIGN (0x4)
                0x000000c0                __section_table_start = .
                0x000000c0                __data_section_table = .
                0x000000c0        0x4 LONG 0x2c24 LOADADDR (.data)
                0x000000c4        0x4 LONG 0x10000000 ADDR (.data)
                0x000000c8        0x4 LONG 0x28 SIZEOF (.data)
                0x000000cc        0x4 LONG 0x2c24 LOADADDR (.data_RAM2)
                0x000000d0        0x4 LONG 0x10000fe0 ADDR (.data_RAM2)
                0x000000d4        0x4 LONG 0x0 SIZEOF (.data_RAM2)
                0x000000d8                __data_section_table_end = .
                0x000000d8                __bss_section_table = .
                0x000000d8        0x4 LONG 0x10000028 ADDR (.bss)
                0x000000dc        0x4 LONG 0x100 SIZEOF (.bss)
                0x000000e0        0x4 LONG 0x10000fe0 ADDR (.bss_RAM2)
                0x000000e4        0x4 LONG 0x0 SIZEOF (.bss_RAM2)
                0x000000e8                __bss_section_table_end = .
                0x000000e8                __section_table_end = .
 *(SORT_BY_ALIGNMENT(.after_vectors*))
 .after_vectors.reset
                0x000000e8       0x54 ./startup/startup_lpc804.o
                0x000000e8                ResetISR
 .after_vectors.init_data
                0x0000013c       0x12 ./startup/startup_lpc804.o
                0x0000013c                data_init
 .after_vectors.init_bss
                0x0000014e       0x10 ./startup/startup_lpc804.o
                0x0000014e                bss_init
 .after_vectors
                0x0000015e      0x10c ./startup/startup_lpc804.o
                0x0000015e                NMI_Handler
                0x00000162                SVC_Handler
                0x00000164                PendSV_Handler
                0x00000166                SysTick_Handler
                0x00000168                Reserved37_DriverIRQHandler
                0x00000168                Reserved21_DriverIRQHandler
                0x00000168                SPI0_DriverIRQHandler
                0x00000168                ADC_SEQA_DriverIRQHandler
                0x00000168                I2C1_DriverIRQHandler
                0x00000168                PIN_INT3_DriverIRQHandler
                0x00000168                PIN_INT2_DriverIRQHandler
                0x00000168                BOD_DriverIRQHandler
                0x00000168                Reserved22_DriverIRQHandler
                0x00000168                Reserved36_DriverIRQHandler
                0x00000168                ADC_SEQB_DriverIRQHandler
                0x00000168                PIN_INT0_DriverIRQHandler
                0x00000168                Reserved17_DriverIRQHandler
                0x00000168                Reserved25_DriverIRQHandler
                0x00000168                IntDefaultHandler
                0x00000168                PIN_INT1_DriverIRQHandler
                0x00000168                WDT_DriverIRQHandler
                0x00000168                WKT_DriverIRQHandler
                0x00000168                DAC0_DriverIRQHandler
                0x00000168                MRT0_DriverIRQHandler
                0x00000168                PIN_INT4_DriverIRQHandler
                0x00000168                PIN_INT5_DriverIRQHandler
                0x00000168                PIN_INT6_DriverIRQHandler
                0x00000168                CMP_CAPT_DriverIRQHandler
                0x00000168                FLASH_DriverIRQHandler
                0x00000168                PIN_INT7_DriverIRQHandler
                0x00000168                ADC_THCMP_DriverIRQHandler
                0x00000168                Reserved38_DriverIRQHandler
                0x00000168                ADC_OVR_DriverIRQHandler
                0x00000168                I2C0_DriverIRQHandler
                0x0000016a                SPI0_IRQHandler
                0x00000172                Reserved17_IRQHandler
                0x0000017a                DAC0_IRQHandler
                0x00000182                USART0_IRQHandler
                0x0000018a                USART1_IRQHandler
                0x00000192                Reserved21_IRQHandler
                0x0000019a                Reserved22_IRQHandler
                0x000001a2                I2C1_IRQHandler
                0x000001aa                I2C0_IRQHandler
                0x000001b2                Reserved25_IRQHandler
                0x000001ba                MRT0_IRQHandler
                0x000001c2                CMP_CAPT_IRQHandler
                0x000001ca                WDT_IRQHandler
                0x000001d2                BOD_IRQHandler
                0x000001da                FLASH_IRQHandler
                0x000001e2                WKT_IRQHandler
                0x000001ea                ADC_SEQA_IRQHandler
                0x000001f2                ADC_SEQB_IRQHandler
                0x000001fa                ADC_THCMP_IRQHandler
                0x00000202                ADC_OVR_IRQHandler
                0x0000020a                Reserved36_IRQHandler
                0x00000212                Reserved37_IRQHandler
                0x0000021a                Reserved38_IRQHandler
                0x00000222                CTIMER0_IRQHandler
                0x0000022a                PIN_INT0_IRQHandler
                0x00000232                PIN_INT1_IRQHandler
                0x0000023a                PIN_INT2_IRQHandler
                0x00000242                PIN_INT3_IRQHandler
                0x0000024a                PIN_INT4_IRQHandler
                0x00000252                PIN_INT5_IRQHandler
                0x0000025a                PIN_INT6_IRQHandler
                0x00000262                PIN_INT7_IRQHandler
                0x000002fc                . = 0x2fc
 *fill*         0x0000026a       0x92 ff
                0x000002fc                PROVIDE (__CRP_WORD_START__ = .)
 *(SORT_BY_ALIGNMENT(.crp))
 .crp           0x000002fc        0x4 ./startup/startup_lpc804.o
                0x000002fc                CRP_WORD
                0x00000300                PROVIDE (__CRP_WORD_END__ = .)
                0x00000001                ASSERT (! ((__CRP_WORD_START__ == __CRP_WORD_END__)), Linker CRP Enabled, but no CRP_WORD provided within application)
 *(SORT_BY_ALIGNMENT(.text*))
 .text.__assertion_failed
                0x00000300       0x1c ./utilities/fsl_assert.o
                0x00000300                __assertion_failed
 .text.DbgConsole_Init
                0x0000031c       0xa8 ./utilities/fsl_debug_console.o
                0x0000031c                DbgConsole_Init
 .text.DbgConsole_Vprintf
                0x000003c4       0x40 ./utilities/fsl_debug_console.o
                0x000003c4                DbgConsole_Vprintf
 .text.DbgConsole_Putchar
                0x00000404       0x30 ./utilities/fsl_debug_console.o
                0x00000404                DbgConsole_Putchar
 .text.HardFault_Handler
                0x00000434       0x38 ./source/semihost_hardfault.o
                0x00000434                HardFault_Handler
 .text.CLOCK_Select
                0x0000046c       0x38 ./source/test.o
 .text.myFunction
                0x000004a4       0x18 ./source/test.o
                0x000004a4                myFunction
 .text.ctimer_match1_callback
                0x000004bc       0x24 ./source/test.o
                0x000004bc                ctimer_match1_callback
 .text.ctimer_match0_callback
                0x000004e0       0x28 ./source/test.o
                0x000004e0                ctimer_match0_callback
 .text.main     0x00000508       0xe0 ./source/test.o
                0x00000508                main
 .text.CLOCK_GetCoreSysClkFreq
                0x000005e8       0x24 ./drivers/fsl_clock.o
 .text.CLOCK_GetLPOscFreq
                0x0000060c       0x14 ./drivers/fsl_clock.o
 .text.CLOCK_GetExtClkFreq
                0x00000620       0x14 ./drivers/fsl_clock.o
 .text.CLOCK_SetFRGClkFreq
                0x00000634       0xa0 ./drivers/fsl_clock.o
 .text.CLOCK_UpdateClkSrc
                0x000006d4       0x4c ./drivers/fsl_clock.o
 .text.CLOCK_SetFRG0ClkFreq
                0x00000720       0x24 ./drivers/fsl_clock.o
                0x00000720                CLOCK_SetFRG0ClkFreq
 .text.CLOCK_GetFRG0ClkFreq
                0x00000744       0x58 ./drivers/fsl_clock.o
                0x00000744                CLOCK_GetFRG0ClkFreq
 .text.CLOCK_GetMainClkFreq
                0x0000079c       0x68 ./drivers/fsl_clock.o
                0x0000079c                CLOCK_GetMainClkFreq
 .text.CLOCK_GetFroFreq
                0x00000804       0x14 ./drivers/fsl_clock.o
                0x00000804                CLOCK_GetFroFreq
 .text.CLOCK_GetFreq
                0x00000818       0x7c ./drivers/fsl_clock.o
                0x00000818                CLOCK_GetFreq
 .text.CLOCK_SetMainClkSrc
                0x00000894       0x4c ./drivers/fsl_clock.o
                0x00000894                CLOCK_SetMainClkSrc
 .text.CLOCK_SetFroOscFreq
                0x000008e0       0x44 ./drivers/fsl_clock.o
                0x000008e0                CLOCK_SetFroOscFreq
 .text.__NVIC_EnableIRQ
                0x00000924       0x34 ./drivers/fsl_ctimer.o
 .text.CLOCK_EnableClock
                0x00000958       0x54 ./drivers/fsl_ctimer.o
 .text.CTIMER_GetInstance
                0x000009ac       0x50 ./drivers/fsl_ctimer.o
 .text.CTIMER_Init
                0x000009fc       0x68 ./drivers/fsl_ctimer.o
                0x000009fc                CTIMER_Init
 .text.CTIMER_GetDefaultConfig
                0x00000a64       0x40 ./drivers/fsl_ctimer.o
                0x00000a64                CTIMER_GetDefaultConfig
 .text.CTIMER_RegisterCallBack
                0x00000aa4       0x40 ./drivers/fsl_ctimer.o
                0x00000aa4                CTIMER_RegisterCallBack
 .text.CTIMER_GenericIRQHandler
                0x00000ae4       0xb0 ./drivers/fsl_ctimer.o
 .text.RESET_SetPeripheralReset
                0x00000b94       0x70 ./drivers/fsl_reset.o
 .text.RESET_ClearPeripheralReset
                0x00000c04       0x6c ./drivers/fsl_reset.o
 .text.SWM_SetMovablePinSelect
                0x00000c70       0x98 ./drivers/fsl_swm.o
                0x00000c70                SWM_SetMovablePinSelect
 .text.CLOCK_EnableClock
                0x00000d08       0x54 ./drivers/fsl_usart.o
 .text.USART_EnableContinuousSCLK
                0x00000d5c       0x40 ./drivers/fsl_usart.o
 .text.USART_GetInstance
                0x00000d9c       0x4c ./drivers/fsl_usart.o
                0x00000d9c                USART_GetInstance
 .text.USART_Init
                0x00000de8      0x12c ./drivers/fsl_usart.o
                0x00000de8                USART_Init
 .text.USART_GetDefaultConfig
                0x00000f14       0x74 ./drivers/fsl_usart.o
                0x00000f14                USART_GetDefaultConfig
 .text.USART_SetBaudRate
                0x00000f88      0x148 ./drivers/fsl_usart.o
                0x00000f88                USART_SetBaudRate
 .text.USART_WriteBlocking
                0x000010d0       0x64 ./drivers/fsl_usart.o
                0x000010d0                USART_WriteBlocking
 .text.USART_ReadBlocking
                0x00001134       0xc0 ./drivers/fsl_usart.o
                0x00001134                USART_ReadBlocking
 .text.USART0_DriverIRQHandler
                0x000011f4       0x24 ./drivers/fsl_usart.o
                0x000011f4                USART0_DriverIRQHandler
 .text.USART1_DriverIRQHandler
                0x00001218       0x24 ./drivers/fsl_usart.o
                0x00001218                USART1_DriverIRQHandler
 .text.SystemInit
                0x0000123c       0x2c ./device/system_LPC804.o
                0x0000123c                SystemInit
 .text.HAL_UartGetStatus
                0x00001268       0x20 ./component/uart/fsl_adapter_miniusart.o
 .text.HAL_UartInit
                0x00001288      0x11c ./component/uart/fsl_adapter_miniusart.o
                0x00001288                HAL_UartInit
 .text.HAL_UartReceiveBlocking
                0x000013a4       0x78 ./component/uart/fsl_adapter_miniusart.o
                0x000013a4                HAL_UartReceiveBlocking
 .text.HAL_UartSendBlocking
                0x0000141c       0x6c ./component/uart/fsl_adapter_miniusart.o
                0x0000141c                HAL_UartSendBlocking
 .text.CLOCK_Select
                0x00001488       0x38 ./board/board.o
 .text.BOARD_InitDebugConsole
                0x000014c0       0x4c ./board/board.o
                0x000014c0                BOARD_InitDebugConsole
 .text.CLOCK_Select
                0x0000150c       0x38 ./board/clock_config.o
 .text.CLOCK_SetCoreSysClkDiv
                0x00001544       0x3c ./board/clock_config.o
 .text.POWER_DisablePD
                0x00001580       0x2c ./board/clock_config.o
 .text.BOARD_BootClockFRO30M
                0x000015ac       0x68 ./board/clock_config.o
                0x000015ac                BOARD_BootClockFRO30M
 .text.CLOCK_EnableClock
                0x00001614       0x54 ./board/pin_mux.o
 .text.CLOCK_DisableClock
                0x00001668       0x58 ./board/pin_mux.o
 .text.BOARD_InitPins
                0x000016c0       0x4c ./board/pin_mux.o
                0x000016c0                BOARD_InitPins
 .text._initio  0x0000170c       0x7c c:/nxp/mcuxpressoide_11.8.0_1165/ide/plugins/com.nxp.mcuxpresso.tools.win32_11.8.0.202306131047/tools/bin/../lib/gcc/arm-none-eabi/12.2.1/../../../../arm-none-eabi/lib/thumb/v6-m/nofp\libcr_c.a(initio.o)
                0x0000170c                _initio
 .text.setvbuf  0x00001788       0x4c c:/nxp/mcuxpressoide_11.8.0_1165/ide/plugins/com.nxp.mcuxpresso.tools.win32_11.8.0.202306131047/tools/bin/../lib/gcc/arm-none-eabi/12.2.1/../../../../arm-none-eabi/lib/thumb/v6-m/nofp\libcr_c.a(setvbuf.o)
                0x00001788                setvbuf
 .text.strlen   0x000017d4       0x5c c:/nxp/mcuxpressoide_11.8.0_1165/ide/plugins/com.nxp.mcuxpresso.tools.win32_11.8.0.202306131047/tools/bin/../lib/gcc/arm-none-eabi/12.2.1/../../../../arm-none-eabi/lib/thumb/v6-m/nofp\libcr_c.a(strlen.o)
                0x000017d4                strlen
 .text._deferredlazyseek
                0x00001830       0x40 c:/nxp/mcuxpressoide_11.8.0_1165/ide/plugins/com.nxp.mcuxpresso.tools.win32_11.8.0.202306131047/tools/bin/../lib/gcc/arm-none-eabi/12.2.1/../../../../arm-none-eabi/lib/thumb/v6-m/nofp\libcr_c.a(_deferredlazyseek.o)
                0x00001830                _deferredlazyseek
 .text._fdopen  0x00001870       0x74 c:/nxp/mcuxpressoide_11.8.0_1165/ide/plugins/com.nxp.mcuxpresso.tools.win32_11.8.0.202306131047/tools/bin/../lib/gcc/arm-none-eabi/12.2.1/../../../../arm-none-eabi/lib/thumb/v6-m/nofp\libcr_c.a(_fdopen.o)
                0x00001870                _fdopen
 .text._fflush  0x000018e4       0x5c c:/nxp/mcuxpressoide_11.8.0_1165/ide/plugins/com.nxp.mcuxpresso.tools.win32_11.8.0.202306131047/tools/bin/../lib/gcc/arm-none-eabi/12.2.1/../../../../arm-none-eabi/lib/thumb/v6-m/nofp\libcr_c.a(_fflush.o)
                0x000018e4                _fflush
 .text._Cwritebuf
                0x00001940       0x68 c:/nxp/mcuxpressoide_11.8.0_1165/ide/plugins/com.nxp.mcuxpresso.tools.win32_11.8.0.202306131047/tools/bin/../lib/gcc/arm-none-eabi/12.2.1/../../../../arm-none-eabi/lib/thumb/v6-m/nofp\libcr_c.a(_writebuf.o)
                0x00001940                _Cwritebuf
 .text.fclose   0x000019a8       0x5c c:/nxp/mcuxpressoide_11.8.0_1165/ide/plugins/com.nxp.mcuxpresso.tools.win32_11.8.0.202306131047/tools/bin/../lib/gcc/arm-none-eabi/12.2.1/../../../../arm-none-eabi/lib/thumb/v6-m/nofp\libcr_c.a(fclose.o)
                0x000019a8                fclose
 .text.fflush   0x00001a04       0x40 c:/nxp/mcuxpressoide_11.8.0_1165/ide/plugins/com.nxp.mcuxpresso.tools.win32_11.8.0.202306131047/tools/bin/../lib/gcc/arm-none-eabi/12.2.1/../../../../arm-none-eabi/lib/thumb/v6-m/nofp\libcr_c.a(fflush.o)
                0x00001a04                fflush
 .text.fseek    0x00001a44       0xec c:/nxp/mcuxpressoide_11.8.0_1165/ide/plugins/com.nxp.mcuxpresso.tools.win32_11.8.0.202306131047/tools/bin/../lib/gcc/arm-none-eabi/12.2.1/../../../../arm-none-eabi/lib/thumb/v6-m/nofp\libcr_c.a(fseek.o)
                0x00001a44                fseek
 .text.ftell    0x00001b30       0x4c c:/nxp/mcuxpressoide_11.8.0_1165/ide/plugins/com.nxp.mcuxpresso.tools.win32_11.8.0.202306131047/tools/bin/../lib/gcc/arm-none-eabi/12.2.1/../../../../arm-none-eabi/lib/thumb/v6-m/nofp\libcr_c.a(ftell.o)
                0x00001b30                ftell
 .text._do_fflush
                0x00001b7c       0x48 c:/nxp/mcuxpressoide_11.8.0_1165/ide/plugins/com.nxp.mcuxpresso.tools.win32_11.8.0.202306131047/tools/bin/../lib/gcc/arm-none-eabi/12.2.1/../../../../arm-none-eabi/lib/thumb/v6-m/nofp\libcr_c.a(_do_fflush.o)
                0x00001b7c                _do_fflush
 .text.DbgConsole_Printf
                0x00001bc4       0x32 ./utilities/fsl_debug_console.o
                0x00001bc4                DbgConsole_Printf
 .text.DbgConsole_PrintfPaddingCharacter
                0x00001bf6       0x48 ./utilities/fsl_debug_console.o
 .text.DbgConsole_ConvertRadixNumToString
                0x00001c3e       0xc2 ./utilities/fsl_debug_console.o
 .text.DbgConsole_PrintfFormattedData
                0x00001d00      0x3da ./utilities/fsl_debug_console.o
 .text.CTIMER_StartTimer
                0x000020da       0x1c ./source/test.o
 .text.CLOCK_GetFRGInputClkFreq
                0x000020f6       0x42 ./drivers/fsl_clock.o
 .text.EnableIRQ
                0x00002138       0x36 ./drivers/fsl_ctimer.o
 .text.CTIMER_GetStatusFlags
                0x0000216e       0x14 ./drivers/fsl_ctimer.o
 .text.CTIMER_ClearStatusFlags
                0x00002182       0x18 ./drivers/fsl_ctimer.o
 .text.CTIMER_SetupMatch
                0x0000219a      0x132 ./drivers/fsl_ctimer.o
                0x0000219a                CTIMER_SetupMatch
 .text.CTIMER0_DriverIRQHandler
                0x000022cc       0x10 ./drivers/fsl_ctimer.o
                0x000022cc                CTIMER0_DriverIRQHandler
 .text.RESET_PeripheralReset
                0x000022dc       0x20 ./drivers/fsl_reset.o
                0x000022dc                RESET_PeripheralReset
 .text.USART_EnableTx
                0x000022fc       0x46 ./drivers/fsl_usart.o
 .text.USART_EnableRx
                0x00002342       0x44 ./drivers/fsl_usart.o
 .text.SystemInitHook
                0x00002386        0xa ./device/system_LPC804.o
                0x00002386                SystemInitHook
 .text.BOARD_InitBootClocks
                0x00002390        0xe ./board/clock_config.o
                0x00002390                BOARD_InitBootClocks
 .text.BOARD_InitBootPins
                0x0000239e        0xe ./board/pin_mux.o
                0x0000239e                BOARD_InitBootPins
 .text.__main   0x000023ac        0xc c:/nxp/mcuxpressoide_11.8.0_1165/ide/plugins/com.nxp.mcuxpresso.tools.win32_11.8.0.202306131047/tools/bin/../lib/gcc/arm-none-eabi/12.2.1/../../../../arm-none-eabi/lib/thumb/v6-m/nofp\libcr_nohost_nf.a(_cr__main.o)
                0x000023ac                __main
 .text.memcpy   0x000023b8        0x8 c:/nxp/mcuxpressoide_11.8.0_1165/ide/plugins/com.nxp.mcuxpresso.tools.win32_11.8.0.202306131047/tools/bin/../lib/gcc/arm-none-eabi/12.2.1/../../../../arm-none-eabi/lib/thumb/v6-m/nofp\libcr_c.a(memcpy.o)
                0x000023b8                memcpy
 .text.memset   0x000023c0        0x8 c:/nxp/mcuxpressoide_11.8.0_1165/ide/plugins/com.nxp.mcuxpresso.tools.win32_11.8.0.202306131047/tools/bin/../lib/gcc/arm-none-eabi/12.2.1/../../../../arm-none-eabi/lib/thumb/v6-m/nofp\libcr_c.a(memset.o)
                0x000023c0                memset
 .text.free     0x000023c8       0x2c c:/nxp/mcuxpressoide_11.8.0_1165/ide/plugins/com.nxp.mcuxpresso.tools.win32_11.8.0.202306131047/tools/bin/../lib/gcc/arm-none-eabi/12.2.1/../../../../arm-none-eabi/lib/thumb/v6-m/nofp\libcr_c.a(alloc.o)
                0x000023c8                free
 .text.remove   0x000023f4       0x12 c:/nxp/mcuxpressoide_11.8.0_1165/ide/plugins/com.nxp.mcuxpresso.tools.win32_11.8.0.202306131047/tools/bin/../lib/gcc/arm-none-eabi/12.2.1/../../../../arm-none-eabi/lib/thumb/v6-m/nofp\libcr_c.a(remove.o)
                0x000023f4                remove
 .text.__aeabi_division_idivmod
                0x00002406       0x78 c:/nxp/mcuxpressoide_11.8.0_1165/ide/plugins/com.nxp.mcuxpresso.tools.win32_11.8.0.202306131047/tools/bin/../lib/gcc/arm-none-eabi/12.2.1/thumb/v6-m/nofp\libcr_eabihelpers.a(division_32.o)
                0x00002406                __aeabi_idivmod
                0x00002406                __aeabi_idiv
                0x0000240c                __aeabi_uidivmod
                0x0000240c                __aeabi_uidiv
 .text.__aeabi_division_uldivmod
                0x0000247e       0x5a c:/nxp/mcuxpressoide_11.8.0_1165/ide/plugins/com.nxp.mcuxpresso.tools.win32_11.8.0.202306131047/tools/bin/../lib/gcc/arm-none-eabi/12.2.1/thumb/v6-m/nofp\libcr_eabihelpers.a(division_64.o)
                0x0000247e                __aeabi_uldivmod
 .text.__aeabi_division_idiv0
                0x000024d8        0x2 c:/nxp/mcuxpressoide_11.8.0_1165/ide/plugins/com.nxp.mcuxpresso.tools.win32_11.8.0.202306131047/tools/bin/../lib/gcc/arm-none-eabi/12.2.1/thumb/v6-m/nofp\libcr_eabihelpers.a(division_idiv0.o)
                0x000024d8                __aeabi_idiv0
 .text.__aeabi_memcpy
                0x000024da       0x2c c:/nxp/mcuxpressoide_11.8.0_1165/ide/plugins/com.nxp.mcuxpresso.tools.win32_11.8.0.202306131047/tools/bin/../lib/gcc/arm-none-eabi/12.2.1/thumb/v6-m/nofp\libcr_eabihelpers.a(memcpy.o)
                0x000024da                __aeabi_memcpy4
                0x000024da                __aeabi_memcpy8
                0x000024da                __aeabi_memcpy
 .text.__aeabi_memset_lowlevel
                0x00002506       0x2a c:/nxp/mcuxpressoide_11.8.0_1165/ide/plugins/com.nxp.mcuxpresso.tools.win32_11.8.0.202306131047/tools/bin/../lib/gcc/arm-none-eabi/12.2.1/thumb/v6-m/nofp\libcr_eabihelpers.a(memcpy.o)
                0x00002506                __aeabi_lowlevel_memset
 .text.__sys_close
                0x00002530        0x6 c:/nxp/mcuxpressoide_11.8.0_1165/ide/plugins/com.nxp.mcuxpresso.tools.win32_11.8.0.202306131047/tools/bin/../lib/gcc/arm-none-eabi/12.2.1/../../../../arm-none-eabi/lib/thumb/v6-m/nofp\libcr_nohost_nf.a(__sys_close.o)
                0x00002530                __sys_close
 .text.__sys_flen
                0x00002536        0x6 c:/nxp/mcuxpressoide_11.8.0_1165/ide/plugins/com.nxp.mcuxpresso.tools.win32_11.8.0.202306131047/tools/bin/../lib/gcc/arm-none-eabi/12.2.1/../../../../arm-none-eabi/lib/thumb/v6-m/nofp\libcr_nohost_nf.a(__sys_flen.o)
                0x00002536                __sys_flen
 .text.__sys_istty
                0x0000253c        0x6 c:/nxp/mcuxpressoide_11.8.0_1165/ide/plugins/com.nxp.mcuxpresso.tools.win32_11.8.0.202306131047/tools/bin/../lib/gcc/arm-none-eabi/12.2.1/../../../../arm-none-eabi/lib/thumb/v6-m/nofp\libcr_nohost_nf.a(__sys_istty.o)
                0x0000253c                __sys_istty
 .text.__sys_remove
                0x00002542        0x6 c:/nxp/mcuxpressoide_11.8.0_1165/ide/plugins/com.nxp.mcuxpresso.tools.win32_11.8.0.202306131047/tools/bin/../lib/gcc/arm-none-eabi/12.2.1/../../../../arm-none-eabi/lib/thumb/v6-m/nofp\libcr_nohost_nf.a(__sys_remove.o)
                0x00002542                __sys_remove
 .text.__sys_seek
                0x00002548        0x6 c:/nxp/mcuxpressoide_11.8.0_1165/ide/plugins/com.nxp.mcuxpresso.tools.win32_11.8.0.202306131047/tools/bin/../lib/gcc/arm-none-eabi/12.2.1/../../../../arm-none-eabi/lib/thumb/v6-m/nofp\libcr_nohost_nf.a(__sys_seek.o)
                0x00002548                __sys_seek
 .text.__sys_tmpnam
                0x0000254e        0x6 c:/nxp/mcuxpressoide_11.8.0_1165/ide/plugins/com.nxp.mcuxpresso.tools.win32_11.8.0.202306131047/tools/bin/../lib/gcc/arm-none-eabi/12.2.1/../../../../arm-none-eabi/lib/thumb/v6-m/nofp\libcr_nohost_nf.a(__sys_tmpnam.o)
                0x0000254e                __sys_tmpnam
 .text.__sys_write
                0x00002554        0x4 c:/nxp/mcuxpressoide_11.8.0_1165/ide/plugins/com.nxp.mcuxpresso.tools.win32_11.8.0.202306131047/tools/bin/../lib/gcc/arm-none-eabi/12.2.1/../../../../arm-none-eabi/lib/thumb/v6-m/nofp\libcr_nohost_nf.a(__sys_write.o)
                0x00002554                __sys_write
 *(SORT_BY_ALIGNMENT(.rodata) SORT_BY_ALIGNMENT(.rodata.*) SORT_BY_ALIGNMENT(.constdata) SORT_BY_ALIGNMENT(.constdata.*))
 .rodata.__assertion_failed.str1.4
                0x00002558       0x14 ./utilities/fsl_assert.o
 .rodata.myFunction.str1.4
                0x0000256c       0x1b ./source/test.o
 *fill*         0x00002587        0x1 ff
 .rodata.main.str1.4
                0x00002588       0x6b ./source/test.o
 *fill*         0x000025f3        0x1 ff
 .rodata.CLOCK_SetFRGClkFreq.str1.4
                0x000025f4       0x16 ./drivers/fsl_clock.o
 *fill*         0x0000260a        0x2 ff
 .rodata.CLOCK_UpdateClkSrc.str1.4
                0x0000260c       0x16 ./drivers/fsl_clock.o
 *fill*         0x00002622        0x2 ff
 .rodata.CLOCK_GetMainClkFreq.str1.4
                0x00002624       0x18 ./drivers/fsl_clock.o
 .rodata.CLOCK_GetFreq
                0x0000263c       0x1c ./drivers/fsl_clock.o
 .rodata.CTIMER_GetInstance.str1.4
                0x00002658       0x2e ./drivers/fsl_ctimer.o
 *fill*         0x00002686        0x2 ff
 .rodata.CTIMER_Init.str1.4
                0x00002688       0x22 ./drivers/fsl_ctimer.o
 *fill*         0x000026aa        0x2 ff
 .rodata.CTIMER_GetDefaultConfig.str1.4
                0x000026ac       0x22 ./drivers/fsl_ctimer.o
 *fill*         0x000026ce        0x2 ff
 .rodata.RESET_SetPeripheralReset.str1.4
                0x000026d0       0x1f ./drivers/fsl_reset.o
 *fill*         0x000026ef        0x1 ff
 .rodata.RESET_ClearPeripheralReset.str1.4
                0x000026f0       0x1f ./drivers/fsl_reset.o
 *fill*         0x0000270f        0x1 ff
 .rodata.SWM_SetMovablePinSelect.str1.4
                0x00002710       0x49 ./drivers/fsl_swm.o
 *fill*         0x00002759        0x3 ff
 .rodata.s_usartBaseAddrs
                0x0000275c        0x8 ./drivers/fsl_usart.o
 .rodata.s_usartClock
                0x00002764        0x4 ./drivers/fsl_usart.o
 .rodata.s_usartRest
                0x00002768        0x8 ./drivers/fsl_usart.o
 .rodata.USART_GetInstance.str1.4
                0x00002770       0x3b ./drivers/fsl_usart.o
 *fill*         0x000027ab        0x1 ff
 .rodata.USART_Init.str1.4
                0x000027ac       0x4f ./drivers/fsl_usart.o
 *fill*         0x000027fb        0x1 ff
 .rodata.USART_GetDefaultConfig.str1.4
                0x000027fc       0x21 ./drivers/fsl_usart.o
 *fill*         0x0000281d        0x3 ff
 .rodata.USART_SetBaudRate.str1.4
                0x00002820       0x8f ./drivers/fsl_usart.o
 *fill*         0x000028af        0x1 ff
 .rodata.USART_WriteBlocking.str1.4
                0x000028b0       0x36 ./drivers/fsl_usart.o
 *fill*         0x000028e6        0x2 ff
 .rodata.USART_ReadBlocking.str1.4
                0x000028e8       0x36 ./drivers/fsl_usart.o
 *fill*         0x0000291e        0x2 ff
 .rodata.s_UsartAdapterBase
                0x00002920        0x8 ./component/uart/fsl_adapter_miniusart.o
 .rodata.HAL_UartInit.str1.4
                0x00002928       0xfb ./component/uart/fsl_adapter_miniusart.o
 *fill*         0x00002a23        0x1 ff
 .rodata.HAL_UartReceiveBlocking.str1.4
                0x00002a24       0x71 ./component/uart/fsl_adapter_miniusart.o
 *fill*         0x00002a95        0x3 ff
 .rodata.HAL_UartSendBlocking.str1.4
                0x00002a98       0x71 ./component/uart/fsl_adapter_miniusart.o
 *fill*         0x00002b09        0x3 ff
 .rodata.BOARD_InitDebugConsole.str1.4
                0x00002b0c       0x27 ./board/board.o
 *fill*         0x00002b33        0x1 ff
 .rodata.CLOCK_SetCoreSysClkDiv.str1.4
                0x00002b34       0xe6 ./board/clock_config.o
 *fill*         0x00002c1a        0x2 ff
 .rodata.__num_Ciob_streams
                0x00002c1c        0x4 c:/nxp/mcuxpressoide_11.8.0_1165/ide/plugins/com.nxp.mcuxpresso.tools.win32_11.8.0.202306131047/tools/bin/../lib/gcc/arm-none-eabi/12.2.1/../../../../arm-none-eabi/lib/thumb/v6-m/nofp\libcr_nohost_nf.a(__ciob.o)
                0x00002c1c                __num_Ciob_streams
 .rodata._initio.str1.1
                0x00002c20        0x4 c:/nxp/mcuxpressoide_11.8.0_1165/ide/plugins/com.nxp.mcuxpresso.tools.win32_11.8.0.202306131047/tools/bin/../lib/gcc/arm-none-eabi/12.2.1/../../../../arm-none-eabi/lib/thumb/v6-m/nofp\libcr_c.a(initio.o)
                0x00002c24                . = ALIGN (0x4)

.glue_7         0x00002c24        0x0
 .glue_7        0x00002c24        0x0 linker stubs

.glue_7t        0x00002c24        0x0
 .glue_7t       0x00002c24        0x0 linker stubs

.vfp11_veneer   0x00002c24        0x0
 .vfp11_veneer  0x00002c24        0x0 linker stubs

.v4_bx          0x00002c24        0x0
 .v4_bx         0x00002c24        0x0 linker stubs

.iplt           0x00002c24        0x0
 .iplt          0x00002c24        0x0 ./utilities/fsl_assert.o

.rel.dyn        0x00002c24        0x0
 .rel.iplt      0x00002c24        0x0 ./utilities/fsl_assert.o

.ARM.extab
 *(SORT_BY_ALIGNMENT(.ARM.extab*) SORT_BY_ALIGNMENT(.gnu.linkonce.armextab.*))

.ARM.exidx      0x00002c24        0x0
                0x00002c24                __exidx_start = .
 *(SORT_BY_ALIGNMENT(.ARM.exidx*) SORT_BY_ALIGNMENT(.gnu.linkonce.armexidx.*))
                0x00002c24                __exidx_end = .
                0x00002c24                _etext = .

.data_RAM2      0x10000fe0        0x0 load address 0x00002c24
 FILL mask 0xff
                [!provide]                PROVIDE (__start_data_RAM2 = .)
                [!provide]                PROVIDE (__start_data_IAP_SRAM = .)
 *(SORT_BY_ALIGNMENT(.ramfunc.$RAM2))
 *(SORT_BY_ALIGNMENT(.ramfunc.$IAP_SRAM))
 *(SORT_BY_ALIGNMENT(.data.$RAM2))
 *(SORT_BY_ALIGNMENT(.data.$IAP_SRAM))
 *(SORT_BY_ALIGNMENT(.data.$RAM2.*))
 *(SORT_BY_ALIGNMENT(.data.$IAP_SRAM.*))
                0x10000fe0                . = ALIGN (0x4)
                [!provide]                PROVIDE (__end_data_RAM2 = .)
                [!provide]                PROVIDE (__end_data_IAP_SRAM = .)

.uninit_RESERVED
                0x10000000        0x0
                0x10000000                _start_uninit_RESERVED = .
 *(SORT_BY_ALIGNMENT(.bss.$RESERVED*))
                0x10000000                . = ALIGN (0x4)
                0x10000000                _end_uninit_RESERVED = .

.data           0x10000000       0x28 load address 0x00002c24
 FILL mask 0xff
                0x10000000                _data = .
                [!provide]                PROVIDE (__start_data_RAM = .)
                [!provide]                PROVIDE (__start_data_SRAM = .)
 *(SORT_BY_ALIGNMENT(vtable))
 *(SORT_BY_ALIGNMENT(.ramfunc*))
 *(SORT_BY_ALIGNMENT(CodeQuickAccess))
 *(SORT_BY_ALIGNMENT(DataQuickAccess))
 *(SORT_BY_ALIGNMENT(RamFunction))
 *(SORT_BY_ALIGNMENT(.data*))
 .data.ctimer_callback_table
                0x10000000       0x20 ./source/test.o
                0x10000000                ctimer_callback_table
 .data.g_LP_Osc_Freq
                0x10000020        0x4 ./drivers/fsl_clock.o
                0x10000020                g_LP_Osc_Freq
 .data.SystemCoreClock
                0x10000024        0x4 ./device/system_LPC804.o
                0x10000024                SystemCoreClock
                0x10000028                . = ALIGN (0x4)
                0x10000028                _edata = .
                [!provide]                PROVIDE (__end_data_RAM = .)
                [!provide]                PROVIDE (__end_data_SRAM = .)

.igot.plt       0x10000028        0x0 load address 0x00002c4c
 .igot.plt      0x10000028        0x0 ./utilities/fsl_assert.o

.bss_RAM2       0x10000fe0        0x0
                [!provide]                PROVIDE (__start_bss_RAM2 = .)
                [!provide]                PROVIDE (__start_bss_IAP_SRAM = .)
 *(SORT_BY_ALIGNMENT(.bss.$RAM2))
 *(SORT_BY_ALIGNMENT(.bss.$IAP_SRAM))
 *(SORT_BY_ALIGNMENT(.bss.$RAM2.*))
 *(SORT_BY_ALIGNMENT(.bss.$IAP_SRAM.*))
                0x10000fe0                . = ALIGN ((. != 0x0)?0x4:0x1)
                [!provide]                PROVIDE (__end_bss_RAM2 = .)
                [!provide]                PROVIDE (__end_bss_IAP_SRAM = .)

.bss            0x10000028      0x100
                0x10000028                _bss = .
                [!provide]                PROVIDE (__start_bss_RAM = .)
                [!provide]                PROVIDE (__start_bss_SRAM = .)
 *(SORT_BY_ALIGNMENT(.bss*))
 .bss.s_debugConsole
                0x10000028       0x14 ./utilities/fsl_debug_console.o
 .bss.matchConfig0
                0x1000003c        0xc ./source/test.o
 .bss.matchConfig1
                0x10000048        0xc ./source/test.o
 .bss.g_Ext_Clk_Freq
                0x10000054        0x4 ./drivers/fsl_clock.o
                0x10000054                g_Ext_Clk_Freq
 .bss.g_Fro_Osc_Freq
                0x10000058        0x4 ./drivers/fsl_clock.o
                0x10000058                g_Fro_Osc_Freq
 .bss.s_ctimerCallback
                0x1000005c        0x4 ./drivers/fsl_ctimer.o
 .bss.ctimerCallbackType
                0x10000060        0x1 ./drivers/fsl_ctimer.o
 *fill*         0x10000061        0x3 
 .bss.s_usartHandle
                0x10000064        0x8 ./drivers/fsl_usart.o
 .bss.s_usartIsr
                0x1000006c        0x4 ./drivers/fsl_usart.o
 .bss.errno     0x10000070        0x4 c:/nxp/mcuxpressoide_11.8.0_1165/ide/plugins/com.nxp.mcuxpresso.tools.win32_11.8.0.202306131047/tools/bin/../lib/gcc/arm-none-eabi/12.2.1/../../../../arm-none-eabi/lib/thumb/v6-m/nofp\libcr_c.a(errno.o)
                0x10000070                errno
 .bss.__Ciob    0x10000074       0xb4 c:/nxp/mcuxpressoide_11.8.0_1165/ide/plugins/com.nxp.mcuxpresso.tools.win32_11.8.0.202306131047/tools/bin/../lib/gcc/arm-none-eabi/12.2.1/../../../../arm-none-eabi/lib/thumb/v6-m/nofp\libcr_nohost_nf.a(__ciob.o)
                0x10000074                __Ciob
 *(SORT_BY_ALIGNMENT(COMMON))
                0x10000128                . = ALIGN (0x4)
                0x10000128                _ebss = .
                [!provide]                PROVIDE (__end_bss_RAM = .)
                [!provide]                PROVIDE (__end_bss_SRAM = .)
                [!provide]                PROVIDE (end = .)

.noinit_RAM2    0x10000fe0        0x0
                [!provide]                PROVIDE (__start_noinit_RAM2 = .)
                [!provide]                PROVIDE (__start_noinit_IAP_SRAM = .)
 *(SORT_BY_ALIGNMENT(.noinit.$RAM2))
 *(SORT_BY_ALIGNMENT(.noinit.$IAP_SRAM))
 *(SORT_BY_ALIGNMENT(.noinit.$RAM2.*))
 *(SORT_BY_ALIGNMENT(.noinit.$IAP_SRAM.*))
                0x10000fe0                . = ALIGN (0x4)
                [!provide]                PROVIDE (__end_noinit_RAM2 = .)
                [!provide]                PROVIDE (__end_noinit_IAP_SRAM = .)

.noinit         0x10000128        0x0
                0x10000128                _noinit = .
                [!provide]                PROVIDE (__start_noinit_RAM = .)
                [!provide]                PROVIDE (__start_noinit_SRAM = .)
 *(SORT_BY_ALIGNMENT(.noinit*))
                0x10000128                . = ALIGN (0x4)
                0x10000128                _end_noinit = .
                [!provide]                PROVIDE (__end_noinit_RAM = .)
                [!provide]                PROVIDE (__end_noinit_SRAM = .)
                0x000000f8                _HeapSize = 0xf8

.heap           0x10000128       0xf8
                0x10000128                _pvHeapStart = .
                0x10000220                . = (. + _HeapSize)
 *fill*         0x10000128       0xf8 
                0x10000220                . = ALIGN (0x4)
                0x10000220                _pvHeapLimit = .
                0x000000f8                _StackSize = 0xf8

.heap2stackfill
                0x10000220       0xf8
                0x10000318                . = (. + _StackSize)
 *fill*         0x10000220       0xf8 

.stack          0x10000ee8        0x0
                0x10000ee8                _vStackBase = .
                0x10000ee8                . = ALIGN (0x4)
                0x10000fe0                _vStackTop = (. + _StackSize)
                0xefffe9a3                PROVIDE (__valid_user_code_checksum = (0x0 - (((_vStackTop + (ResetISR + 0x1)) + (DEFINED (NMI_Handler)?NMI_Handler:M0_NMI_Handler + 0x1)) + (DEFINED (HardFault_Handler)?HardFault_Handler:M0_HardFault_Handler + 0x1))))
                0x00000000                _image_start = LOADADDR (.text)
                0x00002c4c                _image_end = (LOADADDR (.data) + SIZEOF (.data))
                0x00002c4c                _image_size = (_image_end - _image_start)
OUTPUT(lpcxpresso804_ctimer_match_interrupt_example.axf elf32-littlearm)
LOAD linker stubs

.debug_info     0x00000000     0x9b9c
 .debug_info    0x00000000       0xc4 ./utilities/fsl_assert.o
 .debug_info    0x000000c4      0xf68 ./utilities/fsl_debug_console.o
 .debug_info    0x0000102c      0x60e ./startup/startup_lpc804.o
 .debug_info    0x0000163a       0x3d ./source/semihost_hardfault.o
 .debug_info    0x00001677      0xd22 ./source/test.o
 .debug_info    0x00002399      0xe8f ./drivers/fsl_clock.o
 .debug_info    0x00003228     0x158d ./drivers/fsl_ctimer.o
 .debug_info    0x000047b5      0x5b0 ./drivers/fsl_reset.o
 .debug_info    0x00004d65      0x747 ./drivers/fsl_swm.o
 .debug_info    0x000054ac     0x19cd ./drivers/fsl_usart.o
 .debug_info    0x00006e79      0x583 ./device/system_LPC804.o
 .debug_info    0x000073fc      0xdf0 ./component/uart/fsl_adapter_miniusart.o
 .debug_info    0x000081ec      0xa2a ./board/board.o
 .debug_info    0x00008c16      0x702 ./board/clock_config.o
 .debug_info    0x00009318      0x884 ./board/pin_mux.o

.debug_abbrev   0x00000000     0x1e3b
 .debug_abbrev  0x00000000       0x8f ./utilities/fsl_assert.o
 .debug_abbrev  0x0000008f      0x2c7 ./utilities/fsl_debug_console.o
 .debug_abbrev  0x00000356      0x1a8 ./startup/startup_lpc804.o
 .debug_abbrev  0x000004fe       0x2f ./source/semihost_hardfault.o
 .debug_abbrev  0x0000052d      0x2a8 ./source/test.o
 .debug_abbrev  0x000007d5      0x369 ./drivers/fsl_clock.o
 .debug_abbrev  0x00000b3e      0x382 ./drivers/fsl_ctimer.o
 .debug_abbrev  0x00000ec0      0x185 ./drivers/fsl_reset.o
 .debug_abbrev  0x00001045      0x195 ./drivers/fsl_swm.o
 .debug_abbrev  0x000011da      0x365 ./drivers/fsl_usart.o
 .debug_abbrev  0x0000153f      0x14b ./device/system_LPC804.o
 .debug_abbrev  0x0000168a      0x225 ./component/uart/fsl_adapter_miniusart.o
 .debug_abbrev  0x000018af      0x1dd ./board/board.o
 .debug_abbrev  0x00001a8c      0x211 ./board/clock_config.o
 .debug_abbrev  0x00001c9d      0x19e ./board/pin_mux.o

.debug_aranges  0x00000000      0x650
 .debug_aranges
                0x00000000       0x20 ./utilities/fsl_assert.o
 .debug_aranges
                0x00000020       0x68 ./utilities/fsl_debug_console.o
 .debug_aranges
                0x00000088      0x160 ./startup/startup_lpc804.o
 .debug_aranges
                0x000001e8       0x20 ./source/semihost_hardfault.o
 .debug_aranges
                0x00000208       0x48 ./source/test.o
 .debug_aranges
                0x00000250       0xa0 ./drivers/fsl_clock.o
 .debug_aranges
                0x000002f0       0xc0 ./drivers/fsl_ctimer.o
 .debug_aranges
                0x000003b0       0x30 ./drivers/fsl_reset.o
 .debug_aranges
                0x000003e0       0x30 ./drivers/fsl_swm.o
 .debug_aranges
                0x00000410      0x110 ./drivers/fsl_usart.o
 .debug_aranges
                0x00000520       0x30 ./device/system_LPC804.o
 .debug_aranges
                0x00000550       0x50 ./component/uart/fsl_adapter_miniusart.o
 .debug_aranges
                0x000005a0       0x28 ./board/board.o
 .debug_aranges
                0x000005c8       0x50 ./board/clock_config.o
 .debug_aranges
                0x00000618       0x38 ./board/pin_mux.o

.debug_rnglists
                0x00000000      0x488
 .debug_rnglists
                0x00000000       0x13 ./utilities/fsl_assert.o
 .debug_rnglists
                0x00000013       0x4d ./utilities/fsl_debug_console.o
 .debug_rnglists
                0x00000060      0x103 ./startup/startup_lpc804.o
 .debug_rnglists
                0x00000163       0x13 ./source/semihost_hardfault.o
 .debug_rnglists
                0x00000176       0x32 ./source/test.o
 .debug_rnglists
                0x000001a8       0x75 ./drivers/fsl_clock.o
 .debug_rnglists
                0x0000021d       0x90 ./drivers/fsl_ctimer.o
 .debug_rnglists
                0x000002ad       0x1f ./drivers/fsl_reset.o
 .debug_rnglists
                0x000002cc       0x21 ./drivers/fsl_swm.o
 .debug_rnglists
                0x000002ed       0xce ./drivers/fsl_usart.o
 .debug_rnglists
                0x000003bb       0x20 ./device/system_LPC804.o
 .debug_rnglists
                0x000003db       0x38 ./component/uart/fsl_adapter_miniusart.o
 .debug_rnglists
                0x00000413       0x19 ./board/board.o
 .debug_rnglists
                0x0000042c       0x37 ./board/clock_config.o
 .debug_rnglists
                0x00000463       0x25 ./board/pin_mux.o

.debug_macro    0x00000000     0x7166
 .debug_macro   0x00000000      0x13b ./utilities/fsl_assert.o
 .debug_macro   0x0000013b      0xaba ./utilities/fsl_assert.o
 .debug_macro   0x00000bf5       0x10 ./utilities/fsl_assert.o
 .debug_macro   0x00000c05       0x1c ./utilities/fsl_assert.o
 .debug_macro   0x00000c21       0x22 ./utilities/fsl_assert.o
 .debug_macro   0x00000c43      0x12e ./utilities/fsl_assert.o
 .debug_macro   0x00000d71      0x5b3 ./utilities/fsl_assert.o
 .debug_macro   0x00001324       0x22 ./utilities/fsl_assert.o
 .debug_macro   0x00001346       0x10 ./utilities/fsl_assert.o
 .debug_macro   0x00001356       0x3f ./utilities/fsl_assert.o
 .debug_macro   0x00001395       0x1c ./utilities/fsl_assert.o
 .debug_macro   0x000013b1       0x22 ./utilities/fsl_assert.o
 .debug_macro   0x000013d3       0xd1 ./utilities/fsl_assert.o
 .debug_macro   0x000014a4      0x3ad ./utilities/fsl_assert.o
 .debug_macro   0x00001851       0x22 ./utilities/fsl_assert.o
 .debug_macro   0x00001873     0x3f2e ./utilities/fsl_assert.o
 .debug_macro   0x000057a1      0x1c3 ./utilities/fsl_assert.o
 .debug_macro   0x00005964       0x7a ./utilities/fsl_assert.o
 .debug_macro   0x000059de       0x96 ./utilities/fsl_assert.o
 .debug_macro   0x00005a74      0x10a ./utilities/fsl_assert.o
 .debug_macro   0x00005b7e       0x16 ./utilities/fsl_assert.o
 .debug_macro   0x00005b94       0x77 ./utilities/fsl_assert.o
 .debug_macro   0x00005c0b       0x1c ./utilities/fsl_assert.o
 .debug_macro   0x00005c27       0x1c ./utilities/fsl_assert.o
 .debug_macro   0x00005c43       0x3a ./utilities/fsl_assert.o
 .debug_macro   0x00005c7d      0x16b ./utilities/fsl_debug_console.o
 .debug_macro   0x00005de8       0x16 ./utilities/fsl_debug_console.o
 .debug_macro   0x00005dfe       0x10 ./utilities/fsl_debug_console.o
 .debug_macro   0x00005e0e       0x28 ./utilities/fsl_debug_console.o
 .debug_macro   0x00005e36       0xc4 ./utilities/fsl_debug_console.o
 .debug_macro   0x00005efa       0x16 ./utilities/fsl_debug_console.o
 .debug_macro   0x00005f10       0x46 ./utilities/fsl_debug_console.o
 .debug_macro   0x00005f56       0x32 ./startup/startup_lpc804.o
 .debug_macro   0x00005f88       0x34 ./startup/startup_lpc804.o
 .debug_macro   0x00005fbc       0x11 ./source/semihost_hardfault.o
 .debug_macro   0x00005fcd      0x18c ./source/test.o
 .debug_macro   0x00006159       0x2e ./source/test.o
 .debug_macro   0x00006187      0x132 ./source/test.o
 .debug_macro   0x000062b9       0x10 ./source/test.o
 .debug_macro   0x000062c9      0x11e ./source/test.o
 .debug_macro   0x000063e7       0x10 ./source/test.o
 .debug_macro   0x000063f7      0x12d ./drivers/fsl_clock.o
 .debug_macro   0x00006524       0x28 ./drivers/fsl_clock.o
 .debug_macro   0x0000654c      0x13a ./drivers/fsl_ctimer.o
 .debug_macro   0x00006686      0x12a ./drivers/fsl_reset.o
 .debug_macro   0x000067b0      0x144 ./drivers/fsl_swm.o
 .debug_macro   0x000068f4      0x139 ./drivers/fsl_usart.o
 .debug_macro   0x00006a2d       0x1c ./drivers/fsl_usart.o
 .debug_macro   0x00006a49       0x97 ./device/system_LPC804.o
 .debug_macro   0x00006ae0      0x136 ./component/uart/fsl_adapter_miniusart.o
 .debug_macro   0x00006c16       0x22 ./component/uart/fsl_adapter_miniusart.o
 .debug_macro   0x00006c38      0x162 ./board/board.o
 .debug_macro   0x00006d9a      0x14a ./board/clock_config.o
 .debug_macro   0x00006ee4      0x12c ./board/clock_config.o
 .debug_macro   0x00007010      0x146 ./board/pin_mux.o
 .debug_macro   0x00007156       0x10 ./board/pin_mux.o

.debug_line     0x00000000     0x5e46
 .debug_line    0x00000000      0x512 ./utilities/fsl_assert.o
 .debug_line    0x00000512      0xa2d ./utilities/fsl_debug_console.o
 .debug_line    0x00000f3f      0x38e ./startup/startup_lpc804.o
 .debug_line    0x000012cd       0x59 ./source/semihost_hardfault.o
 .debug_line    0x00001326      0x788 ./source/test.o
 .debug_line    0x00001aae      0x768 ./drivers/fsl_clock.o
 .debug_line    0x00002216      0x964 ./drivers/fsl_ctimer.o
 .debug_line    0x00002b7a      0x499 ./drivers/fsl_reset.o
 .debug_line    0x00003013      0x50a ./drivers/fsl_swm.o
 .debug_line    0x0000351d      0xd97 ./drivers/fsl_usart.o
 .debug_line    0x000042b4      0x347 ./device/system_LPC804.o
 .debug_line    0x000045fb      0x6aa ./component/uart/fsl_adapter_miniusart.o
 .debug_line    0x00004ca5      0x62e ./board/board.o
 .debug_line    0x000052d3      0x5f1 ./board/clock_config.o
 .debug_line    0x000058c4      0x582 ./board/pin_mux.o

.debug_str      0x00000000    0x2f6aa
 .debug_str     0x00000000    0x290cb ./utilities/fsl_assert.o
                              0x29190 (size before relaxing)
 .debug_str     0x000290cb     0x18d2 ./utilities/fsl_debug_console.o
                              0x2aaae (size before relaxing)
 .debug_str     0x0002a99d      0x512 ./startup/startup_lpc804.o
                               0x3379 (size before relaxing)
 .debug_str     0x0002aeaf       0x1f ./source/semihost_hardfault.o
                               0x2e55 (size before relaxing)
 .debug_str     0x0002aece     0x1b1f ./source/test.o
                              0x2b880 (size before relaxing)
 .debug_str     0x0002c9ed      0x579 ./drivers/fsl_clock.o
                              0x2a161 (size before relaxing)
 .debug_str     0x0002cf66      0x903 ./drivers/fsl_ctimer.o
                              0x2a930 (size before relaxing)
 .debug_str     0x0002d869       0x98 ./drivers/fsl_reset.o
                              0x2947b (size before relaxing)
 .debug_str     0x0002d901      0xdbc ./drivers/fsl_swm.o
                              0x29e7e (size before relaxing)
 .debug_str     0x0002e6bd      0xca6 ./drivers/fsl_usart.o
                              0x2af5a (size before relaxing)
 .debug_str     0x0002f363       0x74 ./device/system_LPC804.o
                              0x27b3f (size before relaxing)
 .debug_str     0x0002f3d7       0xb2 ./component/uart/fsl_adapter_miniusart.o
                              0x2a4e0 (size before relaxing)
 .debug_str     0x0002f489       0x1c ./board/board.o
                              0x2b5d9 (size before relaxing)
 .debug_str     0x0002f4a5      0x1e3 ./board/clock_config.o
                              0x29f58 (size before relaxing)
 .debug_str     0x0002f688       0x22 ./board/pin_mux.o
                              0x29ad7 (size before relaxing)

.comment        0x00000000       0x45
 .comment       0x00000000       0x45 ./utilities/fsl_assert.o
                                 0x46 (size before relaxing)
 .comment       0x00000045       0x46 ./utilities/fsl_debug_console.o
 .comment       0x00000045       0x46 ./startup/startup_lpc804.o
 .comment       0x00000045       0x46 ./source/semihost_hardfault.o
 .comment       0x00000045       0x46 ./source/test.o
 .comment       0x00000045       0x46 ./drivers/fsl_clock.o
 .comment       0x00000045       0x46 ./drivers/fsl_ctimer.o
 .comment       0x00000045       0x46 ./drivers/fsl_reset.o
 .comment       0x00000045       0x46 ./drivers/fsl_swm.o
 .comment       0x00000045       0x46 ./drivers/fsl_usart.o
 .comment       0x00000045       0x46 ./device/system_LPC804.o
 .comment       0x00000045       0x46 ./component/uart/fsl_adapter_miniusart.o
 .comment       0x00000045       0x46 ./board/board.o
 .comment       0x00000045       0x46 ./board/clock_config.o
 .comment       0x00000045       0x46 ./board/pin_mux.o
 .comment       0x00000045       0x46 c:/nxp/mcuxpressoide_11.8.0_1165/ide/plugins/com.nxp.mcuxpresso.tools.win32_11.8.0.202306131047/tools/bin/../lib/gcc/arm-none-eabi/12.2.1/../../../../arm-none-eabi/lib/thumb/v6-m/nofp\libcr_nohost_nf.a(_cr__main.o)
 .comment       0x00000045       0x46 c:/nxp/mcuxpressoide_11.8.0_1165/ide/plugins/com.nxp.mcuxpresso.tools.win32_11.8.0.202306131047/tools/bin/../lib/gcc/arm-none-eabi/12.2.1/../../../../arm-none-eabi/lib/thumb/v6-m/nofp\libcr_c.a(memcpy.o)
 .comment       0x00000045       0x46 c:/nxp/mcuxpressoide_11.8.0_1165/ide/plugins/com.nxp.mcuxpresso.tools.win32_11.8.0.202306131047/tools/bin/../lib/gcc/arm-none-eabi/12.2.1/../../../../arm-none-eabi/lib/thumb/v6-m/nofp\libcr_c.a(memset.o)
 .comment       0x00000045       0x46 c:/nxp/mcuxpressoide_11.8.0_1165/ide/plugins/com.nxp.mcuxpresso.tools.win32_11.8.0.202306131047/tools/bin/../lib/gcc/arm-none-eabi/12.2.1/../../../../arm-none-eabi/lib/thumb/v6-m/nofp\libcr_c.a(alloc.o)
 .comment       0x00000045       0x46 c:/nxp/mcuxpressoide_11.8.0_1165/ide/plugins/com.nxp.mcuxpresso.tools.win32_11.8.0.202306131047/tools/bin/../lib/gcc/arm-none-eabi/12.2.1/../../../../arm-none-eabi/lib/thumb/v6-m/nofp\libcr_c.a(errno.o)
 .comment       0x00000045       0x46 c:/nxp/mcuxpressoide_11.8.0_1165/ide/plugins/com.nxp.mcuxpresso.tools.win32_11.8.0.202306131047/tools/bin/../lib/gcc/arm-none-eabi/12.2.1/../../../../arm-none-eabi/lib/thumb/v6-m/nofp\libcr_c.a(initio.o)
 .comment       0x00000045       0x46 c:/nxp/mcuxpressoide_11.8.0_1165/ide/plugins/com.nxp.mcuxpresso.tools.win32_11.8.0.202306131047/tools/bin/../lib/gcc/arm-none-eabi/12.2.1/../../../../arm-none-eabi/lib/thumb/v6-m/nofp\libcr_c.a(setvbuf.o)
 .comment       0x00000045       0x46 c:/nxp/mcuxpressoide_11.8.0_1165/ide/plugins/com.nxp.mcuxpresso.tools.win32_11.8.0.202306131047/tools/bin/../lib/gcc/arm-none-eabi/12.2.1/../../../../arm-none-eabi/lib/thumb/v6-m/nofp\libcr_c.a(strlen.o)
 .comment       0x00000045       0x46 c:/nxp/mcuxpressoide_11.8.0_1165/ide/plugins/com.nxp.mcuxpresso.tools.win32_11.8.0.202306131047/tools/bin/../lib/gcc/arm-none-eabi/12.2.1/../../../../arm-none-eabi/lib/thumb/v6-m/nofp\libcr_c.a(_deferredlazyseek.o)
 .comment       0x00000045       0x46 c:/nxp/mcuxpressoide_11.8.0_1165/ide/plugins/com.nxp.mcuxpresso.tools.win32_11.8.0.202306131047/tools/bin/../lib/gcc/arm-none-eabi/12.2.1/../../../../arm-none-eabi/lib/thumb/v6-m/nofp\libcr_c.a(_fdopen.o)
 .comment       0x00000045       0x46 c:/nxp/mcuxpressoide_11.8.0_1165/ide/plugins/com.nxp.mcuxpresso.tools.win32_11.8.0.202306131047/tools/bin/../lib/gcc/arm-none-eabi/12.2.1/../../../../arm-none-eabi/lib/thumb/v6-m/nofp\libcr_c.a(_fflush.o)
 .comment       0x00000045       0x46 c:/nxp/mcuxpressoide_11.8.0_1165/ide/plugins/com.nxp.mcuxpresso.tools.win32_11.8.0.202306131047/tools/bin/../lib/gcc/arm-none-eabi/12.2.1/../../../../arm-none-eabi/lib/thumb/v6-m/nofp\libcr_c.a(_writebuf.o)
 .comment       0x00000045       0x46 c:/nxp/mcuxpressoide_11.8.0_1165/ide/plugins/com.nxp.mcuxpresso.tools.win32_11.8.0.202306131047/tools/bin/../lib/gcc/arm-none-eabi/12.2.1/../../../../arm-none-eabi/lib/thumb/v6-m/nofp\libcr_c.a(fclose.o)
 .comment       0x00000045       0x46 c:/nxp/mcuxpressoide_11.8.0_1165/ide/plugins/com.nxp.mcuxpresso.tools.win32_11.8.0.202306131047/tools/bin/../lib/gcc/arm-none-eabi/12.2.1/../../../../arm-none-eabi/lib/thumb/v6-m/nofp\libcr_c.a(fflush.o)
 .comment       0x00000045       0x46 c:/nxp/mcuxpressoide_11.8.0_1165/ide/plugins/com.nxp.mcuxpresso.tools.win32_11.8.0.202306131047/tools/bin/../lib/gcc/arm-none-eabi/12.2.1/../../../../arm-none-eabi/lib/thumb/v6-m/nofp\libcr_c.a(fseek.o)
 .comment       0x00000045       0x46 c:/nxp/mcuxpressoide_11.8.0_1165/ide/plugins/com.nxp.mcuxpresso.tools.win32_11.8.0.202306131047/tools/bin/../lib/gcc/arm-none-eabi/12.2.1/../../../../arm-none-eabi/lib/thumb/v6-m/nofp\libcr_c.a(ftell.o)
 .comment       0x00000045       0x46 c:/nxp/mcuxpressoide_11.8.0_1165/ide/plugins/com.nxp.mcuxpresso.tools.win32_11.8.0.202306131047/tools/bin/../lib/gcc/arm-none-eabi/12.2.1/../../../../arm-none-eabi/lib/thumb/v6-m/nofp\libcr_c.a(remove.o)
 .comment       0x00000045       0x46 c:/nxp/mcuxpressoide_11.8.0_1165/ide/plugins/com.nxp.mcuxpresso.tools.win32_11.8.0.202306131047/tools/bin/../lib/gcc/arm-none-eabi/12.2.1/../../../../arm-none-eabi/lib/thumb/v6-m/nofp\libcr_c.a(_do_fflush.o)
 .comment       0x00000045       0x46 c:/nxp/mcuxpressoide_11.8.0_1165/ide/plugins/com.nxp.mcuxpresso.tools.win32_11.8.0.202306131047/tools/bin/../lib/gcc/arm-none-eabi/12.2.1/../../../../arm-none-eabi/lib/thumb/v6-m/nofp\libcr_nohost_nf.a(__ciob.o)
 .comment       0x00000045       0x46 c:/nxp/mcuxpressoide_11.8.0_1165/ide/plugins/com.nxp.mcuxpresso.tools.win32_11.8.0.202306131047/tools/bin/../lib/gcc/arm-none-eabi/12.2.1/../../../../arm-none-eabi/lib/thumb/v6-m/nofp\libcr_nohost_nf.a(__sys_close.o)
 .comment       0x00000045       0x46 c:/nxp/mcuxpressoide_11.8.0_1165/ide/plugins/com.nxp.mcuxpresso.tools.win32_11.8.0.202306131047/tools/bin/../lib/gcc/arm-none-eabi/12.2.1/../../../../arm-none-eabi/lib/thumb/v6-m/nofp\libcr_nohost_nf.a(__sys_flen.o)
 .comment       0x00000045       0x46 c:/nxp/mcuxpressoide_11.8.0_1165/ide/plugins/com.nxp.mcuxpresso.tools.win32_11.8.0.202306131047/tools/bin/../lib/gcc/arm-none-eabi/12.2.1/../../../../arm-none-eabi/lib/thumb/v6-m/nofp\libcr_nohost_nf.a(__sys_istty.o)
 .comment       0x00000045       0x46 c:/nxp/mcuxpressoide_11.8.0_1165/ide/plugins/com.nxp.mcuxpresso.tools.win32_11.8.0.202306131047/tools/bin/../lib/gcc/arm-none-eabi/12.2.1/../../../../arm-none-eabi/lib/thumb/v6-m/nofp\libcr_nohost_nf.a(__sys_remove.o)
 .comment       0x00000045       0x46 c:/nxp/mcuxpressoide_11.8.0_1165/ide/plugins/com.nxp.mcuxpresso.tools.win32_11.8.0.202306131047/tools/bin/../lib/gcc/arm-none-eabi/12.2.1/../../../../arm-none-eabi/lib/thumb/v6-m/nofp\libcr_nohost_nf.a(__sys_seek.o)
 .comment       0x00000045       0x46 c:/nxp/mcuxpressoide_11.8.0_1165/ide/plugins/com.nxp.mcuxpresso.tools.win32_11.8.0.202306131047/tools/bin/../lib/gcc/arm-none-eabi/12.2.1/../../../../arm-none-eabi/lib/thumb/v6-m/nofp\libcr_nohost_nf.a(__sys_tmpnam.o)
 .comment       0x00000045       0x46 c:/nxp/mcuxpressoide_11.8.0_1165/ide/plugins/com.nxp.mcuxpresso.tools.win32_11.8.0.202306131047/tools/bin/../lib/gcc/arm-none-eabi/12.2.1/../../../../arm-none-eabi/lib/thumb/v6-m/nofp\libcr_nohost_nf.a(__sys_write.o)

.ARM.attributes
                0x00000000       0x2a
 .ARM.attributes
                0x00000000       0x2c ./utilities/fsl_assert.o
 .ARM.attributes
                0x0000002c       0x2c ./utilities/fsl_debug_console.o
 .ARM.attributes
                0x00000058       0x2c ./startup/startup_lpc804.o
 .ARM.attributes
                0x00000084       0x2c ./source/semihost_hardfault.o
 .ARM.attributes
                0x000000b0       0x2c ./source/test.o
 .ARM.attributes
                0x000000dc       0x2c ./drivers/fsl_clock.o
 .ARM.attributes
                0x00000108       0x2c ./drivers/fsl_ctimer.o
 .ARM.attributes
                0x00000134       0x2c ./drivers/fsl_reset.o
 .ARM.attributes
                0x00000160       0x2c ./drivers/fsl_swm.o
 .ARM.attributes
                0x0000018c       0x2c ./drivers/fsl_usart.o
 .ARM.attributes
                0x000001b8       0x2c ./device/system_LPC804.o
 .ARM.attributes
                0x000001e4       0x2c ./component/uart/fsl_adapter_miniusart.o
 .ARM.attributes
                0x00000210       0x2c ./board/board.o
 .ARM.attributes
                0x0000023c       0x2c ./board/clock_config.o
 .ARM.attributes
                0x00000268       0x2c ./board/pin_mux.o
 .ARM.attributes
                0x00000294       0x2c c:/nxp/mcuxpressoide_11.8.0_1165/ide/plugins/com.nxp.mcuxpresso.tools.win32_11.8.0.202306131047/tools/bin/../lib/gcc/arm-none-eabi/12.2.1/../../../../arm-none-eabi/lib/thumb/v6-m/nofp\libcr_nohost_nf.a(_cr__main.o)
 .ARM.attributes
                0x000002c0       0x2c c:/nxp/mcuxpressoide_11.8.0_1165/ide/plugins/com.nxp.mcuxpresso.tools.win32_11.8.0.202306131047/tools/bin/../lib/gcc/arm-none-eabi/12.2.1/../../../../arm-none-eabi/lib/thumb/v6-m/nofp\libcr_c.a(memcpy.o)
 .ARM.attributes
                0x000002ec       0x2c c:/nxp/mcuxpressoide_11.8.0_1165/ide/plugins/com.nxp.mcuxpresso.tools.win32_11.8.0.202306131047/tools/bin/../lib/gcc/arm-none-eabi/12.2.1/../../../../arm-none-eabi/lib/thumb/v6-m/nofp\libcr_c.a(memset.o)
 .ARM.attributes
                0x00000318       0x2c c:/nxp/mcuxpressoide_11.8.0_1165/ide/plugins/com.nxp.mcuxpresso.tools.win32_11.8.0.202306131047/tools/bin/../lib/gcc/arm-none-eabi/12.2.1/../../../../arm-none-eabi/lib/thumb/v6-m/nofp\libcr_c.a(alloc.o)
 .ARM.attributes
                0x00000344       0x2c c:/nxp/mcuxpressoide_11.8.0_1165/ide/plugins/com.nxp.mcuxpresso.tools.win32_11.8.0.202306131047/tools/bin/../lib/gcc/arm-none-eabi/12.2.1/../../../../arm-none-eabi/lib/thumb/v6-m/nofp\libcr_c.a(errno.o)
 .ARM.attributes
                0x00000370       0x2c c:/nxp/mcuxpressoide_11.8.0_1165/ide/plugins/com.nxp.mcuxpresso.tools.win32_11.8.0.202306131047/tools/bin/../lib/gcc/arm-none-eabi/12.2.1/../../../../arm-none-eabi/lib/thumb/v6-m/nofp\libcr_c.a(initio.o)
 .ARM.attributes
                0x0000039c       0x2c c:/nxp/mcuxpressoide_11.8.0_1165/ide/plugins/com.nxp.mcuxpresso.tools.win32_11.8.0.202306131047/tools/bin/../lib/gcc/arm-none-eabi/12.2.1/../../../../arm-none-eabi/lib/thumb/v6-m/nofp\libcr_c.a(setvbuf.o)
 .ARM.attributes
                0x000003c8       0x2c c:/nxp/mcuxpressoide_11.8.0_1165/ide/plugins/com.nxp.mcuxpresso.tools.win32_11.8.0.202306131047/tools/bin/../lib/gcc/arm-none-eabi/12.2.1/../../../../arm-none-eabi/lib/thumb/v6-m/nofp\libcr_c.a(strlen.o)
 .ARM.attributes
                0x000003f4       0x2c c:/nxp/mcuxpressoide_11.8.0_1165/ide/plugins/com.nxp.mcuxpresso.tools.win32_11.8.0.202306131047/tools/bin/../lib/gcc/arm-none-eabi/12.2.1/../../../../arm-none-eabi/lib/thumb/v6-m/nofp\libcr_c.a(_deferredlazyseek.o)
 .ARM.attributes
                0x00000420       0x2c c:/nxp/mcuxpressoide_11.8.0_1165/ide/plugins/com.nxp.mcuxpresso.tools.win32_11.8.0.202306131047/tools/bin/../lib/gcc/arm-none-eabi/12.2.1/../../../../arm-none-eabi/lib/thumb/v6-m/nofp\libcr_c.a(_fdopen.o)
 .ARM.attributes
                0x0000044c       0x2c c:/nxp/mcuxpressoide_11.8.0_1165/ide/plugins/com.nxp.mcuxpresso.tools.win32_11.8.0.202306131047/tools/bin/../lib/gcc/arm-none-eabi/12.2.1/../../../../arm-none-eabi/lib/thumb/v6-m/nofp\libcr_c.a(_fflush.o)
 .ARM.attributes
                0x00000478       0x2c c:/nxp/mcuxpressoide_11.8.0_1165/ide/plugins/com.nxp.mcuxpresso.tools.win32_11.8.0.202306131047/tools/bin/../lib/gcc/arm-none-eabi/12.2.1/../../../../arm-none-eabi/lib/thumb/v6-m/nofp\libcr_c.a(_writebuf.o)
 .ARM.attributes
                0x000004a4       0x2c c:/nxp/mcuxpressoide_11.8.0_1165/ide/plugins/com.nxp.mcuxpresso.tools.win32_11.8.0.202306131047/tools/bin/../lib/gcc/arm-none-eabi/12.2.1/../../../../arm-none-eabi/lib/thumb/v6-m/nofp\libcr_c.a(fclose.o)
 .ARM.attributes
                0x000004d0       0x2c c:/nxp/mcuxpressoide_11.8.0_1165/ide/plugins/com.nxp.mcuxpresso.tools.win32_11.8.0.202306131047/tools/bin/../lib/gcc/arm-none-eabi/12.2.1/../../../../arm-none-eabi/lib/thumb/v6-m/nofp\libcr_c.a(fflush.o)
 .ARM.attributes
                0x000004fc       0x2c c:/nxp/mcuxpressoide_11.8.0_1165/ide/plugins/com.nxp.mcuxpresso.tools.win32_11.8.0.202306131047/tools/bin/../lib/gcc/arm-none-eabi/12.2.1/../../../../arm-none-eabi/lib/thumb/v6-m/nofp\libcr_c.a(fseek.o)
 .ARM.attributes
                0x00000528       0x2c c:/nxp/mcuxpressoide_11.8.0_1165/ide/plugins/com.nxp.mcuxpresso.tools.win32_11.8.0.202306131047/tools/bin/../lib/gcc/arm-none-eabi/12.2.1/../../../../arm-none-eabi/lib/thumb/v6-m/nofp\libcr_c.a(ftell.o)
 .ARM.attributes
                0x00000554       0x2c c:/nxp/mcuxpressoide_11.8.0_1165/ide/plugins/com.nxp.mcuxpresso.tools.win32_11.8.0.202306131047/tools/bin/../lib/gcc/arm-none-eabi/12.2.1/../../../../arm-none-eabi/lib/thumb/v6-m/nofp\libcr_c.a(remove.o)
 .ARM.attributes
                0x00000580       0x2c c:/nxp/mcuxpressoide_11.8.0_1165/ide/plugins/com.nxp.mcuxpresso.tools.win32_11.8.0.202306131047/tools/bin/../lib/gcc/arm-none-eabi/12.2.1/../../../../arm-none-eabi/lib/thumb/v6-m/nofp\libcr_c.a(_do_fflush.o)
 .ARM.attributes
                0x000005ac       0x1c c:/nxp/mcuxpressoide_11.8.0_1165/ide/plugins/com.nxp.mcuxpresso.tools.win32_11.8.0.202306131047/tools/bin/../lib/gcc/arm-none-eabi/12.2.1/thumb/v6-m/nofp\libcr_eabihelpers.a(division_32.o)
 .ARM.attributes
                0x000005c8       0x1c c:/nxp/mcuxpressoide_11.8.0_1165/ide/plugins/com.nxp.mcuxpresso.tools.win32_11.8.0.202306131047/tools/bin/../lib/gcc/arm-none-eabi/12.2.1/thumb/v6-m/nofp\libcr_eabihelpers.a(division_64.o)
 .ARM.attributes
                0x000005e4       0x1c c:/nxp/mcuxpressoide_11.8.0_1165/ide/plugins/com.nxp.mcuxpresso.tools.win32_11.8.0.202306131047/tools/bin/../lib/gcc/arm-none-eabi/12.2.1/thumb/v6-m/nofp\libcr_eabihelpers.a(division_idiv0.o)
 .ARM.attributes
                0x00000600       0x1c c:/nxp/mcuxpressoide_11.8.0_1165/ide/plugins/com.nxp.mcuxpresso.tools.win32_11.8.0.202306131047/tools/bin/../lib/gcc/arm-none-eabi/12.2.1/thumb/v6-m/nofp\libcr_eabihelpers.a(memcpy.o)
 .ARM.attributes
                0x0000061c       0x2c c:/nxp/mcuxpressoide_11.8.0_1165/ide/plugins/com.nxp.mcuxpresso.tools.win32_11.8.0.202306131047/tools/bin/../lib/gcc/arm-none-eabi/12.2.1/../../../../arm-none-eabi/lib/thumb/v6-m/nofp\libcr_nohost_nf.a(__ciob.o)
 .ARM.attributes
                0x00000648       0x2c c:/nxp/mcuxpressoide_11.8.0_1165/ide/plugins/com.nxp.mcuxpresso.tools.win32_11.8.0.202306131047/tools/bin/../lib/gcc/arm-none-eabi/12.2.1/../../../../arm-none-eabi/lib/thumb/v6-m/nofp\libcr_nohost_nf.a(__sys_close.o)
 .ARM.attributes
                0x00000674       0x2c c:/nxp/mcuxpressoide_11.8.0_1165/ide/plugins/com.nxp.mcuxpresso.tools.win32_11.8.0.202306131047/tools/bin/../lib/gcc/arm-none-eabi/12.2.1/../../../../arm-none-eabi/lib/thumb/v6-m/nofp\libcr_nohost_nf.a(__sys_flen.o)
 .ARM.attributes
                0x000006a0       0x2c c:/nxp/mcuxpressoide_11.8.0_1165/ide/plugins/com.nxp.mcuxpresso.tools.win32_11.8.0.202306131047/tools/bin/../lib/gcc/arm-none-eabi/12.2.1/../../../../arm-none-eabi/lib/thumb/v6-m/nofp\libcr_nohost_nf.a(__sys_istty.o)
 .ARM.attributes
                0x000006cc       0x2c c:/nxp/mcuxpressoide_11.8.0_1165/ide/plugins/com.nxp.mcuxpresso.tools.win32_11.8.0.202306131047/tools/bin/../lib/gcc/arm-none-eabi/12.2.1/../../../../arm-none-eabi/lib/thumb/v6-m/nofp\libcr_nohost_nf.a(__sys_remove.o)
 .ARM.attributes
                0x000006f8       0x2c c:/nxp/mcuxpressoide_11.8.0_1165/ide/plugins/com.nxp.mcuxpresso.tools.win32_11.8.0.202306131047/tools/bin/../lib/gcc/arm-none-eabi/12.2.1/../../../../arm-none-eabi/lib/thumb/v6-m/nofp\libcr_nohost_nf.a(__sys_seek.o)
 .ARM.attributes
                0x00000724       0x2c c:/nxp/mcuxpressoide_11.8.0_1165/ide/plugins/com.nxp.mcuxpresso.tools.win32_11.8.0.202306131047/tools/bin/../lib/gcc/arm-none-eabi/12.2.1/../../../../arm-none-eabi/lib/thumb/v6-m/nofp\libcr_nohost_nf.a(__sys_tmpnam.o)
 .ARM.attributes
                0x00000750       0x2c c:/nxp/mcuxpressoide_11.8.0_1165/ide/plugins/com.nxp.mcuxpresso.tools.win32_11.8.0.202306131047/tools/bin/../lib/gcc/arm-none-eabi/12.2.1/../../../../arm-none-eabi/lib/thumb/v6-m/nofp\libcr_nohost_nf.a(__sys_write.o)

.debug_frame    0x00000000     0x12c0
 .debug_frame   0x00000000       0x30 ./utilities/fsl_assert.o
 .debug_frame   0x00000030      0x150 ./utilities/fsl_debug_console.o
 .debug_frame   0x00000180      0x3a8 ./startup/startup_lpc804.o
 .debug_frame   0x00000528       0x20 ./source/semihost_hardfault.o
 .debug_frame   0x00000548       0xcc ./source/test.o
 .debug_frame   0x00000614      0x228 ./drivers/fsl_clock.o
 .debug_frame   0x0000083c      0x2b0 ./drivers/fsl_ctimer.o
 .debug_frame   0x00000aec       0x70 ./drivers/fsl_reset.o
 .debug_frame   0x00000b5c       0x70 ./drivers/fsl_swm.o
 .debug_frame   0x00000bcc      0x3e8 ./drivers/fsl_usart.o
 .debug_frame   0x00000fb4       0x64 ./device/system_LPC804.o
 .debug_frame   0x00001018       0xf0 ./component/uart/fsl_adapter_miniusart.o
 .debug_frame   0x00001108       0x50 ./board/board.o
 .debug_frame   0x00001158       0xe0 ./board/clock_config.o
 .debug_frame   0x00001238       0x88 ./board/pin_mux.o

.debug_loclists
                0x00000000      0x104
 .debug_loclists
                0x00000000      0x104 ./startup/startup_lpc804.o

Cross Reference Table

Symbol                                            File
ADC_OVR_DriverIRQHandler                          ./startup/startup_lpc804.o
ADC_OVR_IRQHandler                                ./startup/startup_lpc804.o
ADC_SEQA_DriverIRQHandler                         ./startup/startup_lpc804.o
ADC_SEQA_IRQHandler                               ./startup/startup_lpc804.o
ADC_SEQB_DriverIRQHandler                         ./startup/startup_lpc804.o
ADC_SEQB_IRQHandler                               ./startup/startup_lpc804.o
ADC_THCMP_DriverIRQHandler                        ./startup/startup_lpc804.o
ADC_THCMP_IRQHandler                              ./startup/startup_lpc804.o
BOARD_BootClockFRO18M                             ./board/clock_config.o
BOARD_BootClockFRO24M                             ./board/clock_config.o
BOARD_BootClockFRO30M                             ./board/clock_config.o
BOARD_InitBootClocks                              ./board/clock_config.o
                                                  ./source/test.o
BOARD_InitBootPins                                ./board/pin_mux.o
                                                  ./source/test.o
BOARD_InitDebugConsole                            ./board/board.o
                                                  ./source/test.o
BOARD_InitPins                                    ./board/pin_mux.o
BOD_DriverIRQHandler                              ./startup/startup_lpc804.o
BOD_IRQHandler                                    ./startup/startup_lpc804.o
CLOCK_GetClockOutClkFreq                          ./drivers/fsl_clock.o
CLOCK_GetFRG0ClkFreq                              ./drivers/fsl_clock.o
CLOCK_GetFreq                                     ./drivers/fsl_clock.o
                                                  ./source/test.o
CLOCK_GetFroFreq                                  ./drivers/fsl_clock.o
CLOCK_GetMainClkFreq                              ./drivers/fsl_clock.o
                                                  ./board/board.o
CLOCK_GetUart0ClkFreq                             ./drivers/fsl_clock.o
CLOCK_GetUart1ClkFreq                             ./drivers/fsl_clock.o
CLOCK_InitExtClkin                                ./drivers/fsl_clock.o
CLOCK_SetFRG0ClkFreq                              ./drivers/fsl_clock.o
                                                  ./board/clock_config.o
CLOCK_SetFroOscFreq                               ./drivers/fsl_clock.o
                                                  ./board/clock_config.o
CLOCK_SetMainClkSrc                               ./drivers/fsl_clock.o
                                                  ./board/clock_config.o
CMP_CAPT_DriverIRQHandler                         ./startup/startup_lpc804.o
CMP_CAPT_IRQHandler                               ./startup/startup_lpc804.o
CRP_WORD                                          ./startup/startup_lpc804.o
CTIMER0_DriverIRQHandler                          ./drivers/fsl_ctimer.o
                                                  ./startup/startup_lpc804.o
CTIMER0_IRQHandler                                ./startup/startup_lpc804.o
CTIMER_Deinit                                     ./drivers/fsl_ctimer.o
CTIMER_GetDefaultConfig                           ./drivers/fsl_ctimer.o
                                                  ./source/test.o
CTIMER_GetOutputMatchStatus                       ./drivers/fsl_ctimer.o
CTIMER_Init                                       ./drivers/fsl_ctimer.o
                                                  ./source/test.o
CTIMER_RegisterCallBack                           ./drivers/fsl_ctimer.o
                                                  ./source/test.o
CTIMER_SetupCapture                               ./drivers/fsl_ctimer.o
CTIMER_SetupMatch                                 ./drivers/fsl_ctimer.o
                                                  ./source/test.o
CTIMER_SetupPwm                                   ./drivers/fsl_ctimer.o
CTIMER_SetupPwmPeriod                             ./drivers/fsl_ctimer.o
CTIMER_UpdatePwmDutycycle                         ./drivers/fsl_ctimer.o
DAC0_DriverIRQHandler                             ./startup/startup_lpc804.o
DAC0_IRQHandler                                   ./startup/startup_lpc804.o
DbgConsole_Deinit                                 ./utilities/fsl_debug_console.o
DbgConsole_Getchar                                ./utilities/fsl_debug_console.o
DbgConsole_Init                                   ./utilities/fsl_debug_console.o
                                                  ./board/board.o
DbgConsole_Printf                                 ./utilities/fsl_debug_console.o
                                                  ./source/test.o
                                                  ./utilities/fsl_assert.o
DbgConsole_Putchar                                ./utilities/fsl_debug_console.o
DbgConsole_Scanf                                  ./utilities/fsl_debug_console.o
DbgConsole_Vprintf                                ./utilities/fsl_debug_console.o
DisableDeepSleepIRQ                               ./drivers/fsl_power.o
EnableDeepSleepIRQ                                ./drivers/fsl_power.o
ExtClockIn                                        ./board/board.o
FLASH_DriverIRQHandler                            ./startup/startup_lpc804.o
FLASH_IRQHandler                                  ./startup/startup_lpc804.o
GPIO_PinInit                                      ./drivers/fsl_gpio.o
GPIO_PortInit                                     ./drivers/fsl_gpio.o
HAL_UartDeinit                                    ./component/uart/fsl_adapter_miniusart.o
                                                  ./utilities/fsl_debug_console.o
HAL_UartEnterLowpower                             ./component/uart/fsl_adapter_miniusart.o
HAL_UartExitLowpower                              ./component/uart/fsl_adapter_miniusart.o
HAL_UartInit                                      ./component/uart/fsl_adapter_miniusart.o
                                                  ./utilities/fsl_debug_console.o
HAL_UartReceiveBlocking                           ./component/uart/fsl_adapter_miniusart.o
                                                  ./utilities/fsl_debug_console.o
HAL_UartSendBlocking                              ./component/uart/fsl_adapter_miniusart.o
                                                  ./utilities/fsl_debug_console.o
HardFault_Handler                                 ./source/semihost_hardfault.o
                                                  ./startup/startup_lpc804.o
I2C0_DriverIRQHandler                             ./startup/startup_lpc804.o
I2C0_IRQHandler                                   ./startup/startup_lpc804.o
I2C1_DriverIRQHandler                             ./startup/startup_lpc804.o
I2C1_IRQHandler                                   ./startup/startup_lpc804.o
IntDefaultHandler                                 ./startup/startup_lpc804.o
MRT0_DriverIRQHandler                             ./startup/startup_lpc804.o
MRT0_IRQHandler                                   ./startup/startup_lpc804.o
NMI_Handler                                       ./startup/startup_lpc804.o
PIN_INT0_DriverIRQHandler                         ./startup/startup_lpc804.o
PIN_INT0_IRQHandler                               ./startup/startup_lpc804.o
PIN_INT1_DriverIRQHandler                         ./startup/startup_lpc804.o
PIN_INT1_IRQHandler                               ./startup/startup_lpc804.o
PIN_INT2_DriverIRQHandler                         ./startup/startup_lpc804.o
PIN_INT2_IRQHandler                               ./startup/startup_lpc804.o
PIN_INT3_DriverIRQHandler                         ./startup/startup_lpc804.o
PIN_INT3_IRQHandler                               ./startup/startup_lpc804.o
PIN_INT4_DriverIRQHandler                         ./startup/startup_lpc804.o
PIN_INT4_IRQHandler                               ./startup/startup_lpc804.o
PIN_INT5_DriverIRQHandler                         ./startup/startup_lpc804.o
PIN_INT5_IRQHandler                               ./startup/startup_lpc804.o
PIN_INT6_DriverIRQHandler                         ./startup/startup_lpc804.o
PIN_INT6_IRQHandler                               ./startup/startup_lpc804.o
PIN_INT7_DriverIRQHandler                         ./startup/startup_lpc804.o
PIN_INT7_IRQHandler                               ./startup/startup_lpc804.o
POWER_EnterDeepPowerDownMode                      ./drivers/fsl_power.o
POWER_EnterDeepSleep                              ./drivers/fsl_power.o
POWER_EnterPowerDown                              ./drivers/fsl_power.o
POWER_EnterSleep                                  ./drivers/fsl_power.o
PendSV_Handler                                    ./startup/startup_lpc804.o
RESET_PeripheralReset                             ./drivers/fsl_reset.o
                                                  ./board/board.o
                                                  ./drivers/fsl_usart.o
                                                  ./drivers/fsl_gpio.o
                                                  ./drivers/fsl_ctimer.o
Reserved17_DriverIRQHandler                       ./startup/startup_lpc804.o
Reserved17_IRQHandler                             ./startup/startup_lpc804.o
Reserved21_DriverIRQHandler                       ./startup/startup_lpc804.o
Reserved21_IRQHandler                             ./startup/startup_lpc804.o
Reserved22_DriverIRQHandler                       ./startup/startup_lpc804.o
Reserved22_IRQHandler                             ./startup/startup_lpc804.o
Reserved25_DriverIRQHandler                       ./startup/startup_lpc804.o
Reserved25_IRQHandler                             ./startup/startup_lpc804.o
Reserved36_DriverIRQHandler                       ./startup/startup_lpc804.o
Reserved36_IRQHandler                             ./startup/startup_lpc804.o
Reserved37_DriverIRQHandler                       ./startup/startup_lpc804.o
Reserved37_IRQHandler                             ./startup/startup_lpc804.o
Reserved38_DriverIRQHandler                       ./startup/startup_lpc804.o
Reserved38_IRQHandler                             ./startup/startup_lpc804.o
ResetISR                                          ./startup/startup_lpc804.o
SDK_DelayAtLeastUs                                ./drivers/fsl_common_arm.o
SDK_Free                                          ./drivers/fsl_common.o
SDK_Malloc                                        ./drivers/fsl_common.o
SPI0_DriverIRQHandler                             ./startup/startup_lpc804.o
SPI0_IRQHandler                                   ./startup/startup_lpc804.o
SVC_Handler                                       ./startup/startup_lpc804.o
SWM_SetFixedMovablePinSelect                      ./drivers/fsl_swm.o
SWM_SetFixedPinSelect                             ./drivers/fsl_swm.o
SWM_SetMovablePinSelect                           ./drivers/fsl_swm.o
                                                  ./board/pin_mux.o
SYSCON_AttachSignal                               ./drivers/fsl_syscon.o
StrFormatPrintf                                   ./utilities/fsl_str.o
StrFormatScanf                                    ./utilities/fsl_str.o
                                                  ./utilities/fsl_debug_console.o
SysTick_Handler                                   ./startup/startup_lpc804.o
SystemCoreClock                                   ./device/system_LPC804.o
                                                  ./board/clock_config.o
SystemCoreClockUpdate                             ./device/system_LPC804.o
SystemInit                                        ./device/system_LPC804.o
                                                  ./startup/startup_lpc804.o
SystemInitHook                                    ./device/system_LPC804.o
USART0_DriverIRQHandler                           ./drivers/fsl_usart.o
                                                  ./startup/startup_lpc804.o
USART0_IRQHandler                                 ./startup/startup_lpc804.o
USART1_DriverIRQHandler                           ./drivers/fsl_usart.o
                                                  ./startup/startup_lpc804.o
USART1_IRQHandler                                 ./startup/startup_lpc804.o
USART_Deinit                                      ./drivers/fsl_usart.o
                                                  ./component/uart/fsl_adapter_miniusart.o
USART_GetDefaultConfig                            ./drivers/fsl_usart.o
                                                  ./component/uart/fsl_adapter_miniusart.o
USART_GetInstance                                 ./drivers/fsl_usart.o
USART_Init                                        ./drivers/fsl_usart.o
                                                  ./component/uart/fsl_adapter_miniusart.o
USART_ReadBlocking                                ./drivers/fsl_usart.o
                                                  ./component/uart/fsl_adapter_miniusart.o
USART_SetBaudRate                                 ./drivers/fsl_usart.o
USART_TransferAbortReceive                        ./drivers/fsl_usart.o
USART_TransferAbortSend                           ./drivers/fsl_usart.o
USART_TransferCreateHandle                        ./drivers/fsl_usart.o
USART_TransferGetReceiveCount                     ./drivers/fsl_usart.o
USART_TransferGetRxRingBufferLength               ./drivers/fsl_usart.o
USART_TransferGetSendCount                        ./drivers/fsl_usart.o
USART_TransferHandleIRQ                           ./drivers/fsl_usart.o
USART_TransferReceiveNonBlocking                  ./drivers/fsl_usart.o
USART_TransferSendNonBlocking                     ./drivers/fsl_usart.o
USART_TransferStartRingBuffer                     ./drivers/fsl_usart.o
USART_TransferStopRingBuffer                      ./drivers/fsl_usart.o
USART_WriteBlocking                               ./drivers/fsl_usart.o
                                                  ./component/uart/fsl_adapter_miniusart.o
WDT_DriverIRQHandler                              ./startup/startup_lpc804.o
WDT_IRQHandler                                    ./startup/startup_lpc804.o
WKT_DriverIRQHandler                              ./startup/startup_lpc804.o
WKT_IRQHandler                                    ./startup/startup_lpc804.o
_Csys_alloc                                       c:/nxp/mcuxpressoide_11.8.0_1165/ide/plugins/com.nxp.mcuxpresso.tools.win32_11.8.0.202306131047/tools/bin/../lib/gcc/arm-none-eabi/12.2.1/../../../../arm-none-eabi/lib/thumb/v6-m/nofp\libcr_c.a(alloc.o)
                                                  c:/nxp/mcuxpressoide_11.8.0_1165/ide/plugins/com.nxp.mcuxpresso.tools.win32_11.8.0.202306131047/tools/bin/../lib/gcc/arm-none-eabi/12.2.1/../../../../arm-none-eabi/lib/thumb/v6-m/nofp\libcr_c.a(_deferredlazyseek.o)
                                                  c:/nxp/mcuxpressoide_11.8.0_1165/ide/plugins/com.nxp.mcuxpresso.tools.win32_11.8.0.202306131047/tools/bin/../lib/gcc/arm-none-eabi/12.2.1/../../../../arm-none-eabi/lib/thumb/v6-m/nofp\libcr_c.a(__fillbuf.o)
_Csys_read_                                       c:/nxp/mcuxpressoide_11.8.0_1165/ide/plugins/com.nxp.mcuxpresso.tools.win32_11.8.0.202306131047/tools/bin/../lib/gcc/arm-none-eabi/12.2.1/../../../../arm-none-eabi/lib/thumb/v6-m/nofp\libcr_c.a(__fillbuf.o)
_Cwritebuf                                        c:/nxp/mcuxpressoide_11.8.0_1165/ide/plugins/com.nxp.mcuxpresso.tools.win32_11.8.0.202306131047/tools/bin/../lib/gcc/arm-none-eabi/12.2.1/../../../../arm-none-eabi/lib/thumb/v6-m/nofp\libcr_c.a(_writebuf.o)
                                                  c:/nxp/mcuxpressoide_11.8.0_1165/ide/plugins/com.nxp.mcuxpresso.tools.win32_11.8.0.202306131047/tools/bin/../lib/gcc/arm-none-eabi/12.2.1/../../../../arm-none-eabi/lib/thumb/v6-m/nofp\libcr_c.a(_fflush.o)
                                                  c:/nxp/mcuxpressoide_11.8.0_1165/ide/plugins/com.nxp.mcuxpresso.tools.win32_11.8.0.202306131047/tools/bin/../lib/gcc/arm-none-eabi/12.2.1/../../../../arm-none-eabi/lib/thumb/v6-m/nofp\libcr_c.a(_deferredlazyseek.o)
__Ciob                                            c:/nxp/mcuxpressoide_11.8.0_1165/ide/plugins/com.nxp.mcuxpresso.tools.win32_11.8.0.202306131047/tools/bin/../lib/gcc/arm-none-eabi/12.2.1/../../../../arm-none-eabi/lib/thumb/v6-m/nofp\libcr_nohost_nf.a(__ciob.o)
                                                  c:/nxp/mcuxpressoide_11.8.0_1165/ide/plugins/com.nxp.mcuxpresso.tools.win32_11.8.0.202306131047/tools/bin/../lib/gcc/arm-none-eabi/12.2.1/../../../../arm-none-eabi/lib/thumb/v6-m/nofp\libcr_c.a(fflush.o)
                                                  c:/nxp/mcuxpressoide_11.8.0_1165/ide/plugins/com.nxp.mcuxpresso.tools.win32_11.8.0.202306131047/tools/bin/../lib/gcc/arm-none-eabi/12.2.1/../../../../arm-none-eabi/lib/thumb/v6-m/nofp\libcr_c.a(scanf.o)
                                                  c:/nxp/mcuxpressoide_11.8.0_1165/ide/plugins/com.nxp.mcuxpresso.tools.win32_11.8.0.202306131047/tools/bin/../lib/gcc/arm-none-eabi/12.2.1/../../../../arm-none-eabi/lib/thumb/v6-m/nofp\libcr_c.a(initio.o)
__Vectors                                         ./startup/startup_lpc804.o
__aeabi_cdcmpeq                                   c:/nxp/mcuxpressoide_11.8.0_1165/ide/plugins/com.nxp.mcuxpresso.tools.win32_11.8.0.202306131047/tools/bin/../lib/gcc/arm-none-eabi/12.2.1/thumb/v6-m/nofp\libcr_eabihelpers.a(double.o)
__aeabi_cdcmple                                   c:/nxp/mcuxpressoide_11.8.0_1165/ide/plugins/com.nxp.mcuxpresso.tools.win32_11.8.0.202306131047/tools/bin/../lib/gcc/arm-none-eabi/12.2.1/thumb/v6-m/nofp\libcr_eabihelpers.a(double.o)
__aeabi_cdrcmple                                  c:/nxp/mcuxpressoide_11.8.0_1165/ide/plugins/com.nxp.mcuxpresso.tools.win32_11.8.0.202306131047/tools/bin/../lib/gcc/arm-none-eabi/12.2.1/thumb/v6-m/nofp\libcr_eabihelpers.a(double.o)
__aeabi_d2f                                       c:/nxp/mcuxpressoide_11.8.0_1165/ide/plugins/com.nxp.mcuxpresso.tools.win32_11.8.0.202306131047/tools/bin/../lib/gcc/arm-none-eabi/12.2.1/thumb/v6-m/nofp\libcr_eabihelpers.a(double.o)
                                                  c:/nxp/mcuxpressoide_11.8.0_1165/ide/plugins/com.nxp.mcuxpresso.tools.win32_11.8.0.202306131047/tools/bin/../lib/gcc/arm-none-eabi/12.2.1/../../../../arm-none-eabi/lib/thumb/v6-m/nofp\libcr_c.a(scanf.o)
__aeabi_d2iz                                      c:/nxp/mcuxpressoide_11.8.0_1165/ide/plugins/com.nxp.mcuxpresso.tools.win32_11.8.0.202306131047/tools/bin/../lib/gcc/arm-none-eabi/12.2.1/thumb/v6-m/nofp\libcr_eabihelpers.a(double.o)
__aeabi_d2lz                                      c:/nxp/mcuxpressoide_11.8.0_1165/ide/plugins/com.nxp.mcuxpresso.tools.win32_11.8.0.202306131047/tools/bin/../lib/gcc/arm-none-eabi/12.2.1/thumb/v6-m/nofp\libcr_eabihelpers.a(double.o)
__aeabi_d2uiz                                     c:/nxp/mcuxpressoide_11.8.0_1165/ide/plugins/com.nxp.mcuxpresso.tools.win32_11.8.0.202306131047/tools/bin/../lib/gcc/arm-none-eabi/12.2.1/thumb/v6-m/nofp\libcr_eabihelpers.a(double.o)
__aeabi_d2ulz                                     c:/nxp/mcuxpressoide_11.8.0_1165/ide/plugins/com.nxp.mcuxpresso.tools.win32_11.8.0.202306131047/tools/bin/../lib/gcc/arm-none-eabi/12.2.1/thumb/v6-m/nofp\libcr_eabihelpers.a(double.o)
__aeabi_dadd                                      c:/nxp/mcuxpressoide_11.8.0_1165/ide/plugins/com.nxp.mcuxpresso.tools.win32_11.8.0.202306131047/tools/bin/../lib/gcc/arm-none-eabi/12.2.1/thumb/v6-m/nofp\libcr_eabihelpers.a(double.o)
                                                  c:/nxp/mcuxpressoide_11.8.0_1165/ide/plugins/com.nxp.mcuxpresso.tools.win32_11.8.0.202306131047/tools/bin/../lib/gcc/arm-none-eabi/12.2.1/../../../../arm-none-eabi/lib/thumb/v6-m/nofp\libcr_c.a(scanf.o)
__aeabi_dcmpeq                                    c:/nxp/mcuxpressoide_11.8.0_1165/ide/plugins/com.nxp.mcuxpresso.tools.win32_11.8.0.202306131047/tools/bin/../lib/gcc/arm-none-eabi/12.2.1/thumb/v6-m/nofp\libcr_eabihelpers.a(double.o)
                                                  c:/nxp/mcuxpressoide_11.8.0_1165/ide/plugins/com.nxp.mcuxpresso.tools.win32_11.8.0.202306131047/tools/bin/../lib/gcc/arm-none-eabi/12.2.1/../../../../arm-none-eabi/lib/thumb/v6-m/nofp\libcr_c.a(_ldexpl.o)
                                                  c:/nxp/mcuxpressoide_11.8.0_1165/ide/plugins/com.nxp.mcuxpresso.tools.win32_11.8.0.202306131047/tools/bin/../lib/gcc/arm-none-eabi/12.2.1/../../../../arm-none-eabi/lib/thumb/v6-m/nofp\libcr_c.a(_frexpl.o)
                                                  c:/nxp/mcuxpressoide_11.8.0_1165/ide/plugins/com.nxp.mcuxpresso.tools.win32_11.8.0.202306131047/tools/bin/../lib/gcc/arm-none-eabi/12.2.1/../../../../arm-none-eabi/lib/thumb/v6-m/nofp\libcr_c.a(scanf.o)
__aeabi_dcmpge                                    c:/nxp/mcuxpressoide_11.8.0_1165/ide/plugins/com.nxp.mcuxpresso.tools.win32_11.8.0.202306131047/tools/bin/../lib/gcc/arm-none-eabi/12.2.1/thumb/v6-m/nofp\libcr_eabihelpers.a(double.o)
                                                  c:/nxp/mcuxpressoide_11.8.0_1165/ide/plugins/com.nxp.mcuxpresso.tools.win32_11.8.0.202306131047/tools/bin/../lib/gcc/arm-none-eabi/12.2.1/../../../../arm-none-eabi/lib/thumb/v6-m/nofp\libcr_c.a(scanf.o)
__aeabi_dcmpgt                                    c:/nxp/mcuxpressoide_11.8.0_1165/ide/plugins/com.nxp.mcuxpresso.tools.win32_11.8.0.202306131047/tools/bin/../lib/gcc/arm-none-eabi/12.2.1/thumb/v6-m/nofp\libcr_eabihelpers.a(double.o)
__aeabi_dcmple                                    c:/nxp/mcuxpressoide_11.8.0_1165/ide/plugins/com.nxp.mcuxpresso.tools.win32_11.8.0.202306131047/tools/bin/../lib/gcc/arm-none-eabi/12.2.1/thumb/v6-m/nofp\libcr_eabihelpers.a(double.o)
__aeabi_dcmplt                                    c:/nxp/mcuxpressoide_11.8.0_1165/ide/plugins/com.nxp.mcuxpresso.tools.win32_11.8.0.202306131047/tools/bin/../lib/gcc/arm-none-eabi/12.2.1/thumb/v6-m/nofp\libcr_eabihelpers.a(double.o)
__aeabi_dcmpun                                    c:/nxp/mcuxpressoide_11.8.0_1165/ide/plugins/com.nxp.mcuxpresso.tools.win32_11.8.0.202306131047/tools/bin/../lib/gcc/arm-none-eabi/12.2.1/thumb/v6-m/nofp\libcr_eabihelpers.a(double.o)
__aeabi_ddiv                                      c:/nxp/mcuxpressoide_11.8.0_1165/ide/plugins/com.nxp.mcuxpresso.tools.win32_11.8.0.202306131047/tools/bin/../lib/gcc/arm-none-eabi/12.2.1/thumb/v6-m/nofp\libcr_eabihelpers.a(double.o)
                                                  c:/nxp/mcuxpressoide_11.8.0_1165/ide/plugins/com.nxp.mcuxpresso.tools.win32_11.8.0.202306131047/tools/bin/../lib/gcc/arm-none-eabi/12.2.1/../../../../arm-none-eabi/lib/thumb/v6-m/nofp\libcr_c.a(scanf.o)
__aeabi_dmul                                      c:/nxp/mcuxpressoide_11.8.0_1165/ide/plugins/com.nxp.mcuxpresso.tools.win32_11.8.0.202306131047/tools/bin/../lib/gcc/arm-none-eabi/12.2.1/thumb/v6-m/nofp\libcr_eabihelpers.a(double.o)
                                                  c:/nxp/mcuxpressoide_11.8.0_1165/ide/plugins/com.nxp.mcuxpresso.tools.win32_11.8.0.202306131047/tools/bin/../lib/gcc/arm-none-eabi/12.2.1/../../../../arm-none-eabi/lib/thumb/v6-m/nofp\libcr_c.a(scanf.o)
__aeabi_dneg                                      c:/nxp/mcuxpressoide_11.8.0_1165/ide/plugins/com.nxp.mcuxpresso.tools.win32_11.8.0.202306131047/tools/bin/../lib/gcc/arm-none-eabi/12.2.1/thumb/v6-m/nofp\libcr_eabihelpers.a(double.o)
__aeabi_drsub                                     c:/nxp/mcuxpressoide_11.8.0_1165/ide/plugins/com.nxp.mcuxpresso.tools.win32_11.8.0.202306131047/tools/bin/../lib/gcc/arm-none-eabi/12.2.1/thumb/v6-m/nofp\libcr_eabihelpers.a(double.o)
__aeabi_dsub                                      c:/nxp/mcuxpressoide_11.8.0_1165/ide/plugins/com.nxp.mcuxpresso.tools.win32_11.8.0.202306131047/tools/bin/../lib/gcc/arm-none-eabi/12.2.1/thumb/v6-m/nofp\libcr_eabihelpers.a(double.o)
                                                  c:/nxp/mcuxpressoide_11.8.0_1165/ide/plugins/com.nxp.mcuxpresso.tools.win32_11.8.0.202306131047/tools/bin/../lib/gcc/arm-none-eabi/12.2.1/../../../../arm-none-eabi/lib/thumb/v6-m/nofp\libcr_c.a(scanf.o)
__aeabi_i2d                                       c:/nxp/mcuxpressoide_11.8.0_1165/ide/plugins/com.nxp.mcuxpresso.tools.win32_11.8.0.202306131047/tools/bin/../lib/gcc/arm-none-eabi/12.2.1/thumb/v6-m/nofp\libcr_eabihelpers.a(double.o)
                                                  c:/nxp/mcuxpressoide_11.8.0_1165/ide/plugins/com.nxp.mcuxpresso.tools.win32_11.8.0.202306131047/tools/bin/../lib/gcc/arm-none-eabi/12.2.1/../../../../arm-none-eabi/lib/thumb/v6-m/nofp\libcr_c.a(scanf.o)
__aeabi_idiv                                      c:/nxp/mcuxpressoide_11.8.0_1165/ide/plugins/com.nxp.mcuxpresso.tools.win32_11.8.0.202306131047/tools/bin/../lib/gcc/arm-none-eabi/12.2.1/thumb/v6-m/nofp\libcr_eabihelpers.a(division_32.o)
                                                  c:/nxp/mcuxpressoide_11.8.0_1165/ide/plugins/com.nxp.mcuxpresso.tools.win32_11.8.0.202306131047/tools/bin/../lib/gcc/arm-none-eabi/12.2.1/../../../../arm-none-eabi/lib/thumb/v6-m/nofp\libcr_c.a(scanf.o)
__aeabi_idiv0                                     c:/nxp/mcuxpressoide_11.8.0_1165/ide/plugins/com.nxp.mcuxpresso.tools.win32_11.8.0.202306131047/tools/bin/../lib/gcc/arm-none-eabi/12.2.1/thumb/v6-m/nofp\libcr_eabihelpers.a(division_idiv0.o)