Archive member included to satisfy reference by file (symbol)

c:/nxp/mcuxpressoide_11.8.0_1165/ide/plugins/com.nxp.mcuxpresso.tools.win32_11.8.0.202306131047/tools/bin/../lib/gcc/arm-none-eabi/12.2.1/../../../../arm-none-eabi/lib/thumb/v6-m/nofp\libcr_nohost_nf.a(_cr__main.o)
                              ./startup/startup_lpc804.o (__main)
c:/nxp/mcuxpressoide_11.8.0_1165/ide/plugins/com.nxp.mcuxpresso.tools.win32_11.8.0.202306131047/tools/bin/../lib/gcc/arm-none-eabi/12.2.1/../../../../arm-none-eabi/lib/thumb/v6-m/nofp\libcr_c.a(memcpy.o)
                              ./utilities/fsl_debug_console.o (memcpy)
c:/nxp/mcuxpressoide_11.8.0_1165/ide/plugins/com.nxp.mcuxpresso.tools.win32_11.8.0.202306131047/tools/bin/../lib/gcc/arm-none-eabi/12.2.1/../../../../arm-none-eabi/lib/thumb/v6-m/nofp\libcr_c.a(memset.o)
                              ./drivers/fsl_adc.o (memset)
c:/nxp/mcuxpressoide_11.8.0_1165/ide/plugins/com.nxp.mcuxpresso.tools.win32_11.8.0.202306131047/tools/bin/../lib/gcc/arm-none-eabi/12.2.1/../../../../arm-none-eabi/lib/thumb/v6-m/nofp\libcr_c.a(alloc.o)
                              ./drivers/fsl_common.o (malloc)
c:/nxp/mcuxpressoide_11.8.0_1165/ide/plugins/com.nxp.mcuxpresso.tools.win32_11.8.0.202306131047/tools/bin/../lib/gcc/arm-none-eabi/12.2.1/../../../../arm-none-eabi/lib/thumb/v6-m/nofp\libcr_c.a(errno.o)
                              ./utilities/fsl_str.o (errno)
c:/nxp/mcuxpressoide_11.8.0_1165/ide/plugins/com.nxp.mcuxpresso.tools.win32_11.8.0.202306131047/tools/bin/../lib/gcc/arm-none-eabi/12.2.1/../../../../arm-none-eabi/lib/thumb/v6-m/nofp\libcr_c.a(initio.o)
                              c:/nxp/mcuxpressoide_11.8.0_1165/ide/plugins/com.nxp.mcuxpresso.tools.win32_11.8.0.202306131047/tools/bin/../lib/gcc/arm-none-eabi/12.2.1/../../../../arm-none-eabi/lib/thumb/v6-m/nofp\libcr_nohost_nf.a(_cr__main.o) (_initio)
c:/nxp/mcuxpressoide_11.8.0_1165/ide/plugins/com.nxp.mcuxpresso.tools.win32_11.8.0.202306131047/tools/bin/../lib/gcc/arm-none-eabi/12.2.1/../../../../arm-none-eabi/lib/thumb/v6-m/nofp\libcr_c.a(scanf.o)
                              ./utilities/fsl_str.o (strtoul)
c:/nxp/mcuxpressoide_11.8.0_1165/ide/plugins/com.nxp.mcuxpresso.tools.win32_11.8.0.202306131047/tools/bin/../lib/gcc/arm-none-eabi/12.2.1/../../../../arm-none-eabi/lib/thumb/v6-m/nofp\libcr_c.a(setvbuf.o)
                              c:/nxp/mcuxpressoide_11.8.0_1165/ide/plugins/com.nxp.mcuxpresso.tools.win32_11.8.0.202306131047/tools/bin/../lib/gcc/arm-none-eabi/12.2.1/../../../../arm-none-eabi/lib/thumb/v6-m/nofp\libcr_c.a(initio.o) (setvbuf)
c:/nxp/mcuxpressoide_11.8.0_1165/ide/plugins/com.nxp.mcuxpresso.tools.win32_11.8.0.202306131047/tools/bin/../lib/gcc/arm-none-eabi/12.2.1/../../../../arm-none-eabi/lib/thumb/v6-m/nofp\libcr_c.a(sqrt.o)
                              ./source/test2.o (sqrt)
c:/nxp/mcuxpressoide_11.8.0_1165/ide/plugins/com.nxp.mcuxpresso.tools.win32_11.8.0.202306131047/tools/bin/../lib/gcc/arm-none-eabi/12.2.1/../../../../arm-none-eabi/lib/thumb/v6-m/nofp\libcr_c.a(strlen.o)
                              ./utilities/fsl_debug_console.o (strlen)
c:/nxp/mcuxpressoide_11.8.0_1165/ide/plugins/com.nxp.mcuxpresso.tools.win32_11.8.0.202306131047/tools/bin/../lib/gcc/arm-none-eabi/12.2.1/../../../../arm-none-eabi/lib/thumb/v6-m/nofp\libcr_c.a(ungetc.o)
                              c:/nxp/mcuxpressoide_11.8.0_1165/ide/plugins/com.nxp.mcuxpresso.tools.win32_11.8.0.202306131047/tools/bin/../lib/gcc/arm-none-eabi/12.2.1/../../../../arm-none-eabi/lib/thumb/v6-m/nofp\libcr_c.a(scanf.o) (ungetc)
c:/nxp/mcuxpressoide_11.8.0_1165/ide/plugins/com.nxp.mcuxpresso.tools.win32_11.8.0.202306131047/tools/bin/../lib/gcc/arm-none-eabi/12.2.1/../../../../arm-none-eabi/lib/thumb/v6-m/nofp\libcr_c.a(__fillbuf.o)
                              c:/nxp/mcuxpressoide_11.8.0_1165/ide/plugins/com.nxp.mcuxpresso.tools.win32_11.8.0.202306131047/tools/bin/../lib/gcc/arm-none-eabi/12.2.1/../../../../arm-none-eabi/lib/thumb/v6-m/nofp\libcr_c.a(scanf.o) (__filbuf)
c:/nxp/mcuxpressoide_11.8.0_1165/ide/plugins/com.nxp.mcuxpresso.tools.win32_11.8.0.202306131047/tools/bin/../lib/gcc/arm-none-eabi/12.2.1/../../../../arm-none-eabi/lib/thumb/v6-m/nofp\libcr_c.a(__init_alloc.o)
                              c:/nxp/mcuxpressoide_11.8.0_1165/ide/plugins/com.nxp.mcuxpresso.tools.win32_11.8.0.202306131047/tools/bin/../lib/gcc/arm-none-eabi/12.2.1/../../../../arm-none-eabi/lib/thumb/v6-m/nofp\libcr_c.a(alloc.o) (__heaps)
c:/nxp/mcuxpressoide_11.8.0_1165/ide/plugins/com.nxp.mcuxpresso.tools.win32_11.8.0.202306131047/tools/bin/../lib/gcc/arm-none-eabi/12.2.1/../../../../arm-none-eabi/lib/thumb/v6-m/nofp\libcr_c.a(_cr_sbrk.o)
                              c:/nxp/mcuxpressoide_11.8.0_1165/ide/plugins/com.nxp.mcuxpresso.tools.win32_11.8.0.202306131047/tools/bin/../lib/gcc/arm-none-eabi/12.2.1/../../../../arm-none-eabi/lib/thumb/v6-m/nofp\libcr_c.a(alloc.o) (_sbrk)
[...]
Memory Configuration

Name             Origin             Length             Attributes
PROGRAM_FLASH    0x00000000         0x00007f80         xr
BOOT_FLASH       0x00007f80         0x00000080         xr
SRAM             0x10000000         0x00000fe0         xrw
IAP_SRAM         0x10000fe0         0x00000020         xrw
*default*        0x00000000         0xffffffff

Linker script and memory map

LOAD ./utilities/fsl_assert.o
LOAD ./utilities/fsl_debug_console.o
LOAD ./utilities/fsl_str.o
LOAD ./startup/startup_lpc804.o
LOAD ./source/Ctimer.o
LOAD ./source/fsl_adc_interrupt.o
LOAD ./source/rmsCalc.o
LOAD ./source/semihost_hardfault.o
LOAD ./source/test.o
LOAD ./source/test2.o
LOAD ./drivers/fsl_adc.o
LOAD ./drivers/fsl_clock.o
LOAD ./drivers/fsl_common.o
LOAD ./drivers/fsl_common_arm.o
LOAD ./drivers/fsl_ctimer.o
LOAD ./drivers/fsl_gpio.o
LOAD ./drivers/fsl_power.o
LOAD ./drivers/fsl_reset.o
LOAD ./drivers/fsl_swm.o
LOAD ./drivers/fsl_syscon.o
LOAD ./drivers/fsl_usart.o
LOAD ./device/system_LPC804.o
LOAD ./component/uart/fsl_adapter_miniusart.o
LOAD ./component/timer/fsl_adapter_ctimer.o
LOAD ./board/board.o
LOAD ./board/clock_config.o
LOAD ./board/pin_mux.o
START GROUP
LOAD c:/nxp/mcuxpressoide_11.8.0_1165/ide/plugins/com.nxp.mcuxpresso.tools.win32_11.8.0.202306131047/tools/bin/../lib/gcc/arm-none-eabi/12.2.1/../../../../arm-none-eabi/lib/thumb/v6-m/nofp\libcr_nohost_nf.a
LOAD c:/nxp/mcuxpressoide_11.8.0_1165/ide/plugins/com.nxp.mcuxpresso.tools.win32_11.8.0.202306131047/tools/bin/../lib/gcc/arm-none-eabi/12.2.1/../../../../arm-none-eabi/lib/thumb/v6-m/nofp\libcr_c.a
LOAD c:/nxp/mcuxpressoide_11.8.0_1165/ide/plugins/com.nxp.mcuxpresso.tools.win32_11.8.0.202306131047/tools/bin/../lib/gcc/arm-none-eabi/12.2.1/thumb/v6-m/nofp\libcr_eabihelpers.a
LOAD c:/nxp/mcuxpressoide_11.8.0_1165/ide/plugins/com.nxp.mcuxpresso.tools.win32_11.8.0.202306131047/tools/bin/../lib/gcc/arm-none-eabi/12.2.1/thumb/v6-m/nofp\libgcc.a
END GROUP
                0x00000000                __base_PROGRAM_FLASH = 0x0
                0x00000000                __base_Flash = 0x0
                0x00007f80                __top_PROGRAM_FLASH = 0x7f80
                0x00007f80                __top_Flash = 0x7f80
                0x00007f80                __base_BOOT_FLASH = 0x7f80
                0x00007f80                __base_Flash2 = 0x7f80
                0x00008000                __top_BOOT_FLASH = 0x8000
                0x00008000                __top_Flash2 = 0x8000
                0x10000000                __base_SRAM = 0x10000000
                0x10000000                __base_RAM = 0x10000000
                0x10000fe0                __top_SRAM = 0x10000fe0
                0x10000fe0                __top_RAM = 0x10000fe0
                0x10000fe0                __base_IAP_SRAM = 0x10000fe0
                0x10000fe0                __base_RAM2 = 0x10000fe0
                0x10001000                __top_IAP_SRAM = 0x10001000
                0x10001000                __top_RAM2 = 0x10001000

.text_Flash2    0x00007f80        0x0
 FILL mask 0xff
 *(SORT_BY_ALIGNMENT(.text_Flash2))
 *(SORT_BY_ALIGNMENT(.text_BOOT_FLASH))
 *(SORT_BY_ALIGNMENT(.text.$Flash2))
 *(SORT_BY_ALIGNMENT(.text.$BOOT_FLASH))
 *(SORT_BY_ALIGNMENT(.text_Flash2.*))
 *(SORT_BY_ALIGNMENT(.text_BOOT_FLASH.*))
 *(SORT_BY_ALIGNMENT(.text.$Flash2.*))
 *(SORT_BY_ALIGNMENT(.text.$BOOT_FLASH.*))
 *(SORT_BY_ALIGNMENT(.rodata.$Flash2))
 *(SORT_BY_ALIGNMENT(.rodata.$BOOT_FLASH))
 *(SORT_BY_ALIGNMENT(.rodata.$Flash2.*))
 *(SORT_BY_ALIGNMENT(.rodata.$BOOT_FLASH.*))

.text           0x00000000     0x37c4
 FILL mask 0xff
                0x00000000                __vectors_start__ = ABSOLUTE (.)
 *(SORT_BY_ALIGNMENT(.isr_vector))
 .isr_vector    0x00000000       0xc0 ./startup/startup_lpc804.o
                0x00000000                g_pfnVectors
                0x00000000                __Vectors
                0x000000c0                . = ALIGN (0x4)
                0x000000c0                __section_table_start = .
                0x000000c0                __data_section_table = .
                0x000000c0        0x4 LONG 0x37c4 LOADADDR (.data)
                0x000000c4        0x4 LONG 0x10000000 ADDR (.data)
                0x000000c8        0x4 LONG 0xc SIZEOF (.data)
                0x000000cc        0x4 LONG 0x37c4 LOADADDR (.data_RAM2)
                0x000000d0        0x4 LONG 0x10000fe0 ADDR (.data_RAM2)
                0x000000d4        0x4 LONG 0x0 SIZEOF (.data_RAM2)
                0x000000d8                __data_section_table_end = .
                0x000000d8                __bss_section_table = .
                0x000000d8        0x4 LONG 0x10000010 ADDR (.bss)
                0x000000dc        0x4 LONG 0x118 SIZEOF (.bss)
                0x000000e0        0x4 LONG 0x10000fe0 ADDR (.bss_RAM2)
                0x000000e4        0x4 LONG 0x0 SIZEOF (.bss_RAM2)
                0x000000e8                __bss_section_table_end = .
                0x000000e8                __section_table_end = .
 *(SORT_BY_ALIGNMENT(.after_vectors*))
 .after_vectors.reset
                0x000000e8       0x54 ./startup/startup_lpc804.o
                0x000000e8                ResetISR
 .after_vectors.init_data
                0x0000013c       0x12 ./startup/startup_lpc804.o
                0x0000013c                data_init
 .after_vectors.init_bss
                0x0000014e       0x10 ./startup/startup_lpc804.o
                0x0000014e                bss_init
 .after_vectors
                0x0000015e      0x10c ./startup/startup_lpc804.o
                0x0000015e                NMI_Handler
                0x00000162                SVC_Handler
                0x00000164                PendSV_Handler
                0x00000166                SysTick_Handler
                0x00000168                Reserved37_DriverIRQHandler
                0x00000168                Reserved21_DriverIRQHandler
                0x00000168                WDT_DriverIRQHandler
                0x00000168                ADC_SEQA_DriverIRQHandler
                0x00000168                SPI0_DriverIRQHandler
                0x00000168                PIN_INT3_DriverIRQHandler
                0x00000168                PIN_INT2_DriverIRQHandler
                0x00000168                FLASH_DriverIRQHandler
                0x00000168                I2C1_DriverIRQHandler
                0x00000168                Reserved36_DriverIRQHandler
                0x00000168                ADC_SEQB_DriverIRQHandler
                0x00000168                PIN_INT0_DriverIRQHandler
                0x00000168                Reserved17_DriverIRQHandler
                0x00000168                BOD_DriverIRQHandler
                0x00000168                IntDefaultHandler
                0x00000168                I2C0_DriverIRQHandler
                0x00000168                Reserved25_DriverIRQHandler
                0x00000168                WKT_DriverIRQHandler
                0x00000168                DAC0_DriverIRQHandler
                0x00000168                MRT0_DriverIRQHandler
                0x00000168                PIN_INT4_DriverIRQHandler
                0x00000168                PIN_INT5_DriverIRQHandler
                0x00000168                PIN_INT1_DriverIRQHandler
                0x00000168                CMP_CAPT_DriverIRQHandler
                0x00000168                ADC_OVR_DriverIRQHandler
                0x00000168                PIN_INT7_DriverIRQHandler
                0x00000168                ADC_THCMP_DriverIRQHandler
                0x00000168                Reserved38_DriverIRQHandler
                0x00000168                Reserved22_DriverIRQHandler
                0x00000168                PIN_INT6_DriverIRQHandler
                0x0000016a                SPI0_IRQHandler
                0x00000172                Reserved17_IRQHandler
                0x0000017a                DAC0_IRQHandler
                0x00000182                USART0_IRQHandler
                0x0000018a                USART1_IRQHandler
                0x00000192                Reserved21_IRQHandler
                0x0000019a                Reserved22_IRQHandler
                0x000001a2                I2C1_IRQHandler
                0x000001aa                I2C0_IRQHandler
                0x000001b2                Reserved25_IRQHandler
                0x000001ba                MRT0_IRQHandler
                0x000001c2                CMP_CAPT_IRQHandler
                0x000001ca                WDT_IRQHandler
                0x000001d2                BOD_IRQHandler
                0x000001da                FLASH_IRQHandler
                0x000001e2                WKT_IRQHandler
                0x000001f2                ADC_SEQB_IRQHandler
                0x000001fa                ADC_THCMP_IRQHandler
                0x00000202                ADC_OVR_IRQHandler
                0x0000020a                Reserved36_IRQHandler
                0x00000212                Reserved37_IRQHandler
                0x0000021a                Reserved38_IRQHandler
                0x00000222                CTIMER0_IRQHandler
                0x0000022a                PIN_INT0_IRQHandler
                0x00000232                PIN_INT1_IRQHandler
                0x0000023a                PIN_INT2_IRQHandler
                0x00000242                PIN_INT3_IRQHandler
                0x0000024a                PIN_INT4_IRQHandler
                0x00000252                PIN_INT5_IRQHandler
                0x0000025a                PIN_INT6_IRQHandler
                0x00000262                PIN_INT7_IRQHandler
                0x000002fc                . = 0x2fc
 *fill*         0x0000026a       0x92 ff
                0x000002fc                PROVIDE (__CRP_WORD_START__ = .)
 *(SORT_BY_ALIGNMENT(.crp))
 .crp           0x000002fc        0x4 ./startup/startup_lpc804.o
                0x000002fc                CRP_WORD
                0x00000300                PROVIDE (__CRP_WORD_END__ = .)
                0x00000001                ASSERT (! ((__CRP_WORD_START__ == __CRP_WORD_END__)), Linker CRP Enabled, but no CRP_WORD provided within application)
 *(SORT_BY_ALIGNMENT(.text*))
 .text.__assertion_failed
                0x00000300       0x1c ./utilities/fsl_assert.o
                0x00000300                __assertion_failed
 .text.DbgConsole_Init
                0x0000031c       0xa8 ./utilities/fsl_debug_console.o
                0x0000031c                DbgConsole_Init
 .text.DbgConsole_Vprintf
                0x000003c4       0x40 ./utilities/fsl_debug_console.o
                0x000003c4                DbgConsole_Vprintf
 .text.DbgConsole_Putchar
                0x00000404       0x30 ./utilities/fsl_debug_console.o
                0x00000404                DbgConsole_Putchar
 .text.HardFault_Handler
                0x00000434       0x38 ./source/semihost_hardfault.o
                0x00000434                HardFault_Handler
 .text.__NVIC_EnableIRQ
                0x0000046c       0x34 ./source/test2.o
 .text.CLOCK_Select
                0x000004a0       0x38 ./source/test2.o
 .text.CLOCK_SetClkDivider
                0x000004d8       0x2c ./source/test2.o
 .text.POWER_DisablePD
                0x00000504       0x2c ./source/test2.o
 .text.main     0x00000530      0x114 ./source/test2.o
                0x00000530                main
 .text.ADC_SEQA_IRQHandler
                0x00000644      0x150 ./source/test2.o
                0x00000644                ADC_SEQA_IRQHandler
 .text.ADC_Configuration
                0x00000794       0x9c ./source/test2.o
 .text.CLOCK_EnableClock
                0x00000830       0x54 ./drivers/fsl_adc.o
 .text.ADC_GetInstance
                0x00000884       0x48 ./drivers/fsl_adc.o
 .text.ADC_Init
                0x000008cc       0x60 ./drivers/fsl_adc.o
                0x000008cc                ADC_Init
 .text.ADC_SetConvSeqAConfig
                0x0000092c       0x94 ./drivers/fsl_adc.o
                0x0000092c                ADC_SetConvSeqAConfig
 .text.ADC_GetConvSeqAGlobalConversionResult
                0x000009c0       0x8c ./drivers/fsl_adc.o
                0x000009c0                ADC_GetConvSeqAGlobalConversionResult
 .text.ADC_GetChannelConversionResult
                0x00000a4c       0xa4 ./drivers/fsl_adc.o
                0x00000a4c                ADC_GetChannelConversionResult
 .text.CLOCK_GetLPOscFreq
                0x00000af0       0x14 ./drivers/fsl_clock.o
 .text.CLOCK_GetExtClkFreq
                0x00000b04       0x14 ./drivers/fsl_clock.o
 .text.CLOCK_SetFRGClkFreq
                0x00000b18       0xa0 ./drivers/fsl_clock.o
 .text.CLOCK_UpdateClkSrc
                0x00000bb8       0x4c ./drivers/fsl_clock.o
 .text.CLOCK_SetFRG0ClkFreq
                0x00000c04       0x24 ./drivers/fsl_clock.o
                0x00000c04                CLOCK_SetFRG0ClkFreq
 .text.CLOCK_GetMainClkFreq
                0x00000c28       0x68 ./drivers/fsl_clock.o
                0x00000c28                CLOCK_GetMainClkFreq
 .text.CLOCK_GetFroFreq
                0x00000c90       0x14 ./drivers/fsl_clock.o
                0x00000c90                CLOCK_GetFroFreq
 .text.CLOCK_SetMainClkSrc
                0x00000ca4       0x4c ./drivers/fsl_clock.o
                0x00000ca4                CLOCK_SetMainClkSrc
 .text.CLOCK_SetFroOscFreq
                0x00000cf0       0x44 ./drivers/fsl_clock.o
                0x00000cf0                CLOCK_SetFroOscFreq
 .text.CTIMER_GenericIRQHandler
                0x00000d34       0xb0 ./drivers/fsl_ctimer.o
 .text.RESET_SetPeripheralReset
                0x00000de4       0x70 ./drivers/fsl_reset.o
 .text.RESET_ClearPeripheralReset
                0x00000e54       0x6c ./drivers/fsl_reset.o
 .text.SWM_SetMovablePinSelect
                0x00000ec0       0x98 ./drivers/fsl_swm.o
                0x00000ec0                SWM_SetMovablePinSelect
 .text.SWM_SetFixedPinSelect
                0x00000f58       0x6c ./drivers/fsl_swm.o
                0x00000f58                SWM_SetFixedPinSelect
 .text.CLOCK_EnableClock
                0x00000fc4       0x54 ./drivers/fsl_usart.o
 .text.USART_EnableContinuousSCLK
                0x00001018       0x40 ./drivers/fsl_usart.o
 .text.USART_GetInstance
                0x00001058       0x4c ./drivers/fsl_usart.o
                0x00001058                USART_GetInstance
 .text.USART_Init
                0x000010a4      0x12c ./drivers/fsl_usart.o
                0x000010a4                USART_Init
 .text.USART_GetDefaultConfig
                0x000011d0       0x74 ./drivers/fsl_usart.o
                0x000011d0                USART_GetDefaultConfig
 .text.USART_SetBaudRate
                0x00001244      0x148 ./drivers/fsl_usart.o
                0x00001244                USART_SetBaudRate
 .text.USART_WriteBlocking
                0x0000138c       0x64 ./drivers/fsl_usart.o
                0x0000138c                USART_WriteBlocking
 .text.USART_ReadBlocking
                0x000013f0       0xc0 ./drivers/fsl_usart.o
                0x000013f0                USART_ReadBlocking
 .text.USART0_DriverIRQHandler
                0x000014b0       0x24 ./drivers/fsl_usart.o
                0x000014b0                USART0_DriverIRQHandler
 .text.USART1_DriverIRQHandler
                0x000014d4       0x24 ./drivers/fsl_usart.o
                0x000014d4                USART1_DriverIRQHandler
 .text.SystemInit
                0x000014f8       0x2c ./device/system_LPC804.o
                0x000014f8                SystemInit
 .text.HAL_UartGetStatus
                0x00001524       0x20 ./component/uart/fsl_adapter_miniusart.o
 .text.HAL_UartInit
                0x00001544      0x11c ./component/uart/fsl_adapter_miniusart.o
                0x00001544                HAL_UartInit
 .text.HAL_UartReceiveBlocking
                0x00001660       0x78 ./component/uart/fsl_adapter_miniusart.o
                0x00001660                HAL_UartReceiveBlocking
 .text.HAL_UartSendBlocking
                0x000016d8       0x6c ./component/uart/fsl_adapter_miniusart.o
                0x000016d8                HAL_UartSendBlocking
 .text.CLOCK_Select
                0x00001744       0x38 ./board/board.o
 .text.BOARD_InitDebugConsole
                0x0000177c       0x4c ./board/board.o
                0x0000177c                BOARD_InitDebugConsole
 .text.CLOCK_Select
                0x000017c8       0x38 ./board/clock_config.o
 .text.CLOCK_SetCoreSysClkDiv
                0x00001800       0x3c ./board/clock_config.o
 .text.POWER_DisablePD
                0x0000183c       0x2c ./board/clock_config.o
 .text.BOARD_BootClockFRO30M
                0x00001868       0x68 ./board/clock_config.o
                0x00001868                BOARD_BootClockFRO30M
 .text.CLOCK_EnableClock
                0x000018d0       0x54 ./board/pin_mux.o
 .text.CLOCK_DisableClock
                0x00001924       0x58 ./board/pin_mux.o
 .text.BOARD_InitPins
                0x0000197c       0x60 ./board/pin_mux.o
                0x0000197c                BOARD_InitPins
 .text._initio  0x000019dc       0x7c c:/nxp/mcuxpressoide_11.8.0_1165/ide/plugins/com.nxp.mcuxpresso.tools.win32_11.8.0.202306131047/tools/bin/../lib/gcc/arm-none-eabi/12.2.1/../../../../arm-none-eabi/lib/thumb/v6-m/nofp\libcr_c.a(initio.o)
                0x000019dc                _initio
 .text.setvbuf  0x00001a58       0x4c c:/nxp/mcuxpressoide_11.8.0_1165/ide/plugins/com.nxp.mcuxpresso.tools.win32_11.8.0.202306131047/tools/bin/../lib/gcc/arm-none-eabi/12.2.1/../../../../arm-none-eabi/lib/thumb/v6-m/nofp\libcr_c.a(setvbuf.o)
                0x00001a58                setvbuf
 .text.sqrt     0x00001aa4      0x130 c:/nxp/mcuxpressoide_11.8.0_1165/ide/plugins/com.nxp.mcuxpresso.tools.win32_11.8.0.202306131047/tools/bin/../lib/gcc/arm-none-eabi/12.2.1/../../../../arm-none-eabi/lib/thumb/v6-m/nofp\libcr_c.a(sqrt.o)
                0x00001aa4                sqrt
 .text.strlen   0x00001bd4       0x5c c:/nxp/mcuxpressoide_11.8.0_1165/ide/plugins/com.nxp.mcuxpresso.tools.win32_11.8.0.202306131047/tools/bin/../lib/gcc/arm-none-eabi/12.2.1/../../../../arm-none-eabi/lib/thumb/v6-m/nofp\libcr_c.a(strlen.o)
                0x00001bd4                strlen
 .text._deferredlazyseek
                0x00001c30       0x40 c:/nxp/mcuxpressoide_11.8.0_1165/ide/plugins/com.nxp.mcuxpresso.tools.win32_11.8.0.202306131047/tools/bin/../lib/gcc/arm-none-eabi/12.2.1/../../../../arm-none-eabi/lib/thumb/v6-m/nofp\libcr_c.a(_deferredlazyseek.o)
                0x00001c30                _deferredlazyseek
 .text._fdopen  0x00001c70       0x74 c:/nxp/mcuxpressoide_11.8.0_1165/ide/plugins/com.nxp.mcuxpresso.tools.win32_11.8.0.202306131047/tools/bin/../lib/gcc/arm-none-eabi/12.2.1/../../../../arm-none-eabi/lib/thumb/v6-m/nofp\libcr_c.a(_fdopen.o)
                0x00001c70                _fdopen
 .text._fflush  0x00001ce4       0x5c c:/nxp/mcuxpressoide_11.8.0_1165/ide/plugins/com.nxp.mcuxpresso.tools.win32_11.8.0.202306131047/tools/bin/../lib/gcc/arm-none-eabi/12.2.1/../../../../arm-none-eabi/lib/thumb/v6-m/nofp\libcr_c.a(_fflush.o)
                0x00001ce4                _fflush
 .text._Cwritebuf
                0x00001d40       0x68 c:/nxp/mcuxpressoide_11.8.0_1165/ide/plugins/com.nxp.mcuxpresso.tools.win32_11.8.0.202306131047/tools/bin/../lib/gcc/arm-none-eabi/12.2.1/../../../../arm-none-eabi/lib/thumb/v6-m/nofp\libcr_c.a(_writebuf.o)
                0x00001d40                _Cwritebuf
 .text.fclose   0x00001da8       0x5c c:/nxp/mcuxpressoide_11.8.0_1165/ide/plugins/com.nxp.mcuxpresso.tools.win32_11.8.0.202306131047/tools/bin/../lib/gcc/arm-none-eabi/12.2.1/../../../../arm-none-eabi/lib/thumb/v6-m/nofp\libcr_c.a(fclose.o)
                0x00001da8                fclose
 .text.fflush   0x00001e04       0x40 c:/nxp/mcuxpressoide_11.8.0_1165/ide/plugins/com.nxp.mcuxpresso.tools.win32_11.8.0.202306131047/tools/bin/../lib/gcc/arm-none-eabi/12.2.1/../../../../arm-none-eabi/lib/thumb/v6-m/nofp\libcr_c.a(fflush.o)
                0x00001e04                fflush
 .text.fseek    0x00001e44       0xec c:/nxp/mcuxpressoide_11.8.0_1165/ide/plugins/com.nxp.mcuxpresso.tools.win32_11.8.0.202306131047/tools/bin/../lib/gcc/arm-none-eabi/12.2.1/../../../../arm-none-eabi/lib/thumb/v6-m/nofp\libcr_c.a(fseek.o)
                0x00001e44                fseek
 .text.ftell    0x00001f30       0x4c c:/nxp/mcuxpressoide_11.8.0_1165/ide/plugins/com.nxp.mcuxpresso.tools.win32_11.8.0.202306131047/tools/bin/../lib/gcc/arm-none-eabi/12.2.1/../../../../arm-none-eabi/lib/thumb/v6-m/nofp\libcr_c.a(ftell.o)
                0x00001f30                ftell
 .text._do_fflush
                0x00001f7c       0x48 c:/nxp/mcuxpressoide_11.8.0_1165/ide/plugins/com.nxp.mcuxpresso.tools.win32_11.8.0.202306131047/tools/bin/../lib/gcc/arm-none-eabi/12.2.1/../../../../arm-none-eabi/lib/thumb/v6-m/nofp\libcr_c.a(_do_fflush.o)
                0x00001f7c                _do_fflush
 .text.__aeabi_dmul
                0x00001fc4      0x194 c:/nxp/mcuxpressoide_11.8.0_1165/ide/plugins/com.nxp.mcuxpresso.tools.win32_11.8.0.202306131047/tools/bin/../lib/gcc/arm-none-eabi/12.2.1/thumb/v6-m/nofp\libcr_eabihelpers.a(double.o)
                0x00001fc4                __aeabi_dmul
 .text.__aeabi_ddiv
                0x00002158      0x164 c:/nxp/mcuxpressoide_11.8.0_1165/ide/plugins/com.nxp.mcuxpresso.tools.win32_11.8.0.202306131047/tools/bin/../lib/gcc/arm-none-eabi/12.2.1/thumb/v6-m/nofp\libcr_eabihelpers.a(double.o)
                0x00002158                __aeabi_ddiv
 .text.__aeabi_dsub
                0x000022bc      0x1d4 c:/nxp/mcuxpressoide_11.8.0_1165/ide/plugins/com.nxp.mcuxpresso.tools.win32_11.8.0.202306131047/tools/bin/../lib/gcc/arm-none-eabi/12.2.1/thumb/v6-m/nofp\libcr_eabihelpers.a(double.o)
                0x000022bc                __aeabi_dsub
 .text.__aeabi_dadd
                0x00002490      0x150 c:/nxp/mcuxpressoide_11.8.0_1165/ide/plugins/com.nxp.mcuxpresso.tools.win32_11.8.0.202306131047/tools/bin/../lib/gcc/arm-none-eabi/12.2.1/thumb/v6-m/nofp\libcr_eabihelpers.a(double.o)
                0x00002490                __aeabi_dadd
 .text.__aeabi_d2uiz
                0x000025e0       0x38 c:/nxp/mcuxpressoide_11.8.0_1165/ide/plugins/com.nxp.mcuxpresso.tools.win32_11.8.0.202306131047/tools/bin/../lib/gcc/arm-none-eabi/12.2.1/thumb/v6-m/nofp\libcr_eabihelpers.a(double.o)
                0x000025e0                __aeabi_d2uiz
 .text.__aeabi_dcmplt
                0x00002618       0x74 c:/nxp/mcuxpressoide_11.8.0_1165/ide/plugins/com.nxp.mcuxpresso.tools.win32_11.8.0.202306131047/tools/bin/../lib/gcc/arm-none-eabi/12.2.1/thumb/v6-m/nofp\libcr_eabihelpers.a(double.o)
                0x00002618                __aeabi_dcmplt
 .text.__aeabi_dcmple
                0x0000268c       0x70 c:/nxp/mcuxpressoide_11.8.0_1165/ide/plugins/com.nxp.mcuxpresso.tools.win32_11.8.0.202306131047/tools/bin/../lib/gcc/arm-none-eabi/12.2.1/thumb/v6-m/nofp\libcr_eabihelpers.a(double.o)
                0x0000268c                __aeabi_dcmple
 .text.DbgConsole_Printf
                0x000026fc       0x32 ./utilities/fsl_debug_console.o
                0x000026fc                DbgConsole_Printf
 .text.DbgConsole_PrintfPaddingCharacter
                0x0000272e       0x48 ./utilities/fsl_debug_console.o
 .text.DbgConsole_ConvertRadixNumToString
                0x00002776       0xc2 ./utilities/fsl_debug_console.o
 .text.DbgConsole_PrintfFormattedData
                0x00002838      0x3da ./utilities/fsl_debug_console.o
 .text.ADC_EnableConvSeqA
                0x00002c12       0x3a ./source/test2.o
 .text.ADC_DoSoftwareTriggerConvSeqA
                0x00002c4c       0x1e ./source/test2.o
 .text.ADC_EnableInterrupts
                0x00002c6a       0x22 ./source/test2.o
 .text.ADC_GetStatusFlags
                0x00002c8c       0x14 ./source/test2.o
 .text.ADC_ClearStatusFlags
                0x00002ca0       0x18 ./source/test2.o
 .text.rmsCalculation
                0x00002cb8       0x6c ./source/test2.o
                0x00002cb8                rmsCalculation
 .text.CLOCK_GetFRGInputClkFreq
                0x00002d24       0x42 ./drivers/fsl_clock.o
 .text.CTIMER_GetStatusFlags
                0x00002d66       0x14 ./drivers/fsl_ctimer.o
 .text.CTIMER_ClearStatusFlags
                0x00002d7a       0x18 ./drivers/fsl_ctimer.o
 .text.CTIMER0_DriverIRQHandler
                0x00002d92       0x10 ./drivers/fsl_ctimer.o
                0x00002d92                CTIMER0_DriverIRQHandler
 .text.RESET_PeripheralReset
                0x00002da2       0x20 ./drivers/fsl_reset.o
                0x00002da2                RESET_PeripheralReset
 .text.USART_EnableTx
                0x00002dc2       0x46 ./drivers/fsl_usart.o
 .text.USART_EnableRx
                0x00002e08       0x44 ./drivers/fsl_usart.o
 .text.SystemInitHook
                0x00002e4c        0xa ./device/system_LPC804.o
                0x00002e4c                SystemInitHook
 .text.BOARD_InitBootClocks
                0x00002e56        0xe ./board/clock_config.o
                0x00002e56                BOARD_InitBootClocks
 .text.IOCON_PinMuxSet
                0x00002e64       0x26 ./board/pin_mux.o
 .text.BOARD_InitBootPins
                0x00002e8a        0xe ./board/pin_mux.o
                0x00002e8a                BOARD_InitBootPins
 .text.__main   0x00002e98        0xc c:/nxp/mcuxpressoide_11.8.0_1165/ide/plugins/com.nxp.mcuxpresso.tools.win32_11.8.0.202306131047/tools/bin/../lib/gcc/arm-none-eabi/12.2.1/../../../../arm-none-eabi/lib/thumb/v6-m/nofp\libcr_nohost_nf.a(_cr__main.o)
                0x00002e98                __main
 .text.memcpy   0x00002ea4        0x8 c:/nxp/mcuxpressoide_11.8.0_1165/ide/plugins/com.nxp.mcuxpresso.tools.win32_11.8.0.202306131047/tools/bin/../lib/gcc/arm-none-eabi/12.2.1/../../../../arm-none-eabi/lib/thumb/v6-m/nofp\libcr_c.a(memcpy.o)
                0x00002ea4                memcpy
 .text.memset   0x00002eac        0x8 c:/nxp/mcuxpressoide_11.8.0_1165/ide/plugins/com.nxp.mcuxpresso.tools.win32_11.8.0.202306131047/tools/bin/../lib/gcc/arm-none-eabi/12.2.1/../../../../arm-none-eabi/lib/thumb/v6-m/nofp\libcr_c.a(memset.o)
                0x00002eac                memset
 .text.free     0x00002eb4       0x2c c:/nxp/mcuxpressoide_11.8.0_1165/ide/plugins/com.nxp.mcuxpresso.tools.win32_11.8.0.202306131047/tools/bin/../lib/gcc/arm-none-eabi/12.2.1/../../../../arm-none-eabi/lib/thumb/v6-m/nofp\libcr_c.a(alloc.o)
                0x00002eb4                free
 .text.remove   0x00002ee0       0x12 c:/nxp/mcuxpressoide_11.8.0_1165/ide/plugins/com.nxp.mcuxpresso.tools.win32_11.8.0.202306131047/tools/bin/../lib/gcc/arm-none-eabi/12.2.1/../../../../arm-none-eabi/lib/thumb/v6-m/nofp\libcr_c.a(remove.o)
                0x00002ee0                remove
 .text.__aeabi_division_idivmod
                0x00002ef2       0x78 c:/nxp/mcuxpressoide_11.8.0_1165/ide/plugins/com.nxp.mcuxpresso.tools.win32_11.8.0.202306131047/tools/bin/../lib/gcc/arm-none-eabi/12.2.1/thumb/v6-m/nofp\libcr_eabihelpers.a(division_32.o)
                0x00002ef2                __aeabi_idivmod
                0x00002ef2                __aeabi_idiv
                0x00002ef8                __aeabi_uidivmod
                0x00002ef8                __aeabi_uidiv
 .text.__aeabi_division_uldivmod
                0x00002f6a       0x5a c:/nxp/mcuxpressoide_11.8.0_1165/ide/plugins/com.nxp.mcuxpresso.tools.win32_11.8.0.202306131047/tools/bin/../lib/gcc/arm-none-eabi/12.2.1/thumb/v6-m/nofp\libcr_eabihelpers.a(division_64.o)
                0x00002f6a                __aeabi_uldivmod
 .text.__aeabi_division_idiv0
                0x00002fc4        0x2 c:/nxp/mcuxpressoide_11.8.0_1165/ide/plugins/com.nxp.mcuxpresso.tools.win32_11.8.0.202306131047/tools/bin/../lib/gcc/arm-none-eabi/12.2.1/thumb/v6-m/nofp\libcr_eabihelpers.a(division_idiv0.o)
                0x00002fc4                __aeabi_idiv0
 .text.__bhs_ui2d
                0x00002fc6       0x5e c:/nxp/mcuxpressoide_11.8.0_1165/ide/plugins/com.nxp.mcuxpresso.tools.win32_11.8.0.202306131047/tools/bin/../lib/gcc/arm-none-eabi/12.2.1/thumb/v6-m/nofp\libcr_eabihelpers.a(double.o)
                0x00002fc6                __bhs_ui2d
 .text.__aeabi_ui2d
                0x00003024        0xc c:/nxp/mcuxpressoide_11.8.0_1165/ide/plugins/com.nxp.mcuxpresso.tools.win32_11.8.0.202306131047/tools/bin/../lib/gcc/arm-none-eabi/12.2.1/thumb/v6-m/nofp\libcr_eabihelpers.a(double.o)
                0x00003024                __aeabi_ui2d
 .text.__aeabi_llong_lmul
                0x00003030       0x2e c:/nxp/mcuxpressoide_11.8.0_1165/ide/plugins/com.nxp.mcuxpresso.tools.win32_11.8.0.202306131047/tools/bin/../lib/gcc/arm-none-eabi/12.2.1/thumb/v6-m/nofp\libcr_eabihelpers.a(llong.o)
                0x00003030                __aeabi_lmul
 .text.__aeabi_memcpy
                0x0000305e       0x2c c:/nxp/mcuxpressoide_11.8.0_1165/ide/plugins/com.nxp.mcuxpresso.tools.win32_11.8.0.202306131047/tools/bin/../lib/gcc/arm-none-eabi/12.2.1/thumb/v6-m/nofp\libcr_eabihelpers.a(memcpy.o)
                0x0000305e                __aeabi_memcpy4
                0x0000305e                __aeabi_memcpy8
                0x0000305e                __aeabi_memcpy
 .text.__aeabi_memset_lowlevel
                0x0000308a       0x2a c:/nxp/mcuxpressoide_11.8.0_1165/ide/plugins/com.nxp.mcuxpresso.tools.win32_11.8.0.202306131047/tools/bin/../lib/gcc/arm-none-eabi/12.2.1/thumb/v6-m/nofp\libcr_eabihelpers.a(memcpy.o)
                0x0000308a                __aeabi_lowlevel_memset
 .text.__sys_close
                0x000030b4        0x6 c:/nxp/mcuxpressoide_11.8.0_1165/ide/plugins/com.nxp.mcuxpresso.tools.win32_11.8.0.202306131047/tools/bin/../lib/gcc/arm-none-eabi/12.2.1/../../../../arm-none-eabi/lib/thumb/v6-m/nofp\libcr_nohost_nf.a(__sys_close.o)
                0x000030b4                __sys_close
 .text.__sys_flen
                0x000030ba        0x6 c:/nxp/mcuxpressoide_11.8.0_1165/ide/plugins/com.nxp.mcuxpresso.tools.win32_11.8.0.202306131047/tools/bin/../lib/gcc/arm-none-eabi/12.2.1/../../../../arm-none-eabi/lib/thumb/v6-m/nofp\libcr_nohost_nf.a(__sys_flen.o)
                0x000030ba                __sys_flen
 .text.__sys_istty
                0x000030c0        0x6 c:/nxp/mcuxpressoide_11.8.0_1165/ide/plugins/com.nxp.mcuxpresso.tools.win32_11.8.0.202306131047/tools/bin/../lib/gcc/arm-none-eabi/12.2.1/../../../../arm-none-eabi/lib/thumb/v6-m/nofp\libcr_nohost_nf.a(__sys_istty.o)
                0x000030c0                __sys_istty
 .text.__sys_remove
                0x000030c6        0x6 c:/nxp/mcuxpressoide_11.8.0_1165/ide/plugins/com.nxp.mcuxpresso.tools.win32_11.8.0.202306131047/tools/bin/../lib/gcc/arm-none-eabi/12.2.1/../../../../arm-none-eabi/lib/thumb/v6-m/nofp\libcr_nohost_nf.a(__sys_remove.o)
                0x000030c6                __sys_remove
 .text.__sys_seek
                0x000030cc        0x6 c:/nxp/mcuxpressoide_11.8.0_1165/ide/plugins/com.nxp.mcuxpresso.tools.win32_11.8.0.202306131047/tools/bin/../lib/gcc/arm-none-eabi/12.2.1/../../../../arm-none-eabi/lib/thumb/v6-m/nofp\libcr_nohost_nf.a(__sys_seek.o)
                0x000030cc                __sys_seek
 .text.__sys_tmpnam
                0x000030d2        0x6 c:/nxp/mcuxpressoide_11.8.0_1165/ide/plugins/com.nxp.mcuxpresso.tools.win32_11.8.0.202306131047/tools/bin/../lib/gcc/arm-none-eabi/12.2.1/../../../../arm-none-eabi/lib/thumb/v6-m/nofp\libcr_nohost_nf.a(__sys_tmpnam.o)
                0x000030d2                __sys_tmpnam
 .text.__sys_write
                0x000030d8        0x4 c:/nxp/mcuxpressoide_11.8.0_1165/ide/plugins/com.nxp.mcuxpresso.tools.win32_11.8.0.202306131047/tools/bin/../lib/gcc/arm-none-eabi/12.2.1/../../../../arm-none-eabi/lib/thumb/v6-m/nofp\libcr_nohost_nf.a(__sys_write.o)
                0x000030d8                __sys_write
 *(SORT_BY_ALIGNMENT(.rodata) SORT_BY_ALIGNMENT(.rodata.*) SORT_BY_ALIGNMENT(.constdata) SORT_BY_ALIGNMENT(.constdata.*))
 .rodata.__assertion_failed.str1.4
                0x000030dc       0x14 ./utilities/fsl_assert.o
 .rodata.main.str1.4
                0x000030f0       0x46 ./source/test2.o
 *fill*         0x00003136        0x2 ff
 .rodata.ADC_GetInstance.str1.4
                0x00003138       0x31 ./drivers/fsl_adc.o
 *fill*         0x00003169        0x3 ff
 .rodata.ADC_Init.str1.4
                0x0000316c       0x1e ./drivers/fsl_adc.o
 *fill*         0x0000318a        0x2 ff
 .rodata.ADC_SetConvSeqAConfig.str1.4
                0x0000318c       0x1f ./drivers/fsl_adc.o
 *fill*         0x000031ab        0x1 ff
 .rodata.ADC_GetConvSeqAGlobalConversionResult.str1.4
                0x000031ac       0x1d ./drivers/fsl_adc.o
 *fill*         0x000031c9        0x3 ff
 .rodata.ADC_GetChannelConversionResult.str1.4
                0x000031cc       0x48 ./drivers/fsl_adc.o
 .rodata.CLOCK_SetFRGClkFreq.str1.4
                0x00003214       0x16 ./drivers/fsl_clock.o
 *fill*         0x0000322a        0x2 ff
 .rodata.CLOCK_UpdateClkSrc.str1.4
                0x0000322c       0x16 ./drivers/fsl_clock.o
 *fill*         0x00003242        0x2 ff
 .rodata.CLOCK_GetMainClkFreq.str1.4
                0x00003244       0x18 ./drivers/fsl_clock.o
 .rodata.RESET_SetPeripheralReset.str1.4
                0x0000325c       0x1f ./drivers/fsl_reset.o
 *fill*         0x0000327b        0x1 ff
 .rodata.RESET_ClearPeripheralReset.str1.4
                0x0000327c       0x1f ./drivers/fsl_reset.o
 *fill*         0x0000329b        0x1 ff
 .rodata.SWM_SetMovablePinSelect.str1.4
                0x0000329c       0x49 ./drivers/fsl_swm.o
 *fill*         0x000032e5        0x3 ff
 .rodata.SWM_SetFixedPinSelect.str1.4
                0x000032e8       0x1d ./drivers/fsl_swm.o
 *fill*         0x00003305        0x3 ff
 .rodata.s_usartBaseAddrs
                0x00003308        0x8 ./drivers/fsl_usart.o
 .rodata.s_usartClock
                0x00003310        0x4 ./drivers/fsl_usart.o
 .rodata.s_usartRest
                0x00003314        0x8 ./drivers/fsl_usart.o
 .rodata.USART_GetInstance.str1.4
                0x0000331c       0x3b ./drivers/fsl_usart.o
 *fill*         0x00003357        0x1 ff
 .rodata.USART_Init.str1.4
                0x00003358       0x4f ./drivers/fsl_usart.o
 *fill*         0x000033a7        0x1 ff
 .rodata.USART_GetDefaultConfig.str1.4
                0x000033a8       0x21 ./drivers/fsl_usart.o
 *fill*         0x000033c9        0x3 ff
 .rodata.USART_SetBaudRate.str1.4
                0x000033cc       0x8f ./drivers/fsl_usart.o
 *fill*         0x0000345b        0x1 ff
 .rodata.USART_WriteBlocking.str1.4
                0x0000345c       0x36 ./drivers/fsl_usart.o
 *fill*         0x00003492        0x2 ff
 .rodata.USART_ReadBlocking.str1.4
                0x00003494       0x36 ./drivers/fsl_usart.o
 *fill*         0x000034ca        0x2 ff
 .rodata.s_UsartAdapterBase
                0x000034cc        0x8 ./component/uart/fsl_adapter_miniusart.o
 .rodata.HAL_UartInit.str1.4
                0x000034d4       0xfb ./component/uart/fsl_adapter_miniusart.o
 *fill*         0x000035cf        0x1 ff
 .rodata.HAL_UartReceiveBlocking.str1.4
                0x000035d0       0x71 ./component/uart/fsl_adapter_miniusart.o
 *fill*         0x00003641        0x3 ff
 .rodata.HAL_UartSendBlocking.str1.4
                0x00003644       0x71 ./component/uart/fsl_adapter_miniusart.o
 *fill*         0x000036b5        0x3 ff
 .rodata.BOARD_InitDebugConsole.str1.4
                0x000036b8       0x27 ./board/board.o
 *fill*         0x000036df        0x1 ff
 .rodata.CLOCK_SetCoreSysClkDiv.str1.4
                0x000036e0       0xd9 ./board/clock_config.o
 *fill*         0x000037b9        0x3 ff
 .rodata.__num_Ciob_streams
                0x000037bc        0x4 c:/nxp/mcuxpressoide_11.8.0_1165/ide/plugins/com.nxp.mcuxpresso.tools.win32_11.8.0.202306131047/tools/bin/../lib/gcc/arm-none-eabi/12.2.1/../../../../arm-none-eabi/lib/thumb/v6-m/nofp\libcr_nohost_nf.a(__ciob.o)
                0x000037bc                __num_Ciob_streams
 .rodata._initio.str1.1
                0x000037c0        0x4 c:/nxp/mcuxpressoide_11.8.0_1165/ide/plugins/com.nxp.mcuxpresso.tools.win32_11.8.0.202306131047/tools/bin/../lib/gcc/arm-none-eabi/12.2.1/../../../../arm-none-eabi/lib/thumb/v6-m/nofp\libcr_c.a(initio.o)
                0x000037c4                . = ALIGN (0x4)

.glue_7         0x000037c4        0x0
 .glue_7        0x000037c4        0x0 linker stubs

.glue_7t        0x000037c4        0x0
 .glue_7t       0x000037c4        0x0 linker stubs

.vfp11_veneer   0x000037c4        0x0
 .vfp11_veneer  0x000037c4        0x0 linker stubs

.v4_bx          0x000037c4        0x0
 .v4_bx         0x000037c4        0x0 linker stubs

.iplt           0x000037c4        0x0
 .iplt          0x000037c4        0x0 ./utilities/fsl_assert.o

.rel.dyn        0x000037c4        0x0
 .rel.iplt      0x000037c4        0x0 ./utilities/fsl_assert.o

.ARM.extab
 *(SORT_BY_ALIGNMENT(.ARM.extab*) SORT_BY_ALIGNMENT(.gnu.linkonce.armextab.*))

.ARM.exidx      0x000037c4        0x0
                0x000037c4                __exidx_start = .
 *(SORT_BY_ALIGNMENT(.ARM.exidx*) SORT_BY_ALIGNMENT(.gnu.linkonce.armexidx.*))
                0x000037c4                __exidx_end = .
                0x000037c4                _etext = .

.data_RAM2      0x10000fe0        0x0 load address 0x000037c4
 FILL mask 0xff
                [!provide]                PROVIDE (__start_data_RAM2 = .)
                [!provide]                PROVIDE (__start_data_IAP_SRAM = .)
 *(SORT_BY_ALIGNMENT(.ramfunc.$RAM2))
 *(SORT_BY_ALIGNMENT(.ramfunc.$IAP_SRAM))
 *(SORT_BY_ALIGNMENT(.data.$RAM2))
 *(SORT_BY_ALIGNMENT(.data.$IAP_SRAM))
 *(SORT_BY_ALIGNMENT(.data.$RAM2.*))
 *(SORT_BY_ALIGNMENT(.data.$IAP_SRAM.*))
                0x10000fe0                . = ALIGN (0x4)
                [!provide]                PROVIDE (__end_data_RAM2 = .)
                [!provide]                PROVIDE (__end_data_IAP_SRAM = .)

.uninit_RESERVED
                0x10000000        0x0
                0x10000000                _start_uninit_RESERVED = .
 *(SORT_BY_ALIGNMENT(.bss.$RESERVED*))
                0x10000000                . = ALIGN (0x4)
                0x10000000                _end_uninit_RESERVED = .

.data           0x10000000        0xc load address 0x000037c4
 FILL mask 0xff
                0x10000000                _data = .
                [!provide]                PROVIDE (__start_data_RAM = .)
                [!provide]                PROVIDE (__start_data_SRAM = .)
 *(SORT_BY_ALIGNMENT(vtable))
 *(SORT_BY_ALIGNMENT(.ramfunc*))
 *(SORT_BY_ALIGNMENT(CodeQuickAccess))
 *(SORT_BY_ALIGNMENT(DataQuickAccess))
 *(SORT_BY_ALIGNMENT(RamFunction))
 *(SORT_BY_ALIGNMENT(.data*))
 .data.gAdcResultInfoPtr
                0x10000000        0x4 ./source/test2.o
                0x10000000                gAdcResultInfoPtr
 .data.g_LP_Osc_Freq
                0x10000004        0x4 ./drivers/fsl_clock.o
                0x10000004                g_LP_Osc_Freq
 .data.SystemCoreClock
                0x10000008        0x4 ./device/system_LPC804.o
                0x10000008                SystemCoreClock
                0x1000000c                . = ALIGN (0x4)
                0x1000000c                _edata = .
                [!provide]                PROVIDE (__end_data_RAM = .)
                [!provide]                PROVIDE (__end_data_SRAM = .)

.igot.plt       0x1000000c        0x0 load address 0x000037d0
 .igot.plt      0x1000000c        0x0 ./utilities/fsl_assert.o

.bss_RAM2       0x10000fe0        0x0
                [!provide]                PROVIDE (__start_bss_RAM2 = .)
                [!provide]                PROVIDE (__start_bss_IAP_SRAM = .)
 *(SORT_BY_ALIGNMENT(.bss.$RAM2))
 *(SORT_BY_ALIGNMENT(.bss.$IAP_SRAM))
 *(SORT_BY_ALIGNMENT(.bss.$RAM2.*))
 *(SORT_BY_ALIGNMENT(.bss.$IAP_SRAM.*))
                0x10000fe0                . = ALIGN ((. != 0x0)?0x4:0x1)
                [!provide]                PROVIDE (__end_bss_RAM2 = .)
                [!provide]                PROVIDE (__end_bss_IAP_SRAM = .)

.bss            0x10000010      0x118
                0x10000010                _bss = .
                [!provide]                PROVIDE (__start_bss_RAM = .)
                [!provide]                PROVIDE (__start_bss_SRAM = .)
 *(SORT_BY_ALIGNMENT(.bss*))
 .bss.buffer    0x10000010        0x8 ./source/test2.o
                0x10000010                buffer
 .bss.s_debugConsole
                0x10000018       0x14 ./utilities/fsl_debug_console.o
 .bss.gAdcResultInfoStruct
                0x1000002c       0x10 ./source/test2.o
 .bss.count     0x1000003c        0x4 ./source/test2.o
                0x1000003c                count
 .bss.val1      0x10000040        0x4 ./source/test2.o
                0x10000040                val1
 .bss.val2      0x10000044        0x4 ./source/test2.o
                0x10000044                val2
 .bss.val3      0x10000048        0x4 ./source/test2.o
                0x10000048                val3
 .bss.val4      0x1000004c        0x4 ./source/test2.o
                0x1000004c                val4
 .bss.g_Ext_Clk_Freq
                0x10000050        0x4 ./drivers/fsl_clock.o
                0x10000050                g_Ext_Clk_Freq
 .bss.g_Fro_Osc_Freq
                0x10000054        0x4 ./drivers/fsl_clock.o
                0x10000054                g_Fro_Osc_Freq
 .bss.s_ctimerCallback
                0x10000058        0x4 ./drivers/fsl_ctimer.o
 .bss.ctimerCallbackType
                0x1000005c        0x1 ./drivers/fsl_ctimer.o
 *fill*         0x1000005d        0x3 
 .bss.s_usartHandle
                0x10000060        0x8 ./drivers/fsl_usart.o
 .bss.s_usartIsr
                0x10000068        0x4 ./drivers/fsl_usart.o
 .bss.errno     0x1000006c        0x4 c:/nxp/mcuxpressoide_11.8.0_1165/ide/plugins/com.nxp.mcuxpresso.tools.win32_11.8.0.202306131047/tools/bin/../lib/gcc/arm-none-eabi/12.2.1/../../../../arm-none-eabi/lib/thumb/v6-m/nofp\libcr_c.a(errno.o)
                0x1000006c                errno
 .bss.__Ciob    0x10000070       0xb4 c:/nxp/mcuxpressoide_11.8.0_1165/ide/plugins/com.nxp.mcuxpresso.tools.win32_11.8.0.202306131047/tools/bin/../lib/gcc/arm-none-eabi/12.2.1/../../../../arm-none-eabi/lib/thumb/v6-m/nofp\libcr_nohost_nf.a(__ciob.o)
                0x10000070                __Ciob
 .bss.gAdcConvSeqAIntFlag
                0x10000124        0x1 ./source/test2.o
                0x10000124                gAdcConvSeqAIntFlag
 *(SORT_BY_ALIGNMENT(COMMON))
                0x10000128                . = ALIGN (0x4)
 *fill*         0x10000125        0x3 
                0x10000128                _ebss = .
                [!provide]                PROVIDE (__end_bss_RAM = .)
                [!provide]                PROVIDE (__end_bss_SRAM = .)
                [!provide]                PROVIDE (end = .)

.noinit_RAM2    0x10000fe0        0x0
                [!provide]                PROVIDE (__start_noinit_RAM2 = .)
                [!provide]                PROVIDE (__start_noinit_IAP_SRAM = .)
 *(SORT_BY_ALIGNMENT(.noinit.$RAM2))
 *(SORT_BY_ALIGNMENT(.noinit.$IAP_SRAM))
 *(SORT_BY_ALIGNMENT(.noinit.$RAM2.*))
 *(SORT_BY_ALIGNMENT(.noinit.$IAP_SRAM.*))
                0x10000fe0                . = ALIGN (0x4)
                [!provide]                PROVIDE (__end_noinit_RAM2 = .)
                [!provide]                PROVIDE (__end_noinit_IAP_SRAM = .)

.noinit         0x10000128        0x0
                0x10000128                _noinit = .
                [!provide]                PROVIDE (__start_noinit_RAM = .)
                [!provide]                PROVIDE (__start_noinit_SRAM = .)
 *(SORT_BY_ALIGNMENT(.noinit*))
                0x10000128                . = ALIGN (0x4)
                0x10000128                _end_noinit = .
                [!provide]                PROVIDE (__end_noinit_RAM = .)
                [!provide]                PROVIDE (__end_noinit_SRAM = .)
                0x000000f8                _HeapSize = 0xf8

.heap           0x10000128       0xf8
                0x10000128                _pvHeapStart = .
                0x10000220                . = (. + _HeapSize)
 *fill*         0x10000128       0xf8 
                0x10000220                . = ALIGN (0x4)
                0x10000220                _pvHeapLimit = .
                0x000000f8                _StackSize = 0xf8

.heap2stackfill
                0x10000220       0xf8
                0x10000318                . = (. + _StackSize)
 *fill*         0x10000220       0xf8 

.stack          0x10000ee8        0x0
                0x10000ee8                _vStackBase = .
                0x10000ee8                . = ALIGN (0x4)
                0x10000fe0                _vStackTop = (. + _StackSize)
                0xefffe9a3                PROVIDE (__valid_user_code_checksum = (0x0 - (((_vStackTop + (ResetISR + 0x1)) + (DEFINED (NMI_Handler)?NMI_Handler:M0_NMI_Handler + 0x1)) + (DEFINED (HardFault_Handler)?HardFault_Handler:M0_HardFault_Handler + 0x1))))
                0x00000000                _image_start = LOADADDR (.text)
                0x000037d0                _image_end = (LOADADDR (.data) + SIZEOF (.data))
                0x000037d0                _image_size = (_image_end - _image_start)
OUTPUT(lpcxpresso804_lpc_adc_interrupt.axf elf32-littlearm)
LOAD linker stubs

.debug_info     0x00000000     0xb121
 .debug_info    0x00000000       0xc4 ./utilities/fsl_assert.o
 .debug_info    0x000000c4      0xf68 ./utilities/fsl_debug_console.o
 .debug_info    0x0000102c      0x60e ./startup/startup_lpc804.o
 .debug_info    0x0000163a       0x3d ./source/semihost_hardfault.o
 .debug_info    0x00001677     0x1324 ./source/test2.o
 .debug_info    0x0000299b      0xdf4 ./drivers/fsl_adc.o
 .debug_info    0x0000378f      0xe8f ./drivers/fsl_clock.o
 .debug_info    0x0000461e     0x158d ./drivers/fsl_ctimer.o
 .debug_info    0x00005bab      0x5b0 ./drivers/fsl_reset.o
 .debug_info    0x0000615b      0x747 ./drivers/fsl_swm.o
 .debug_info    0x000068a2     0x19cd ./drivers/fsl_usart.o
 .debug_info    0x0000826f      0x583 ./device/system_LPC804.o
 .debug_info    0x000087f2      0xdf0 ./component/uart/fsl_adapter_miniusart.o
 .debug_info    0x000095e2      0xa2a ./board/board.o
 .debug_info    0x0000a00c      0x702 ./board/clock_config.o
 .debug_info    0x0000a70e      0xa13 ./board/pin_mux.o

.debug_abbrev   0x00000000     0x2155
 .debug_abbrev  0x00000000       0x8f ./utilities/fsl_assert.o
 .debug_abbrev  0x0000008f      0x2c7 ./utilities/fsl_debug_console.o
 .debug_abbrev  0x00000356      0x1a8 ./startup/startup_lpc804.o
 .debug_abbrev  0x000004fe       0x2f ./source/semihost_hardfault.o
 .debug_abbrev  0x0000052d      0x2fa ./source/test2.o
 .debug_abbrev  0x00000827      0x25c ./drivers/fsl_adc.o
 .debug_abbrev  0x00000a83      0x369 ./drivers/fsl_clock.o
 .debug_abbrev  0x00000dec      0x382 ./drivers/fsl_ctimer.o
 .debug_abbrev  0x0000116e      0x185 ./drivers/fsl_reset.o
 .debug_abbrev  0x000012f3      0x195 ./drivers/fsl_swm.o
 .debug_abbrev  0x00001488      0x365 ./drivers/fsl_usart.o
 .debug_abbrev  0x000017ed      0x14b ./device/system_LPC804.o
 .debug_abbrev  0x00001938      0x225 ./component/uart/fsl_adapter_miniusart.o
 .debug_abbrev  0x00001b5d      0x1dd ./board/board.o
 .debug_abbrev  0x00001d3a      0x211 ./board/clock_config.o
 .debug_abbrev  0x00001f4b      0x20a ./board/pin_mux.o

.debug_aranges  0x00000000      0x700
 .debug_aranges
                0x00000000       0x20 ./utilities/fsl_assert.o
 .debug_aranges
                0x00000020       0x68 ./utilities/fsl_debug_console.o
 .debug_aranges
                0x00000088      0x160 ./startup/startup_lpc804.o
 .debug_aranges
                0x000001e8       0x20 ./source/semihost_hardfault.o
 .debug_aranges
                0x00000208       0x80 ./source/test2.o
 .debug_aranges
                0x00000288       0x70 ./drivers/fsl_adc.o
 .debug_aranges
                0x000002f8       0xa0 ./drivers/fsl_clock.o
 .debug_aranges
                0x00000398       0xc0 ./drivers/fsl_ctimer.o
 .debug_aranges
                0x00000458       0x30 ./drivers/fsl_reset.o
 .debug_aranges
                0x00000488       0x30 ./drivers/fsl_swm.o
 .debug_aranges
                0x000004b8      0x110 ./drivers/fsl_usart.o
 .debug_aranges
                0x000005c8       0x30 ./device/system_LPC804.o
 .debug_aranges
                0x000005f8       0x50 ./component/uart/fsl_adapter_miniusart.o
 .debug_aranges
                0x00000648       0x28 ./board/board.o
 .debug_aranges
                0x00000670       0x50 ./board/clock_config.o
 .debug_aranges
                0x000006c0       0x40 ./board/pin_mux.o

.debug_rnglists
                0x00000000      0x50e
 .debug_rnglists
                0x00000000       0x13 ./utilities/fsl_assert.o
 .debug_rnglists
                0x00000013       0x4d ./utilities/fsl_debug_console.o
 .debug_rnglists
                0x00000060      0x103 ./startup/startup_lpc804.o
 .debug_rnglists
                0x00000163       0x13 ./source/semihost_hardfault.o
 .debug_rnglists
                0x00000176       0x5e ./source/test2.o
 .debug_rnglists
                0x000001d4       0x54 ./drivers/fsl_adc.o
 .debug_rnglists
                0x00000228       0x75 ./drivers/fsl_clock.o
 .debug_rnglists
                0x0000029d       0x90 ./drivers/fsl_ctimer.o
 .debug_rnglists
                0x0000032d       0x1f ./drivers/fsl_reset.o
 .debug_rnglists
                0x0000034c       0x21 ./drivers/fsl_swm.o
 .debug_rnglists
                0x0000036d       0xce ./drivers/fsl_usart.o
 .debug_rnglists
                0x0000043b       0x20 ./device/system_LPC804.o
 .debug_rnglists
                0x0000045b       0x38 ./component/uart/fsl_adapter_miniusart.o
 .debug_rnglists
                0x00000493       0x19 ./board/board.o
 .debug_rnglists
                0x000004ac       0x37 ./board/clock_config.o
 .debug_rnglists
                0x000004e3       0x2b ./board/pin_mux.o

.debug_macro    0x00000000     0x720e
 .debug_macro   0x00000000      0x13b ./utilities/fsl_assert.o
 .debug_macro   0x0000013b      0xac6 ./utilities/fsl_assert.o
 .debug_macro   0x00000c01       0x10 ./utilities/fsl_assert.o
 .debug_macro   0x00000c11       0x1c ./utilities/fsl_assert.o
 .debug_macro   0x00000c2d       0x22 ./utilities/fsl_assert.o
 .debug_macro   0x00000c4f      0x12e ./utilities/fsl_assert.o
 .debug_macro   0x00000d7d      0x5b3 ./utilities/fsl_assert.o
 .debug_macro   0x00001330       0x22 ./utilities/fsl_assert.o
 .debug_macro   0x00001352       0x10 ./utilities/fsl_assert.o
 .debug_macro   0x00001362       0x3f ./utilities/fsl_assert.o
 .debug_macro   0x000013a1       0x1c ./utilities/fsl_assert.o
 .debug_macro   0x000013bd       0x22 ./utilities/fsl_assert.o
 .debug_macro   0x000013df       0xd1 ./utilities/fsl_assert.o
 .debug_macro   0x000014b0      0x3ad ./utilities/fsl_assert.o
 .debug_macro   0x0000185d       0x22 ./utilities/fsl_assert.o
 .debug_macro   0x0000187f     0x3f2e ./utilities/fsl_assert.o
 .debug_macro   0x000057ad      0x1c3 ./utilities/fsl_assert.o
 .debug_macro   0x00005970       0x7a ./utilities/fsl_assert.o
 .debug_macro   0x000059ea       0x96 ./utilities/fsl_assert.o
 .debug_macro   0x00005a80      0x10a ./utilities/fsl_assert.o
 .debug_macro   0x00005b8a       0x16 ./utilities/fsl_assert.o
 .debug_macro   0x00005ba0       0x77 ./utilities/fsl_assert.o
 .debug_macro   0x00005c17       0x1c ./utilities/fsl_assert.o
 .debug_macro   0x00005c33       0x1c ./utilities/fsl_assert.o
 .debug_macro   0x00005c4f       0x34 ./utilities/fsl_assert.o
 .debug_macro   0x00005c83      0x16b ./utilities/fsl_debug_console.o
 .debug_macro   0x00005dee       0x16 ./utilities/fsl_debug_console.o
 .debug_macro   0x00005e04       0x10 ./utilities/fsl_debug_console.o
 .debug_macro   0x00005e14       0x28 ./utilities/fsl_debug_console.o
 .debug_macro   0x00005e3c       0xc4 ./utilities/fsl_debug_console.o
 .debug_macro   0x00005f00       0x16 ./utilities/fsl_debug_console.o
 .debug_macro   0x00005f16       0x46 ./utilities/fsl_debug_console.o
 .debug_macro   0x00005f5c       0x32 ./startup/startup_lpc804.o
 .debug_macro   0x00005f8e       0x34 ./startup/startup_lpc804.o
 .debug_macro   0x00005fc2       0x11 ./source/semihost_hardfault.o
 .debug_macro   0x00005fd3      0x1d0 ./source/test2.o
 .debug_macro   0x000061a3       0x22 ./source/test2.o
 .debug_macro   0x000061c5       0x28 ./source/test2.o
 .debug_macro   0x000061ed       0x10 ./source/test2.o
 .debug_macro   0x000061fd      0x11e ./source/test2.o
 .debug_macro   0x0000631b       0x10 ./source/test2.o
 .debug_macro   0x0000632b       0x1c ./source/test2.o
 .debug_macro   0x00006347       0x10 ./source/test2.o
 .debug_macro   0x00006357       0xd2 ./source/test2.o
 .debug_macro   0x00006429      0x140 ./drivers/fsl_adc.o
 .debug_macro   0x00006569      0x12d ./drivers/fsl_clock.o
 .debug_macro   0x00006696       0x28 ./drivers/fsl_clock.o
 .debug_macro   0x000066be      0x13a ./drivers/fsl_ctimer.o
 .debug_macro   0x000067f8      0x12a ./drivers/fsl_reset.o
 .debug_macro   0x00006922      0x144 ./drivers/fsl_swm.o
 .debug_macro   0x00006a66      0x139 ./drivers/fsl_usart.o
 .debug_macro   0x00006b9f       0x1c ./drivers/fsl_usart.o
 .debug_macro   0x00006bbb       0x97 ./device/system_LPC804.o
 .debug_macro   0x00006c52      0x136 ./component/uart/fsl_adapter_miniusart.o
 .debug_macro   0x00006d88       0x22 ./component/uart/fsl_adapter_miniusart.o
 .debug_macro   0x00006daa      0x162 ./board/board.o
 .debug_macro   0x00006f0c      0x14a ./board/clock_config.o
 .debug_macro   0x00007056       0x22 ./board/clock_config.o
 .debug_macro   0x00007078      0x150 ./board/pin_mux.o
 .debug_macro   0x000071c8       0x46 ./board/pin_mux.o

.debug_line     0x00000000     0x6541
 .debug_line    0x00000000      0x4eb ./utilities/fsl_assert.o
 .debug_line    0x000004eb      0x9f9 ./utilities/fsl_debug_console.o
 .debug_line    0x00000ee4      0x38e ./startup/startup_lpc804.o
 .debug_line    0x00001272       0x59 ./source/semihost_hardfault.o
 .debug_line    0x000012cb      0x91b ./source/test2.o
 .debug_line    0x00001be6      0x6c6 ./drivers/fsl_adc.o
 .debug_line    0x000022ac      0x74e ./drivers/fsl_clock.o
 .debug_line    0x000029fa      0x94a ./drivers/fsl_ctimer.o
 .debug_line    0x00003344      0x47f ./drivers/fsl_reset.o
 .debug_line    0x000037c3      0x4f0 ./drivers/fsl_swm.o
 .debug_line    0x00003cb3      0xd7d ./drivers/fsl_usart.o
 .debug_line    0x00004a30      0x33a ./device/system_LPC804.o
 .debug_line    0x00004d6a      0x683 ./component/uart/fsl_adapter_miniusart.o
 .debug_line    0x000053ed      0x5fa ./board/board.o
 .debug_line    0x000059e7      0x5cb ./board/clock_config.o
 .debug_line    0x00005fb2      0x58f ./board/pin_mux.o

.debug_str      0x00000000    0x2fead
 .debug_str     0x00000000    0x290d0 ./utilities/fsl_assert.o
                              0x29195 (size before relaxing)
 .debug_str     0x000290d0     0x18d2 ./utilities/fsl_debug_console.o
                              0x2aab3 (size before relaxing)
 .debug_str     0x0002a9a2      0x4fe ./startup/startup_lpc804.o
                               0x3395 (size before relaxing)
 .debug_str     0x0002aea0       0x1f ./source/semihost_hardfault.o
                               0x2e71 (size before relaxing)
 .debug_str     0x0002aebf     0x2005 ./source/test2.o
                              0x2c2ce (size before relaxing)
 .debug_str     0x0002cec4      0x257 ./drivers/fsl_adc.o
                              0x2a220 (size before relaxing)
 .debug_str     0x0002d11b      0x5ef ./drivers/fsl_clock.o
                              0x2a17d (size before relaxing)
 .debug_str     0x0002d70a      0x8a2 ./drivers/fsl_ctimer.o
                              0x2a94c (size before relaxing)
 .debug_str     0x0002dfac       0x98 ./drivers/fsl_reset.o
                              0x29497 (size before relaxing)
 .debug_str     0x0002e044      0xdbc ./drivers/fsl_swm.o
                              0x29e9a (size before relaxing)
 .debug_str     0x0002ee00      0xcaf ./drivers/fsl_usart.o
                              0x2af76 (size before relaxing)
 .debug_str     0x0002faaf       0x74 ./device/system_LPC804.o
                              0x27b5b (size before relaxing)
 .debug_str     0x0002fb23       0xb2 ./component/uart/fsl_adapter_miniusart.o
                              0x2a4fc (size before relaxing)
 .debug_str     0x0002fbd5       0x1c ./board/board.o
                              0x2af37 (size before relaxing)
 .debug_str     0x0002fbf1       0x71 ./board/clock_config.o
                              0x298cd (size before relaxing)
 .debug_str     0x0002fc62      0x24b ./board/pin_mux.o
                              0x29e19 (size before relaxing)

.comment        0x00000000       0x45
 .comment       0x00000000       0x45 ./utilities/fsl_assert.o
                                 0x46 (size before relaxing)
 .comment       0x00000045       0x46 ./utilities/fsl_debug_console.o
 .comment       0x00000045       0x46 ./startup/startup_lpc804.o
 .comment       0x00000045       0x46 ./source/semihost_hardfault.o
 .comment       0x00000045       0x46 ./source/test2.o
 .comment       0x00000045       0x46 ./drivers/fsl_adc.o
 .comment       0x00000045       0x46 ./drivers/fsl_clock.o
 .comment       0x00000045       0x46 ./drivers/fsl_ctimer.o
 .comment       0x00000045       0x46 ./drivers/fsl_reset.o
 .comment       0x00000045       0x46 ./drivers/fsl_swm.o
 .comment       0x00000045       0x46 ./drivers/fsl_usart.o
 .comment       0x00000045       0x46 ./device/system_LPC804.o
 .comment       0x00000045       0x46 ./component/uart/fsl_adapter_miniusart.o
 .comment       0x00000045       0x46 ./board/board.o
 .comment       0x00000045       0x46 ./board/clock_config.o
 .comment       0x00000045       0x46 ./board/pin_mux.o
 .comment       0x00000045       0x46 c:/nxp/mcuxpressoide_11.8.0_1165/ide/plugins/com.nxp.mcuxpresso.tools.win32_11.8.0.202306131047/tools/bin/../lib/gcc/arm-none-eabi/12.2.1/../../../../arm-none-eabi/lib/thumb/v6-m/nofp\libcr_nohost_nf.a(_cr__main.o)
 .comment       0x00000045       0x46 c:/nxp/mcuxpressoide_11.8.0_1165/ide/plugins/com.nxp.mcuxpresso.tools.win32_11.8.0.202306131047/tools/bin/../lib/gcc/arm-none-eabi/12.2.1/../../../../arm-none-eabi/lib/thumb/v6-m/nofp\libcr_c.a(memcpy.o)
 .comment       0x00000045       0x46 c:/nxp/mcuxpressoide_11.8.0_1165/ide/plugins/com.nxp.mcuxpresso.tools.win32_11.8.0.202306131047/tools/bin/../lib/gcc/arm-none-eabi/12.2.1/../../../../arm-none-eabi/lib/thumb/v6-m/nofp\libcr_c.a(memset.o)
 .comment       0x00000045       0x46 c:/nxp/mcuxpressoide_11.8.0_1165/ide/plugins/com.nxp.mcuxpresso.tools.win32_11.8.0.202306131047/tools/bin/../lib/gcc/arm-none-eabi/12.2.1/../../../../arm-none-eabi/lib/thumb/v6-m/nofp\libcr_c.a(alloc.o)
 .comment       0x00000045       0x46 c:/nxp/mcuxpressoide_11.8.0_1165/ide/plugins/com.nxp.mcuxpresso.tools.win32_11.8.0.202306131047/tools/bin/../lib/gcc/arm-none-eabi/12.2.1/../../../../arm-none-eabi/lib/thumb/v6-m/nofp\libcr_c.a(errno.o)
 .comment       0x00000045       0x46 c:/nxp/mcuxpressoide_11.8.0_1165/ide/plugins/com.nxp.mcuxpresso.tools.win32_11.8.0.202306131047/tools/bin/../lib/gcc/arm-none-eabi/12.2.1/../../../../arm-none-eabi/lib/thumb/v6-m/nofp\libcr_c.a(initio.o)
 .comment       0x00000045       0x46 c:/nxp/mcuxpressoide_11.8.0_1165/ide/plugins/com.nxp.mcuxpresso.tools.win32_11.8.0.202306131047/tools/bin/../lib/gcc/arm-none-eabi/12.2.1/../../../../arm-none-eabi/lib/thumb/v6-m/nofp\libcr_c.a(setvbuf.o)
 .comment       0x00000045       0x46 c:/nxp/mcuxpressoide_11.8.0_1165/ide/plugins/com.nxp.mcuxpresso.tools.win32_11.8.0.202306131047/tools/bin/../lib/gcc/arm-none-eabi/12.2.1/../../../../arm-none-eabi/lib/thumb/v6-m/nofp\libcr_c.a(sqrt.o)
 .comment       0x00000045       0x46 c:/nxp/mcuxpressoide_11.8.0_1165/ide/plugins/com.nxp.mcuxpresso.tools.win32_11.8.0.202306131047/tools/bin/../lib/gcc/arm-none-eabi/12.2.1/../../../../arm-none-eabi/lib/thumb/v6-m/nofp\libcr_c.a(strlen.o)
 .comment       0x00000045       0x46 c:/nxp/mcuxpressoide_11.8.0_1165/ide/plugins/com.nxp.mcuxpresso.tools.win32_11.8.0.202306131047/tools/bin/../lib/gcc/arm-none-eabi/12.2.1/../../../../arm-none-eabi/lib/thumb/v6-m/nofp\libcr_c.a(_deferredlazyseek.o)
 .comment       0x00000045       0x46 c:/nxp/mcuxpressoide_11.8.0_1165/ide/plugins/com.nxp.mcuxpresso.tools.win32_11.8.0.202306131047/tools/bin/../lib/gcc/arm-none-eabi/12.2.1/../../../../arm-none-eabi/lib/thumb/v6-m/nofp\libcr_c.a(_fdopen.o)
 .comment       0x00000045       0x46 c:/nxp/mcuxpressoide_11.8.0_1165/ide/plugins/com.nxp.mcuxpresso.tools.win32_11.8.0.202306131047/tools/bin/../lib/gcc/arm-none-eabi/12.2.1/../../../../arm-none-eabi/lib/thumb/v6-m/nofp\libcr_c.a(_fflush.o)
 .comment       0x00000045       0x46 c:/nxp/mcuxpressoide_11.8.0_1165/ide/plugins/com.nxp.mcuxpresso.tools.win32_11.8.0.202306131047/tools/bin/../lib/gcc/arm-none-eabi/12.2.1/../../../../arm-none-eabi/lib/thumb/v6-m/nofp\libcr_c.a(_writebuf.o)
 .comment       0x00000045       0x46 c:/nxp/mcuxpressoide_11.8.0_1165/ide/plugins/com.nxp.mcuxpresso.tools.win32_11.8.0.202306131047/tools/bin/../lib/gcc/arm-none-eabi/12.2.1/../../../../arm-none-eabi/lib/thumb/v6-m/nofp\libcr_c.a(fclose.o)
 .comment       0x00000045       0x46 c:/nxp/mcuxpressoide_11.8.0_1165/ide/plugins/com.nxp.mcuxpresso.tools.win32_11.8.0.202306131047/tools/bin/../lib/gcc/arm-none-eabi/12.2.1/../../../../arm-none-eabi/lib/thumb/v6-m/nofp\libcr_c.a(fflush.o)
 .comment       0x00000045       0x46 c:/nxp/mcuxpressoide_11.8.0_1165/ide/plugins/com.nxp.mcuxpresso.tools.win32_11.8.0.202306131047/tools/bin/../lib/gcc/arm-none-eabi/12.2.1/../../../../arm-none-eabi/lib/thumb/v6-m/nofp\libcr_c.a(fseek.o)
 .comment       0x00000045       0x46 c:/nxp/mcuxpressoide_11.8.0_1165/ide/plugins/com.nxp.mcuxpresso.tools.win32_11.8.0.202306131047/tools/bin/../lib/gcc/arm-none-eabi/12.2.1/../../../../arm-none-eabi/lib/thumb/v6-m/nofp\libcr_c.a(ftell.o)
 .comment       0x00000045       0x46 c:/nxp/mcuxpressoide_11.8.0_1165/ide/plugins/com.nxp.mcuxpresso.tools.win32_11.8.0.202306131047/tools/bin/../lib/gcc/arm-none-eabi/12.2.1/../../../../arm-none-eabi/lib/thumb/v6-m/nofp\libcr_c.a(remove.o)
 .comment       0x00000045       0x46 c:/nxp/mcuxpressoide_11.8.0_1165/ide/plugins/com.nxp.mcuxpresso.tools.win32_11.8.0.202306131047/tools/bin/../lib/gcc/arm-none-eabi/12.2.1/../../../../arm-none-eabi/lib/thumb/v6-m/nofp\libcr_c.a(_do_fflush.o)
 .comment       0x00000045       0x46 c:/nxp/mcuxpressoide_11.8.0_1165/ide/plugins/com.nxp.mcuxpresso.tools.win32_11.8.0.202306131047/tools/bin/../lib/gcc/arm-none-eabi/12.2.1/thumb/v6-m/nofp\libcr_eabihelpers.a(double.o)
 .comment       0x00000045       0x46 c:/nxp/mcuxpressoide_11.8.0_1165/ide/plugins/com.nxp.mcuxpresso.tools.win32_11.8.0.202306131047/tools/bin/../lib/gcc/arm-none-eabi/12.2.1/../../../../arm-none-eabi/lib/thumb/v6-m/nofp\libcr_nohost_nf.a(__ciob.o)
 .comment       0x00000045       0x46 c:/nxp/mcuxpressoide_11.8.0_1165/ide/plugins/com.nxp.mcuxpresso.tools.win32_11.8.0.202306131047/tools/bin/../lib/gcc/arm-none-eabi/12.2.1/../../../../arm-none-eabi/lib/thumb/v6-m/nofp\libcr_nohost_nf.a(__sys_close.o)
 .comment       0x00000045       0x46 c:/nxp/mcuxpressoide_11.8.0_1165/ide/plugins/com.nxp.mcuxpresso.tools.win32_11.8.0.202306131047/tools/bin/../lib/gcc/arm-none-eabi/12.2.1/../../../../arm-none-eabi/lib/thumb/v6-m/nofp\libcr_nohost_nf.a(__sys_flen.o)
 .comment       0x00000045       0x46 c:/nxp/mcuxpressoide_11.8.0_1165/ide/plugins/com.nxp.mcuxpresso.tools.win32_11.8.0.202306131047/tools/bin/../lib/gcc/arm-none-eabi/12.2.1/../../../../arm-none-eabi/lib/thumb/v6-m/nofp\libcr_nohost_nf.a(__sys_istty.o)
 .comment       0x00000045       0x46 c:/nxp/mcuxpressoide_11.8.0_1165/ide/plugins/com.nxp.mcuxpresso.tools.win32_11.8.0.202306131047/tools/bin/../lib/gcc/arm-none-eabi/12.2.1/../../../../arm-none-eabi/lib/thumb/v6-m/nofp\libcr_nohost_nf.a(__sys_remove.o)
 .comment       0x00000045       0x46 c:/nxp/mcuxpressoide_11.8.0_1165/ide/plugins/com.nxp.mcuxpresso.tools.win32_11.8.0.202306131047/tools/bin/../lib/gcc/arm-none-eabi/12.2.1/../../../../arm-none-eabi/lib/thumb/v6-m/nofp\libcr_nohost_nf.a(__sys_seek.o)
 .comment       0x00000045       0x46 c:/nxp/mcuxpressoide_11.8.0_1165/ide/plugins/com.nxp.mcuxpresso.tools.win32_11.8.0.202306131047/tools/bin/../lib/gcc/arm-none-eabi/12.2.1/../../../../arm-none-eabi/lib/thumb/v6-m/nofp\libcr_nohost_nf.a(__sys_tmpnam.o)
 .comment       0x00000045       0x46 c:/nxp/mcuxpressoide_11.8.0_1165/ide/plugins/com.nxp.mcuxpresso.tools.win32_11.8.0.202306131047/tools/bin/../lib/gcc/arm-none-eabi/12.2.1/../../../../arm-none-eabi/lib/thumb/v6-m/nofp\libcr_nohost_nf.a(__sys_write.o)

.ARM.attributes
                0x00000000       0x2a
 .ARM.attributes
                0x00000000       0x2c ./utilities/fsl_assert.o
 .ARM.attributes
                0x0000002c       0x2c ./utilities/fsl_debug_console.o
 .ARM.attributes
                0x00000058       0x2c ./startup/startup_lpc804.o
 .ARM.attributes
                0x00000084       0x2c ./source/semihost_hardfault.o
 .ARM.attributes
                0x000000b0       0x2c ./source/test2.o
 .ARM.attributes
                0x000000dc       0x2c ./drivers/fsl_adc.o
 .ARM.attributes
                0x00000108       0x2c ./drivers/fsl_clock.o
 .ARM.attributes
                0x00000134       0x2c ./drivers/fsl_ctimer.o
 .ARM.attributes
                0x00000160       0x2c ./drivers/fsl_reset.o
 .ARM.attributes
                0x0000018c       0x2c ./drivers/fsl_swm.o
 .ARM.attributes
                0x000001b8       0x2c ./drivers/fsl_usart.o
 .ARM.attributes
                0x000001e4       0x2c ./device/system_LPC804.o
 .ARM.attributes
                0x00000210       0x2c ./component/uart/fsl_adapter_miniusart.o
 .ARM.attributes
                0x0000023c       0x2c ./board/board.o
 .ARM.attributes
                0x00000268       0x2c ./board/clock_config.o
 .ARM.attributes
                0x00000294       0x2c ./board/pin_mux.o
 .ARM.attributes
                0x000002c0       0x2c c:/nxp/mcuxpressoide_11.8.0_1165/ide/plugins/com.nxp.mcuxpresso.tools.win32_11.8.0.202306131047/tools/bin/../lib/gcc/arm-none-eabi/12.2.1/../../../../arm-none-eabi/lib/thumb/v6-m/nofp\libcr_nohost_nf.a(_cr__main.o)
 .ARM.attributes
                0x000002ec       0x2c c:/nxp/mcuxpressoide_11.8.0_1165/ide/plugins/com.nxp.mcuxpresso.tools.win32_11.8.0.202306131047/tools/bin/../lib/gcc/arm-none-eabi/12.2.1/../../../../arm-none-eabi/lib/thumb/v6-m/nofp\libcr_c.a(memcpy.o)
 .ARM.attributes
                0x00000318       0x2c c:/nxp/mcuxpressoide_11.8.0_1165/ide/plugins/com.nxp.mcuxpresso.tools.win32_11.8.0.202306131047/tools/bin/../lib/gcc/arm-none-eabi/12.2.1/../../../../arm-none-eabi/lib/thumb/v6-m/nofp\libcr_c.a(memset.o)
 .ARM.attributes
                0x00000344       0x2c c:/nxp/mcuxpressoide_11.8.0_1165/ide/plugins/com.nxp.mcuxpresso.tools.win32_11.8.0.202306131047/tools/bin/../lib/gcc/arm-none-eabi/12.2.1/../../../../arm-none-eabi/lib/thumb/v6-m/nofp\libcr_c.a(alloc.o)
 .ARM.attributes
                0x00000370       0x2c c:/nxp/mcuxpressoide_11.8.0_1165/ide/plugins/com.nxp.mcuxpresso.tools.win32_11.8.0.202306131047/tools/bin/../lib/gcc/arm-none-eabi/12.2.1/../../../../arm-none-eabi/lib/thumb/v6-m/nofp\libcr_c.a(errno.o)
 .ARM.attributes
                0x0000039c       0x2c c:/nxp/mcuxpressoide_11.8.0_1165/ide/plugins/com.nxp.mcuxpresso.tools.win32_11.8.0.202306131047/tools/bin/../lib/gcc/arm-none-eabi/12.2.1/../../../../arm-none-eabi/lib/thumb/v6-m/nofp\libcr_c.a(initio.o)
 .ARM.attributes
                0x000003c8       0x2c c:/nxp/mcuxpressoide_11.8.0_1165/ide/plugins/com.nxp.mcuxpresso.tools.win32_11.8.0.202306131047/tools/bin/../lib/gcc/arm-none-eabi/12.2.1/../../../../arm-none-eabi/lib/thumb/v6-m/nofp\libcr_c.a(setvbuf.o)
 .ARM.attributes
                0x000003f4       0x2c c:/nxp/mcuxpressoide_11.8.0_1165/ide/plugins/com.nxp.mcuxpresso.tools.win32_11.8.0.202306131047/tools/bin/../lib/gcc/arm-none-eabi/12.2.1/../../../../arm-none-eabi/lib/thumb/v6-m/nofp\libcr_c.a(sqrt.o)
 .ARM.attributes
                0x00000420       0x2c c:/nxp/mcuxpressoide_11.8.0_1165/ide/plugins/com.nxp.mcuxpresso.tools.win32_11.8.0.202306131047/tools/bin/../lib/gcc/arm-none-eabi/12.2.1/../../../../arm-none-eabi/lib/thumb/v6-m/nofp\libcr_c.a(strlen.o)
 .ARM.attributes
                0x0000044c       0x2c c:/nxp/mcuxpressoide_11.8.0_1165/ide/plugins/com.nxp.mcuxpresso.tools.win32_11.8.0.202306131047/tools/bin/../lib/gcc/arm-none-eabi/12.2.1/../../../../arm-none-eabi/lib/thumb/v6-m/nofp\libcr_c.a(_deferredlazyseek.o)
 .ARM.attributes
                0x00000478       0x2c c:/nxp/mcuxpressoide_11.8.0_1165/ide/plugins/com.nxp.mcuxpresso.tools.win32_11.8.0.202306131047/tools/bin/../lib/gcc/arm-none-eabi/12.2.1/../../../../arm-none-eabi/lib/thumb/v6-m/nofp\libcr_c.a(_fdopen.o)
 .ARM.attributes
                0x000004a4       0x2c c:/nxp/mcuxpressoide_11.8.0_1165/ide/plugins/com.nxp.mcuxpresso.tools.win32_11.8.0.202306131047/tools/bin/../lib/gcc/arm-none-eabi/12.2.1/../../../../arm-none-eabi/lib/thumb/v6-m/nofp\libcr_c.a(_fflush.o)
 .ARM.attributes
                0x000004d0       0x2c c:/nxp/mcuxpressoide_11.8.0_1165/ide/plugins/com.nxp.mcuxpresso.tools.win32_11.8.0.202306131047/tools/bin/../lib/gcc/arm-none-eabi/12.2.1/../../../../arm-none-eabi/lib/thumb/v6-m/nofp\libcr_c.a(_writebuf.o)
 .ARM.attributes
                0x000004fc       0x2c c:/nxp/mcuxpressoide_11.8.0_1165/ide/plugins/com.nxp.mcuxpresso.tools.win32_11.8.0.202306131047/tools/bin/../lib/gcc/arm-none-eabi/12.2.1/../../../../arm-none-eabi/lib/thumb/v6-m/nofp\libcr_c.a(fclose.o)
 .ARM.attributes
                0x00000528       0x2c c:/nxp/mcuxpressoide_11.8.0_1165/ide/plugins/com.nxp.mcuxpresso.tools.win32_11.8.0.202306131047/tools/bin/../lib/gcc/arm-none-eabi/12.2.1/../../../../arm-none-eabi/lib/thumb/v6-m/nofp\libcr_c.a(fflush.o)
 .ARM.attributes
                0x00000554       0x2c c:/nxp/mcuxpressoide_11.8.0_1165/ide/plugins/com.nxp.mcuxpresso.tools.win32_11.8.0.202306131047/tools/bin/../lib/gcc/arm-none-eabi/12.2.1/../../../../arm-none-eabi/lib/thumb/v6-m/nofp\libcr_c.a(fseek.o)
 .ARM.attributes
                0x00000580       0x2c c:/nxp/mcuxpressoide_11.8.0_1165/ide/plugins/com.nxp.mcuxpresso.tools.win32_11.8.0.202306131047/tools/bin/../lib/gcc/arm-none-eabi/12.2.1/../../../../arm-none-eabi/lib/thumb/v6-m/nofp\libcr_c.a(ftell.o)
 .ARM.attributes
                0x000005ac       0x2c c:/nxp/mcuxpressoide_11.8.0_1165/ide/plugins/com.nxp.mcuxpresso.tools.win32_11.8.0.202306131047/tools/bin/../lib/gcc/arm-none-eabi/12.2.1/../../../../arm-none-eabi/lib/thumb/v6-m/nofp\libcr_c.a(remove.o)
 .ARM.attributes
                0x000005d8       0x2c c:/nxp/mcuxpressoide_11.8.0_1165/ide/plugins/com.nxp.mcuxpresso.tools.win32_11.8.0.202306131047/tools/bin/../lib/gcc/arm-none-eabi/12.2.1/../../../../arm-none-eabi/lib/thumb/v6-m/nofp\libcr_c.a(_do_fflush.o)
 .ARM.attributes
                0x00000604       0x1c c:/nxp/mcuxpressoide_11.8.0_1165/ide/plugins/com.nxp.mcuxpresso.tools.win32_11.8.0.202306131047/tools/bin/../lib/gcc/arm-none-eabi/12.2.1/thumb/v6-m/nofp\libcr_eabihelpers.a(division_32.o)
 .ARM.attributes
                0x00000620       0x1c c:/nxp/mcuxpressoide_11.8.0_1165/ide/plugins/com.nxp.mcuxpresso.tools.win32_11.8.0.202306131047/tools/bin/../lib/gcc/arm-none-eabi/12.2.1/thumb/v6-m/nofp\libcr_eabihelpers.a(division_64.o)
 .ARM.attributes
                0x0000063c       0x1c c:/nxp/mcuxpressoide_11.8.0_1165/ide/plugins/com.nxp.mcuxpresso.tools.win32_11.8.0.202306131047/tools/bin/../lib/gcc/arm-none-eabi/12.2.1/thumb/v6-m/nofp\libcr_eabihelpers.a(division_idiv0.o)
 .ARM.attributes
                0x00000658       0x2c c:/nxp/mcuxpressoide_11.8.0_1165/ide/plugins/com.nxp.mcuxpresso.tools.win32_11.8.0.202306131047/tools/bin/../lib/gcc/arm-none-eabi/12.2.1/thumb/v6-m/nofp\libcr_eabihelpers.a(double.o)
 .ARM.attributes
                0x00000684       0x1c c:/nxp/mcuxpressoide_11.8.0_1165/ide/plugins/com.nxp.mcuxpresso.tools.win32_11.8.0.202306131047/tools/bin/../lib/gcc/arm-none-eabi/12.2.1/thumb/v6-m/nofp\libcr_eabihelpers.a(llong.o)
 .ARM.attributes
                0x000006a0       0x1c c:/nxp/mcuxpressoide_11.8.0_1165/ide/plugins/com.nxp.mcuxpresso.tools.win32_11.8.0.202306131047/tools/bin/../lib/gcc/arm-none-eabi/12.2.1/thumb/v6-m/nofp\libcr_eabihelpers.a(memcpy.o)
 .ARM.attributes
                0x000006bc       0x2c c:/nxp/mcuxpressoide_11.8.0_1165/ide/plugins/com.nxp.mcuxpresso.tools.win32_11.8.0.202306131047/tools/bin/../lib/gcc/arm-none-eabi/12.2.1/../../../../arm-none-eabi/lib/thumb/v6-m/nofp\libcr_nohost_nf.a(__ciob.o)
 .ARM.attributes
                0x000006e8       0x2c c:/nxp/mcuxpressoide_11.8.0_1165/ide/plugins/com.nxp.mcuxpresso.tools.win32_11.8.0.202306131047/tools/bin/../lib/gcc/arm-none-eabi/12.2.1/../../../../arm-none-eabi/lib/thumb/v6-m/nofp\libcr_nohost_nf.a(__sys_close.o)
 .ARM.attributes
                0x00000714       0x2c c:/nxp/mcuxpressoide_11.8.0_1165/ide/plugins/com.nxp.mcuxpresso.tools.win32_11.8.0.202306131047/tools/bin/../lib/gcc/arm-none-eabi/12.2.1/../../../../arm-none-eabi/lib/thumb/v6-m/nofp\libcr_nohost_nf.a(__sys_flen.o)
 .ARM.attributes
                0x00000740       0x2c c:/nxp/mcuxpressoide_11.8.0_1165/ide/plugins/com.nxp.mcuxpresso.tools.win32_11.8.0.202306131047/tools/bin/../lib/gcc/arm-none-eabi/12.2.1/../../../../arm-none-eabi/lib/thumb/v6-m/nofp\libcr_nohost_nf.a(__sys_istty.o)
 .ARM.attributes
                0x0000076c       0x2c c:/nxp/mcuxpressoide_11.8.0_1165/ide/plugins/com.nxp.mcuxpresso.tools.win32_11.8.0.202306131047/tools/bin/../lib/gcc/arm-none-eabi/12.2.1/../../../../arm-none-eabi/lib/thumb/v6-m/nofp\libcr_nohost_nf.a(__sys_remove.o)
 .ARM.attributes
                0x00000798       0x2c c:/nxp/mcuxpressoide_11.8.0_1165/ide/plugins/com.nxp.mcuxpresso.tools.win32_11.8.0.202306131047/tools/bin/../lib/gcc/arm-none-eabi/12.2.1/../../../../arm-none-eabi/lib/thumb/v6-m/nofp\libcr_nohost_nf.a(__sys_seek.o)
 .ARM.attributes
                0x000007c4       0x2c c:/nxp/mcuxpressoide_11.8.0_1165/ide/plugins/com.nxp.mcuxpresso.tools.win32_11.8.0.202306131047/tools/bin/../lib/gcc/arm-none-eabi/12.2.1/../../../../arm-none-eabi/lib/thumb/v6-m/nofp\libcr_nohost_nf.a(__sys_tmpnam.o)
 .ARM.attributes
                0x000007f0       0x2c c:/nxp/mcuxpressoide_11.8.0_1165/ide/plugins/com.nxp.mcuxpresso.tools.win32_11.8.0.202306131047/tools/bin/../lib/gcc/arm-none-eabi/12.2.1/../../../../arm-none-eabi/lib/thumb/v6-m/nofp\libcr_nohost_nf.a(__sys_write.o)

.debug_frame    0x00000000     0x1538
 .debug_frame   0x00000000       0x30 ./utilities/fsl_assert.o
 .debug_frame   0x00000030      0x150 ./utilities/fsl_debug_console.o
 .debug_frame   0x00000180      0x3a8 ./startup/startup_lpc804.o
 .debug_frame   0x00000528       0x20 ./source/semihost_hardfault.o
 .debug_frame   0x00000548      0x1b0 ./source/test2.o
 .debug_frame   0x000006f8      0x170 ./drivers/fsl_adc.o
 .debug_frame   0x00000868      0x228 ./drivers/fsl_clock.o
 .debug_frame   0x00000a90      0x2b0 ./drivers/fsl_ctimer.o
 .debug_frame   0x00000d40       0x70 ./drivers/fsl_reset.o
 .debug_frame   0x00000db0       0x70 ./drivers/fsl_swm.o
 .debug_frame   0x00000e20      0x3e8 ./drivers/fsl_usart.o
 .debug_frame   0x00001208       0x64 ./device/system_LPC804.o
 .debug_frame   0x0000126c       0xf0 ./component/uart/fsl_adapter_miniusart.o
 .debug_frame   0x0000135c       0x50 ./board/board.o
 .debug_frame   0x000013ac       0xe0 ./board/clock_config.o
 .debug_frame   0x0000148c       0xac ./board/pin_mux.o

.debug_loclists
                0x00000000      0x104
 .debug_loclists
                0x00000000      0x104 ./startup/startup_lpc804.o

Cross Reference Table

Symbol                                            File
ADC_Deinit                                        ./drivers/fsl_adc.o
ADC_GetChannelConversionResult                    ./drivers/fsl_adc.o
                                                  ./source/test2.o
ADC_GetConvSeqAGlobalConversionResult             ./drivers/fsl_adc.o
                                                  ./source/test2.o
ADC_GetConvSeqBGlobalConversionResult             ./drivers/fsl_adc.o
ADC_GetDefaultConfig                              ./drivers/fsl_adc.o
ADC_Init                                          ./drivers/fsl_adc.o
                                                  ./source/test2.o
ADC_OVR_DriverIRQHandler                          ./startup/startup_lpc804.o
ADC_OVR_IRQHandler                                ./startup/startup_lpc804.o
ADC_SEQA_DriverIRQHandler                         ./startup/startup_lpc804.o
ADC_SEQA_IRQHandler                               ./source/test2.o
                                                  ./startup/startup_lpc804.o
ADC_SEQB_DriverIRQHandler                         ./startup/startup_lpc804.o
ADC_SEQB_IRQHandler                               ./startup/startup_lpc804.o
ADC_SetConvSeqAConfig                             ./drivers/fsl_adc.o
                                                  ./source/test2.o
ADC_SetConvSeqBConfig                             ./drivers/fsl_adc.o
ADC_THCMP_DriverIRQHandler                        ./startup/startup_lpc804.o
ADC_THCMP_IRQHandler                              ./startup/startup_lpc804.o
BOARD_BootClockFRO18M                             ./board/clock_config.o
BOARD_BootClockFRO24M                             ./board/clock_config.o
BOARD_BootClockFRO30M                             ./board/clock_config.o
BOARD_InitBootClocks                              ./board/clock_config.o
                                                  ./source/test2.o
BOARD_InitBootPins                                ./board/pin_mux.o
                                                  ./source/test2.o
BOARD_InitDebugConsole                            ./board/board.o
                                                  ./source/test2.o
BOARD_InitPins                                    ./board/pin_mux.o
BOD_DriverIRQHandler                              ./startup/startup_lpc804.o
BOD_IRQHandler                                    ./startup/startup_lpc804.o
CLOCK_GetClockOutClkFreq                          ./drivers/fsl_clock.o
CLOCK_GetFRG0ClkFreq                              ./drivers/fsl_clock.o
CLOCK_GetFreq                                     ./drivers/fsl_clock.o
CLOCK_GetFroFreq                                  ./drivers/fsl_clock.o
CLOCK_GetMainClkFreq                              ./drivers/fsl_clock.o
                                                  ./board/board.o
CLOCK_GetUart0ClkFreq                             ./drivers/fsl_clock.o
CLOCK_GetUart1ClkFreq                             ./drivers/fsl_clock.o
CLOCK_InitExtClkin                                ./drivers/fsl_clock.o
CLOCK_SetFRG0ClkFreq                              ./drivers/fsl_clock.o
                                                  ./board/clock_config.o
CLOCK_SetFroOscFreq                               ./drivers/fsl_clock.o
                                                  ./board/clock_config.o
CLOCK_SetMainClkSrc                               ./drivers/fsl_clock.o
                                                  ./board/clock_config.o
CMP_CAPT_DriverIRQHandler                         ./startup/startup_lpc804.o
CMP_CAPT_IRQHandler                               ./startup/startup_lpc804.o
CRP_WORD                                          ./startup/startup_lpc804.o
CTIMER0_DriverIRQHandler                          ./drivers/fsl_ctimer.o
                                                  ./startup/startup_lpc804.o
CTIMER0_IRQHandler                                ./startup/startup_lpc804.o
CTIMER_Deinit                                     ./drivers/fsl_ctimer.o
                                                  ./component/timer/fsl_adapter_ctimer.o
CTIMER_GetDefaultConfig                           ./drivers/fsl_ctimer.o
                                                  ./component/timer/fsl_adapter_ctimer.o
CTIMER_GetOutputMatchStatus                       ./drivers/fsl_ctimer.o
CTIMER_Init                                       ./drivers/fsl_ctimer.o
                                                  ./component/timer/fsl_adapter_ctimer.o
CTIMER_RegisterCallBack                           ./drivers/fsl_ctimer.o
                                                  ./component/timer/fsl_adapter_ctimer.o
CTIMER_SetupCapture                               ./drivers/fsl_ctimer.o
CTIMER_SetupMatch                                 ./drivers/fsl_ctimer.o
                                                  ./component/timer/fsl_adapter_ctimer.o
CTIMER_SetupPwm                                   ./drivers/fsl_ctimer.o
CTIMER_SetupPwmPeriod                             ./drivers/fsl_ctimer.o
CTIMER_UpdatePwmDutycycle                         ./drivers/fsl_ctimer.o
DAC0_DriverIRQHandler                             ./startup/startup_lpc804.o
DAC0_IRQHandler                                   ./startup/startup_lpc804.o
DbgConsole_Deinit                                 ./utilities/fsl_debug_console.o
DbgConsole_Getchar                                ./utilities/fsl_debug_console.o
DbgConsole_Init                                   ./utilities/fsl_debug_console.o
                                                  ./board/board.o
DbgConsole_Printf                                 ./utilities/fsl_debug_console.o
                                                  ./source/test2.o
                                                  ./utilities/fsl_assert.o
DbgConsole_Putchar                                ./utilities/fsl_debug_console.o
DbgConsole_Scanf                                  ./utilities/fsl_debug_console.o
DbgConsole_Vprintf                                ./utilities/fsl_debug_console.o
DisableDeepSleepIRQ                               ./drivers/fsl_power.o
EnableDeepSleepIRQ                                ./drivers/fsl_power.o
ExtClockIn                                        ./board/board.o
FLASH_DriverIRQHandler                            ./startup/startup_lpc804.o
FLASH_IRQHandler                                  ./startup/startup_lpc804.o
GPIO_PinInit                                      ./drivers/fsl_gpio.o
GPIO_PortInit                                     ./drivers/fsl_gpio.o
HAL_TimerDeinit                                   ./component/timer/fsl_adapter_ctimer.o
HAL_TimerDisable                                  ./component/timer/fsl_adapter_ctimer.o
HAL_TimerEnable                                   ./component/timer/fsl_adapter_ctimer.o
HAL_TimerEnterLowpower                            ./component/timer/fsl_adapter_ctimer.o
HAL_TimerExitLowpower                             ./component/timer/fsl_adapter_ctimer.o
HAL_TimerGetCurrentTimerCount                     ./component/timer/fsl_adapter_ctimer.o
HAL_TimerGetMaxTimeout                            ./component/timer/fsl_adapter_ctimer.o
HAL_TimerInit                                     ./component/timer/fsl_adapter_ctimer.o
HAL_TimerInstallCallback                          ./component/timer/fsl_adapter_ctimer.o
HAL_TimerUpdateTimeout                            ./component/timer/fsl_adapter_ctimer.o
HAL_UartDeinit                                    ./component/uart/fsl_adapter_miniusart.o
                                                  ./utilities/fsl_debug_console.o
HAL_UartEnterLowpower                             ./component/uart/fsl_adapter_miniusart.o
HAL_UartExitLowpower                              ./component/uart/fsl_adapter_miniusart.o
HAL_UartInit                                      ./component/uart/fsl_adapter_miniusart.o
                                                  ./utilities/fsl_debug_console.o
HAL_UartReceiveBlocking                           ./component/uart/fsl_adapter_miniusart.o
                                                  ./utilities/fsl_debug_console.o
HAL_UartSendBlocking                              ./component/uart/fsl_adapter_miniusart.o
                                                  ./utilities/fsl_debug_console.o
HardFault_Handler                                 ./source/semihost_hardfault.o
                                                  ./startup/startup_lpc804.o
I2C0_DriverIRQHandler                             ./startup/startup_lpc804.o
I2C0_IRQHandler                                   ./startup/startup_lpc804.o
I2C1_DriverIRQHandler                             ./startup/startup_lpc804.o
I2C1_IRQHandler                                   ./startup/startup_lpc804.o
IntDefaultHandler                                 ./startup/startup_lpc804.o
MRT0_DriverIRQHandler                             ./startup/startup_lpc804.o
MRT0_IRQHandler                                   ./startup/startup_lpc804.o
NMI_Handler                                       ./startup/startup_lpc804.o
PIN_INT0_DriverIRQHandler                         ./startup/startup_lpc804.o
PIN_INT0_IRQHandler                               ./startup/startup_lpc804.o
PIN_INT1_DriverIRQHandler                         ./startup/startup_lpc804.o
PIN_INT1_IRQHandler                               ./startup/startup_lpc804.o
PIN_INT2_DriverIRQHandler                         ./startup/startup_lpc804.o
PIN_INT2_IRQHandler                               ./startup/startup_lpc804.o
PIN_INT3_DriverIRQHandler                         ./startup/startup_lpc804.o
PIN_INT3_IRQHandler                               ./startup/startup_lpc804.o
PIN_INT4_DriverIRQHandler                         ./startup/startup_lpc804.o
PIN_INT4_IRQHandler                               ./startup/startup_lpc804.o
PIN_INT5_DriverIRQHandler                         ./startup/startup_lpc804.o
PIN_INT5_IRQHandler                               ./startup/startup_lpc804.o
PIN_INT6_DriverIRQHandler                         ./startup/startup_lpc804.o
PIN_INT6_IRQHandler                               ./startup/startup_lpc804.o
PIN_INT7_DriverIRQHandler                         ./startup/startup_lpc804.o
PIN_INT7_IRQHandler                               ./startup/startup_lpc804.o
POWER_EnterDeepPowerDownMode                      ./drivers/fsl_power.o
POWER_EnterDeepSleep                              ./drivers/fsl_power.o
POWER_EnterPowerDown                              ./drivers/fsl_power.o
POWER_EnterSleep                                  ./drivers/fsl_power.o
PendSV_Handler                                    ./startup/startup_lpc804.o
RESET_PeripheralReset                             ./drivers/fsl_reset.o
                                                  ./board/board.o
                                                  ./drivers/fsl_usart.o
                                                  ./drivers/fsl_gpio.o
                                                  ./drivers/fsl_ctimer.o
Reserved17_DriverIRQHandler                       ./startup/startup_lpc804.o
Reserved17_IRQHandler                             ./startup/startup_lpc804.o
Reserved21_DriverIRQHandler                       ./startup/startup_lpc804.o
Reserved21_IRQHandler                             ./startup/startup_lpc804.o
Reserved22_DriverIRQHandler                       ./startup/startup_lpc804.o
Reserved22_IRQHandler                             ./startup/startup_lpc804.o
Reserved25_DriverIRQHandler                       ./startup/startup_lpc804.o
Reserved25_IRQHandler                             ./startup/startup_lpc804.o
Reserved36_DriverIRQHandler                       ./startup/startup_lpc804.o
Reserved36_IRQHandler                             ./startup/startup_lpc804.o
Reserved37_DriverIRQHandler                       ./startup/startup_lpc804.o
Reserved37_IRQHandler                             ./startup/startup_lpc804.o
Reserved38_DriverIRQHandler                       ./startup/startup_lpc804.o
Reserved38_IRQHandler                             ./startup/startup_lpc804.o
ResetISR                                          ./startup/startup_lpc804.o
SDK_DelayAtLeastUs                                ./drivers/fsl_common_arm.o
SDK_Free                                          ./drivers/fsl_common.o
SDK_Malloc                                        ./drivers/fsl_common.o
SPI0_DriverIRQHandler                             ./startup/startup_lpc804.o
SPI0_IRQHandler                                   ./startup/startup_lpc804.o
SVC_Handler                                       ./startup/startup_lpc804.o
SWM_SetFixedMovablePinSelect                      ./drivers/fsl_swm.o
SWM_SetFixedPinSelect                             ./drivers/fsl_swm.o
                                                  ./board/pin_mux.o
SWM_SetMovablePinSelect                           ./drivers/fsl_swm.o
                                                  ./board/pin_mux.o
SYSCON_AttachSignal                               ./drivers/fsl_syscon.o
StrFormatPrintf                                   ./utilities/fsl_str.o
StrFormatScanf                                    ./utilities/fsl_str.o
                                                  ./utilities/fsl_debug_console.o
SysTick_Handler                                   ./startup/startup_lpc804.o
SystemCoreClock                                   ./device/system_LPC804.o
                                                  ./board/clock_config.o
SystemCoreClockUpdate                             ./device/system_LPC804.o
SystemInit                                        ./device/system_LPC804.o
                                                  ./startup/startup_lpc804.o
SystemInitHook                                    ./device/system_LPC804.o
USART0_DriverIRQHandler                           ./drivers/fsl_usart.o
                                                  ./startup/startup_lpc804.o
USART0_IRQHandler                                 ./startup/startup_lpc804.o
USART1_DriverIRQHandler                           ./drivers/fsl_usart.o
                                                  ./startup/startup_lpc804.o
USART1_IRQHandler                                 ./startup/startup_lpc804.o
USART_Deinit                                      ./drivers/fsl_usart.o
                                                  ./component/uart/fsl_adapter_miniusart.o
USART_GetDefaultConfig                            ./drivers/fsl_usart.o
                                                  ./component/uart/fsl_adapter_miniusart.o
USART_GetInstance                                 ./drivers/fsl_usart.o
USART_Init                                        ./drivers/fsl_usart.o
                                                  ./component/uart/fsl_adapter_miniusart.o
USART_ReadBlocking                                ./drivers/fsl_usart.o
                                                  ./component/uart/fsl_adapter_miniusart.o
USART_SetBaudRate                                 ./drivers/fsl_usart.o
USART_TransferAbortReceive                        ./drivers/fsl_usart.o
USART_TransferAbortSend                           ./drivers/fsl_usart.o
USART_TransferCreateHandle                        ./drivers/fsl_usart.o
USART_TransferGetReceiveCount                     ./drivers/fsl_usart.o
USART_TransferGetRxRingBufferLength               ./drivers/fsl_usart.o
USART_TransferGetSendCount                        ./drivers/fsl_usart.o
USART_TransferHandleIRQ                           ./drivers/fsl_usart.o
USART_TransferReceiveNonBlocking                  ./drivers/fsl_usart.o
USART_TransferSendNonBlocking                     ./drivers/fsl_usart.o
USART_TransferStartRingBuffer                     ./drivers/fsl_usart.o
USART_TransferStopRingBuffer                      ./drivers/fsl_usart.o
USART_WriteBlocking                               ./drivers/fsl_usart.o
                                                  ./component/uart/fsl_adapter_miniusart.o
WDT_DriverIRQHandler                              ./startup/startup_lpc804.o
WDT_IRQHandler                                    ./startup/startup_lpc804.o
WKT_DriverIRQHandler                              ./startup/startup_lpc804.o
WKT_IRQHandler                                    ./startup/startup_lpc804.o
_Csys_alloc                                       c:/nxp/mcuxpressoide_11.8.0_1165/ide/plugins/com.nxp.mcuxpresso.tools.win32_11.8.0.202306131047/tools/bin/../lib/gcc/arm-none-eabi/12.2.1/../../../../arm-none-eabi/lib/thumb/v6-m/nofp\libcr_c.a(alloc.o)
                                                  c:/nxp/mcuxpressoide_11.8.0_1165/ide/plugins/com.nxp.mcuxpresso.tools.win32_11.8.0.202306131047/tools/bin/../lib/gcc/arm-none-eabi/12.2.1/../../../../arm-none-eabi/lib/thumb/v6-m/nofp\libcr_c.a(_deferredlazyseek.o)
                                                  c:/nxp/mcuxpressoide_11.8.0_1165/ide/plugins/com.nxp.mcuxpresso.tools.win32_11.8.0.202306131047/tools/bin/../lib/gcc/arm-none-eabi/12.2.1/../../../../arm-none-eabi/lib/thumb/v6-m/nofp\libcr_c.a(__fillbuf.o)
_Csys_read_                                       c:/nxp/mcuxpressoide_11.8.0_1165/ide/plugins/com.nxp.mcuxpresso.tools.win32_11.8.0.202306131047/tools/bin/../lib/gcc/arm-none-eabi/12.2.1/../../../../arm-none-eabi/lib/thumb/v6-m/nofp\libcr_c.a(__fillbuf.o)
_Cwritebuf                                        c:/nxp/mcuxpressoide_11.8.0_1165/ide/plugins/com.nxp.mcuxpresso.tools.win32_11.8.0.202306131047/tools/bin/../lib/gcc/arm-none-eabi/12.2.1/../../../../arm-none-eabi/lib/thumb/v6-m/nofp\libcr_c.a(_writebuf.o)
                                                  c:/nxp/mcuxpressoide_11.8.0_1165/ide/plugins/com.nxp.mcuxpresso.tools.win32_11.8.0.202306131047/tools/bin/../lib/gcc/arm-none-eabi/12.2.1/../../../../arm-none-eabi/lib/thumb/v6-m/nofp\libcr_c.a(_fflush.o)
                                                  c:/nxp/mcuxpressoide_11.8.0_1165/ide/plugins/com.nxp.mcuxpresso.tools.win32_11.8.0.202306131047/tools/bin/../lib/gcc/arm-none-eabi/12.2.1/../../../../arm-none-eabi/lib/thumb/v6-m/nofp\libcr_c.a(_deferredlazyseek.o)
__Ciob                                            c:/nxp/mcuxpressoide_11.8.0_1165/ide/plugins/com.nxp.mcuxpresso.tools.win32_11.8.0.202306131047/tools/bin/../lib/gcc/arm-none-eabi/12.2.1/../../../../arm-none-eabi/lib/thumb/v6-m/nofp\libcr_nohost_nf.a(__ciob.o)
                                                  c:/nxp/mcuxpressoide_11.8.0_1165/ide/plugins/com.nxp.mcuxpresso.tools.win32_11.8.0.202306131047/tools/bin/../lib/gcc/arm-none-eabi/12.2.1/../../../../arm-none-eabi/lib/thumb/v6-m/nofp\libcr_c.a(fflush.o)
                                                  c:/nxp/mcuxpressoide_11.8.0_1165/ide/plugins/com.nxp.mcuxpresso.tools.win32_11.8.0.202306131047/tools/bin/../lib/gcc/arm-none-eabi/12.2.1/../../../../arm-none-eabi/lib/thumb/v6-m/nofp\libcr_c.a(scanf.o)