E:\VIIT Projects\AEL\8th Presentation\AEL Code\AEL_Company_File\AEL_Company_File\LPC code\display key adc code code\final ADC vrms and dispaly\new\lpcxpresso804_ctimer_match_interrupt_example\drivers/fsl_clock.h:390:20:CLOCK_Select	16	static
E:\VIIT Projects\AEL\8th Presentation\AEL Code\AEL_Company_File\AEL_Company_File\LPC code\display key adc code code\final ADC vrms and dispaly\new\lpcxpresso804_ctimer_match_interrupt_example\drivers/fsl_ctimer.h:497:20:CTIMER_StartTimer	16	static
../source/test.c:24:6:myFunction	8	static
../source/test.c:29:6:ctimer_match1_callback	16	static
../source/test.c:35:6:ctimer_match0_callback	16	static
../source/test.c:42:5:main	24	static
