../startup/startup_lpc804.c:249:6:data_init	8	static
../startup/startup_lpc804.c:258:6:bss_init	0	static
../startup/startup_lpc804.c:283:6:ResetISR	0	static
../startup/startup_lpc804.c:368:14:NMI_Handler	0	static
../startup/startup_lpc804.c:372:14:HardFault_Handler	0	static
../startup/startup_lpc804.c:376:14:SVC_Handler	0	static
../startup/startup_lpc804.c:380:14:PendSV_Handler	0	static
../startup/startup_lpc804.c:384:14:SysTick_Handler	0	static
../startup/startup_lpc804.c:392:14:IntDefaultHandler	0	static
../startup/startup_lpc804.c:402:14:SPI0_IRQHandler	8	static
../startup/startup_lpc804.c:406:14:Reserved17_IRQHandler	8	static
../startup/startup_lpc804.c:410:14:DAC0_IRQHandler	8	static
../startup/startup_lpc804.c:414:14:USART0_IRQHandler	8	static
../startup/startup_lpc804.c:418:14:USART1_IRQHandler	8	static
../startup/startup_lpc804.c:422:14:Reserved21_IRQHandler	8	static
../startup/startup_lpc804.c:426:14:Reserved22_IRQHandler	8	static
../startup/startup_lpc804.c:430:14:I2C1_IRQHandler	8	static
../startup/startup_lpc804.c:434:14:I2C0_IRQHandler	8	static
../startup/startup_lpc804.c:438:14:Reserved25_IRQHandler	8	static
../startup/startup_lpc804.c:442:14:MRT0_IRQHandler	8	static
../startup/startup_lpc804.c:446:14:CMP_CAPT_IRQHandler	8	static
../startup/startup_lpc804.c:450:14:WDT_IRQHandler	8	static
../startup/startup_lpc804.c:454:14:BOD_IRQHandler	8	static
../startup/startup_lpc804.c:458:14:FLASH_IRQHandler	8	static
../startup/startup_lpc804.c:462:14:WKT_IRQHandler	8	static
../startup/startup_lpc804.c:466:14:ADC_SEQA_IRQHandler	8	static
../startup/startup_lpc804.c:470:14:ADC_SEQB_IRQHandler	8	static
../startup/startup_lpc804.c:474:14:ADC_THCMP_IRQHandler	8	static
../startup/startup_lpc804.c:478:14:ADC_OVR_IRQHandler	8	static
../startup/startup_lpc804.c:482:14:Reserved36_IRQHandler	8	static
../startup/startup_lpc804.c:486:14:Reserved37_IRQHandler	8	static
../startup/startup_lpc804.c:490:14:Reserved38_IRQHandler	8	static
../startup/startup_lpc804.c:494:14:CTIMER0_IRQHandler	8	static
../startup/startup_lpc804.c:498:14:PIN_INT0_IRQHandler	8	static
../startup/startup_lpc804.c:502:14:PIN_INT1_IRQHandler	8	static
../startup/startup_lpc804.c:506:14:PIN_INT2_IRQHandler	8	static
../startup/startup_lpc804.c:510:14:PIN_INT3_IRQHandler	8	static
../startup/startup_lpc804.c:514:14:PIN_INT4_IRQHandler	8	static
../startup/startup_lpc804.c:518:14:PIN_INT5_IRQHandler	8	static
../startup/startup_lpc804.c:522:14:PIN_INT6_IRQHandler	8	static
../startup/startup_lpc804.c:526:14:PIN_INT7_IRQHandler	8	static
