11:37:04 **** Incremental Build of configuration Debug for project lpcxpresso804_ctimer_match_interrupt_example ****
make -r -j8 all 
make[1]: Nothing to be done for 'main-build'.
Performing post-build steps
arm-none-eabi-size "lpcxpresso804_ctimer_match_interrupt_example.axf"; # arm-none-eabi-objcopy -v -O binary "lpcxpresso804_ctimer_match_interrupt_example.axf" "lpcxpresso804_ctimer_match_interrupt_example.bin" ; # checksum -p LPC804 -d "lpcxpresso804_ctimer_match_interrupt_example.bin";
   text	   data	    bss	    dec	    hex	filename
  11300	     40	    752	  12092	   2f3c	lpcxpresso804_ctimer_match_interrupt_example.axf
 

11:37:05 Build Finished. 0 errors, 0 warnings. (took 201ms)

